Archive member included to satisfy reference by file (symbol)

c:/tools/gcc-arm-none-eabi-10.3-2021.10/bin/../lib/gcc/arm-none-eabi/10.3.1/thumb/v6-m/nofp\libgcc.a(_dvmd_tls.o)
                              CMakeFiles/pico_exam.dir/D_/vscode_ws/pico/pico-sdk/src/rp2_common/pico_divider/divider.S.obj (__aeabi_idiv0)
c:/tools/gcc-arm-none-eabi-10.3-2021.10/bin/../lib/gcc/arm-none-eabi/10.3.1/../../../../arm-none-eabi/lib/thumb/v6-m/nofp\libc.a(lib_a-calloc.o)
                              CMakeFiles/pico_exam.dir/D_/vscode_ws/pico/pico-sdk/src/rp2_common/pico_malloc/pico_malloc.c.obj (calloc)
c:/tools/gcc-arm-none-eabi-10.3-2021.10/bin/../lib/gcc/arm-none-eabi/10.3.1/../../../../arm-none-eabi/lib/thumb/v6-m/nofp\libc.a(lib_a-callocr.o)
                              c:/tools/gcc-arm-none-eabi-10.3-2021.10/bin/../lib/gcc/arm-none-eabi/10.3.1/../../../../arm-none-eabi/lib/thumb/v6-m/nofp\libc.a(lib_a-calloc.o) (_calloc_r)
c:/tools/gcc-arm-none-eabi-10.3-2021.10/bin/../lib/gcc/arm-none-eabi/10.3.1/../../../../arm-none-eabi/lib/thumb/v6-m/nofp\libc.a(lib_a-errno.o)
                              c:/tools/gcc-arm-none-eabi-10.3-2021.10/bin/../lib/gcc/arm-none-eabi/10.3.1/../../../../arm-none-eabi/lib/thumb/v6-m/nofp\libc.a(lib_a-callocr.o) (__errno)
c:/tools/gcc-arm-none-eabi-10.3-2021.10/bin/../lib/gcc/arm-none-eabi/10.3.1/../../../../arm-none-eabi/lib/thumb/v6-m/nofp\libc.a(lib_a-impure.o)
                              c:/tools/gcc-arm-none-eabi-10.3-2021.10/bin/../lib/gcc/arm-none-eabi/10.3.1/../../../../arm-none-eabi/lib/thumb/v6-m/nofp\libc.a(lib_a-calloc.o) (_impure_ptr)
c:/tools/gcc-arm-none-eabi-10.3-2021.10/bin/../lib/gcc/arm-none-eabi/10.3.1/../../../../arm-none-eabi/lib/thumb/v6-m/nofp\libc.a(lib_a-init.o)
                              c:/tools/gcc-arm-none-eabi-10.3-2021.10/bin/../lib/gcc/arm-none-eabi/10.3.1/../../../../arm-none-eabi/lib/thumb/v6-m/nofp/crt0.o (__libc_init_array)
c:/tools/gcc-arm-none-eabi-10.3-2021.10/bin/../lib/gcc/arm-none-eabi/10.3.1/../../../../arm-none-eabi/lib/thumb/v6-m/nofp\libc.a(lib_a-malloc.o)
                              CMakeFiles/pico_exam.dir/D_/vscode_ws/pico/pico-sdk/src/rp2_common/pico_malloc/pico_malloc.c.obj (malloc)
c:/tools/gcc-arm-none-eabi-10.3-2021.10/bin/../lib/gcc/arm-none-eabi/10.3.1/../../../../arm-none-eabi/lib/thumb/v6-m/nofp\libc.a(lib_a-mallocr.o)
                              c:/tools/gcc-arm-none-eabi-10.3-2021.10/bin/../lib/gcc/arm-none-eabi/10.3.1/../../../../arm-none-eabi/lib/thumb/v6-m/nofp\libc.a(lib_a-callocr.o) (_malloc_r)
c:/tools/gcc-arm-none-eabi-10.3-2021.10/bin/../lib/gcc/arm-none-eabi/10.3.1/../../../../arm-none-eabi/lib/thumb/v6-m/nofp\libc.a(lib_a-memmove.o)
                              CMakeFiles/pico_exam.dir/hw/driver/cli.c.obj (memmove)
c:/tools/gcc-arm-none-eabi-10.3-2021.10/bin/../lib/gcc/arm-none-eabi/10.3.1/../../../../arm-none-eabi/lib/thumb/v6-m/nofp\libc.a(lib_a-mlock.o)
                              c:/tools/gcc-arm-none-eabi-10.3-2021.10/bin/../lib/gcc/arm-none-eabi/10.3.1/../../../../arm-none-eabi/lib/thumb/v6-m/nofp\libc.a(lib_a-mallocr.o) (__malloc_lock)
c:/tools/gcc-arm-none-eabi-10.3-2021.10/bin/../lib/gcc/arm-none-eabi/10.3.1/../../../../arm-none-eabi/lib/thumb/v6-m/nofp\libc.a(lib_a-sbrkr.o)
                              c:/tools/gcc-arm-none-eabi-10.3-2021.10/bin/../lib/gcc/arm-none-eabi/10.3.1/../../../../arm-none-eabi/lib/thumb/v6-m/nofp\libc.a(lib_a-mallocr.o) (_sbrk_r)
c:/tools/gcc-arm-none-eabi-10.3-2021.10/bin/../lib/gcc/arm-none-eabi/10.3.1/../../../../arm-none-eabi/lib/thumb/v6-m/nofp\libc.a(lib_a-strcmp.o)
                              CMakeFiles/pico_exam.dir/hw/driver/cli.c.obj (strcmp)
c:/tools/gcc-arm-none-eabi-10.3-2021.10/bin/../lib/gcc/arm-none-eabi/10.3.1/../../../../arm-none-eabi/lib/thumb/v6-m/nofp\libc.a(lib_a-strcpy.o)
                              CMakeFiles/pico_exam.dir/hw/driver/cli.c.obj (strcpy)
c:/tools/gcc-arm-none-eabi-10.3-2021.10/bin/../lib/gcc/arm-none-eabi/10.3.1/../../../../arm-none-eabi/lib/thumb/v6-m/nofp\libc.a(lib_a-strlen-stub.o)
                              CMakeFiles/pico_exam.dir/D_/vscode_ws/pico/pico-sdk/src/rp2_common/pico_stdio/stdio.c.obj (strlen)
c:/tools/gcc-arm-none-eabi-10.3-2021.10/bin/../lib/gcc/arm-none-eabi/10.3.1/../../../../arm-none-eabi/lib/thumb/v6-m/nofp\libc.a(lib_a-strtod.o)
                              CMakeFiles/pico_exam.dir/hw/driver/cli.c.obj (strtof)
c:/tools/gcc-arm-none-eabi-10.3-2021.10/bin/../lib/gcc/arm-none-eabi/10.3.1/../../../../arm-none-eabi/lib/thumb/v6-m/nofp\libc.a(lib_a-strtok_r.o)
                              CMakeFiles/pico_exam.dir/hw/driver/cli.c.obj (strtok_r)
c:/tools/gcc-arm-none-eabi-10.3-2021.10/bin/../lib/gcc/arm-none-eabi/10.3.1/../../../../arm-none-eabi/lib/thumb/v6-m/nofp\libc.a(lib_a-strtoul.o)
                              CMakeFiles/pico_exam.dir/hw/driver/cli.c.obj (strtoul)
[...]
Memory Configuration

Name             Origin             Length             Attributes
FLASH            0x10000000         0x00200000         xr
RAM              0x20000000         0x00040000         xrw
SCRATCH_X        0x20040000         0x00001000         xrw
SCRATCH_Y        0x20041000         0x00001000         xrw
*default*        0x00000000         0xffffffff

Linker script and memory map

LOAD c:/tools/gcc-arm-none-eabi-10.3-2021.10/bin/../lib/gcc/arm-none-eabi/10.3.1/thumb/v6-m/nofp/crti.o
LOAD c:/tools/gcc-arm-none-eabi-10.3-2021.10/bin/../lib/gcc/arm-none-eabi/10.3.1/thumb/v6-m/nofp/crtbegin.o
LOAD c:/tools/gcc-arm-none-eabi-10.3-2021.10/bin/../lib/gcc/arm-none-eabi/10.3.1/../../../../arm-none-eabi/lib/thumb/v6-m/nofp/crt0.o

.flash_begin    0x10000000        0x0
                0x10000000                __flash_binary_start = .

.boot2          0x10000000      0x100
                0x10000000                __boot2_start__ = .
 *(.boot2)
 .boot2         0x10000000      0x100 C:\Users\gns2l\AppData\Local\Temp\ccWjaDpv.o
                0x10000100                __boot2_end__ = .
                0x00000001                ASSERT (((__boot2_end__ - __boot2_start__) == 0x100), ERROR: Pico second stage bootloader must be 256 bytes in size)

.text           0x10000100     0xe370
                0x10000100                __logical_binary_start = .
 *(.vectors)
 .vectors       0x10000100       0xd4 CMakeFiles/pico_exam.dir/D_/vscode_ws/pico/pico-sdk/src/rp2_common/pico_standard_link/crt0.S.obj
                0x10000100                __VECTOR_TABLE
                0x10000100                __vectors
                0x100001c0                isr_invalid
                0x100001c0                __default_isrs_start
                0x100001c2                isr_nmi
                0x100001c4                isr_hardfault
                0x100001c6                isr_svcall
                0x100001c8                isr_pendsv
                0x100001ca                isr_systick
                0x100001cc                isr_irq23
                0x100001cc                isr_irq18
                0x100001cc                isr_irq11
                0x100001cc                isr_irq28
                0x100001cc                isr_irq19
                0x100001cc                isr_irq0
                0x100001cc                isr_irq6
                0x100001cc                isr_irq5
                0x100001cc                isr_irq12
                0x100001cc                isr_irq22
                0x100001cc                isr_irq31
                0x100001cc                isr_irq17
                0x100001cc                isr_irq27
                0x100001cc                isr_irq30
                0x100001cc                isr_irq2
                0x100001cc                isr_irq10
                0x100001cc                isr_irq8
                0x100001cc                isr_irq24
                0x100001cc                isr_irq1
                0x100001cc                isr_irq7
                0x100001cc                isr_irq21
                0x100001cc                isr_irq20
                0x100001cc                isr_irq15
                0x100001cc                isr_irq25
                0x100001cc                isr_irq13
                0x100001cc                __unhandled_user_irq
                0x100001cc                isr_irq4
                0x100001cc                isr_irq16
                0x100001cc                isr_irq29
                0x100001cc                isr_irq26
                0x100001cc                __default_isrs_end
                0x100001cc                isr_irq3
                0x100001cc                isr_irq14
                0x100001cc                isr_irq9
                0x100001d2                unhandled_user_irq_num_in_r0
 *(.binary_info_header)
 .binary_info_header
                0x100001d4       0x14 CMakeFiles/pico_exam.dir/D_/vscode_ws/pico/pico-sdk/src/rp2_common/pico_standard_link/crt0.S.obj
                0x100001e8                __binary_info_header_end = .
 *(.reset)
 .reset         0x100001e8       0xa8 CMakeFiles/pico_exam.dir/D_/vscode_ws/pico/pico-sdk/src/rp2_common/pico_standard_link/crt0.S.obj
                0x100001e8                _entry_point
                0x10000266                __get_current_exception
 .reset         0x10000290       0x30 CMakeFiles/pico_exam.dir/D_/vscode_ws/pico/pico-sdk/src/rp2_common/pico_standard_link/binary_info.c.obj
 *(.init)
 .init          0x100002c0        0x4 c:/tools/gcc-arm-none-eabi-10.3-2021.10/bin/../lib/gcc/arm-none-eabi/10.3.1/thumb/v6-m/nofp/crti.o
                0x100002c0                _init
 *(EXCLUDE_FILE(*libm.a: *libc.a:*lib_a-mem*.o *libgcc.a:) .text*)
 .text          0x100002c4       0x48 c:/tools/gcc-arm-none-eabi-10.3-2021.10/bin/../lib/gcc/arm-none-eabi/10.3.1/thumb/v6-m/nofp/crtbegin.o
 .text.startup.main
                0x1000030c       0x14 CMakeFiles/pico_exam.dir/main.cpp.obj
                0x1000030c                main
 .text._Z6apInitv
                0x10000320       0x20 CMakeFiles/pico_exam.dir/ap/ap.cpp.obj
                0x10000320                apInit()
 .text._Z6apMainv
                0x10000340       0x24 CMakeFiles/pico_exam.dir/ap/ap.cpp.obj
                0x10000340                apMain()
 .text.bspInit  0x10000364        0xc CMakeFiles/pico_exam.dir/bsp/bsp.c.obj
                0x10000364                bspInit
 .text.delay    0x10000370        0x8 CMakeFiles/pico_exam.dir/bsp/bsp.c.obj
                0x10000370                delay
 .text.millis   0x10000378       0x20 CMakeFiles/pico_exam.dir/bsp/bsp.c.obj
                0x10000378                millis
 .text.qbufferCreateBySize
                0x10000398       0x14 CMakeFiles/pico_exam.dir/common/core/qbuffer.c.obj
                0x10000398                qbufferCreateBySize
 .text.qbufferWrite
                0x100003ac       0x68 CMakeFiles/pico_exam.dir/common/core/qbuffer.c.obj
                0x100003ac                qbufferWrite
 .text.qbufferRead
                0x10000414       0x8c CMakeFiles/pico_exam.dir/common/core/qbuffer.c.obj
                0x10000414                qbufferRead
 .text.qbufferPeekWrite
                0x100004a0        0xc CMakeFiles/pico_exam.dir/common/core/qbuffer.c.obj
                0x100004a0                qbufferPeekWrite
 .text.qbufferAvailable
                0x100004ac       0x14 CMakeFiles/pico_exam.dir/common/core/qbuffer.c.obj
                0x100004ac                qbufferAvailable
 .text.hwInit   0x100004c0       0xd8 CMakeFiles/pico_exam.dir/hw/hw.c.obj
                0x100004c0                hwInit
 .text.ledInit  0x10000598       0x18 CMakeFiles/pico_exam.dir/hw/driver/led.c.obj
                0x10000598                ledInit
 .text.ledToggle
                0x100005b0       0x10 CMakeFiles/pico_exam.dir/hw/driver/led.c.obj
                0x100005b0                ledToggle
 .text.uartInit
                0x100005c0       0x14 CMakeFiles/pico_exam.dir/hw/driver/uart.c.obj
                0x100005c0                uartInit
 .text.uartOpen
                0x100005d4       0x1c CMakeFiles/pico_exam.dir/hw/driver/uart.c.obj
                0x100005d4                uartOpen
 .text.uartAvailable
                0x100005f0       0x14 CMakeFiles/pico_exam.dir/hw/driver/uart.c.obj
                0x100005f0                uartAvailable
 .text.uartRead
                0x10000604       0x28 CMakeFiles/pico_exam.dir/hw/driver/uart.c.obj
                0x10000604                uartRead
 .text.uartWrite
                0x1000062c       0x1c CMakeFiles/pico_exam.dir/hw/driver/uart.c.obj
                0x1000062c                uartWrite
 .text.uartPrintf
                0x10000648       0x38 CMakeFiles/pico_exam.dir/hw/driver/uart.c.obj
                0x10000648                uartPrintf
 .text.cliArgsGetStr
                0x10000680       0x24 CMakeFiles/pico_exam.dir/hw/driver/cli.c.obj
 .text.cliArgsIsStr
                0x100006a4       0x34 CMakeFiles/pico_exam.dir/hw/driver/cli.c.obj
 .text.cliArgsGetFloat
                0x100006d8       0x2c CMakeFiles/pico_exam.dir/hw/driver/cli.c.obj
 .text.cliArgsGetData
                0x10000704       0x2c CMakeFiles/pico_exam.dir/hw/driver/cli.c.obj
 .text.cliShowLog.part.0
                0x10000730       0xc8 CMakeFiles/pico_exam.dir/hw/driver/cli.c.obj
 .text.cliInit  0x100007f8      0x398 CMakeFiles/pico_exam.dir/hw/driver/cli.c.obj
                0x100007f8                cliInit
 .text.cliOpen  0x10000b90       0x14 CMakeFiles/pico_exam.dir/hw/driver/cli.c.obj
                0x10000b90                cliOpen
 .text.cliAvailable
                0x10000ba4       0x10 CMakeFiles/pico_exam.dir/hw/driver/cli.c.obj
                0x10000ba4                cliAvailable
 .text.cliRead  0x10000bb4       0x10 CMakeFiles/pico_exam.dir/hw/driver/cli.c.obj
                0x10000bb4                cliRead
 .text.cliWrite
                0x10000bc4       0x18 CMakeFiles/pico_exam.dir/hw/driver/cli.c.obj
                0x10000bc4                cliWrite
 .text.cliPrintf
                0x10000bdc       0x34 CMakeFiles/pico_exam.dir/hw/driver/cli.c.obj
                0x10000bdc                cliPrintf
 .text.cliShowList
                0x10000c10       0x5c CMakeFiles/pico_exam.dir/hw/driver/cli.c.obj
                0x10000c10                cliShowList
 .text.cliMemoryDump
                0x10000c6c      0x11c CMakeFiles/pico_exam.dir/hw/driver/cli.c.obj
                0x10000c6c                cliMemoryDump
 .text.cliMain  0x10000d88      0x6b8 CMakeFiles/pico_exam.dir/hw/driver/cli.c.obj
                0x10000d88                cliMain
 .text.cliKeepLoop
                0x10001440       0x18 CMakeFiles/pico_exam.dir/hw/driver/cli.c.obj
                0x10001440                cliKeepLoop
 .text.cliAdd   0x10001458      0x198 CMakeFiles/pico_exam.dir/hw/driver/cli.c.obj
                0x10001458                cliAdd
 .text.cliCmd   0x100015f0      0x124 CMakeFiles/pico_exam.dir/hw/driver/log.c.obj
 .text.logInit  0x10001714       0x4c CMakeFiles/pico_exam.dir/hw/driver/log.c.obj
                0x10001714                logInit
 .text.logBoot  0x10001760       0x10 CMakeFiles/pico_exam.dir/hw/driver/log.c.obj
                0x10001760                logBoot
 .text.logOpen  0x10001770       0x1c CMakeFiles/pico_exam.dir/hw/driver/log.c.obj
                0x10001770                logOpen
 .text.logPrintf
                0x1000178c      0x118 CMakeFiles/pico_exam.dir/hw/driver/log.c.obj
                0x1000178c                logPrintf
 .text.cliGpio  0x100018a4      0x1a8 CMakeFiles/pico_exam.dir/hw/driver/gpio.c.obj
 .text.gpioInit
                0x10001a4c       0xb4 CMakeFiles/pico_exam.dir/hw/driver/gpio.c.obj
                0x10001a4c                gpioInit
 .text.gpioPinWrite
                0x10001b00       0x3c CMakeFiles/pico_exam.dir/hw/driver/gpio.c.obj
                0x10001b00                gpioPinWrite
 .text.spiInit  0x10001b3c       0x14 CMakeFiles/pico_exam.dir/hw/driver/spi.c.obj
                0x10001b3c                spiInit
 .text.spiBegin
                0x10001b50       0x44 CMakeFiles/pico_exam.dir/hw/driver/spi.c.obj
                0x10001b50                spiBegin
 .text.spiTransfer
                0x10001b94      0x19c CMakeFiles/pico_exam.dir/hw/driver/spi.c.obj
                0x10001b94                spiTransfer
 .text.spiAttachTxInterrupt
                0x10001d30       0x18 CMakeFiles/pico_exam.dir/hw/driver/spi.c.obj
                0x10001d30                spiAttachTxInterrupt
 .text.TransferDoneISR
                0x10001d48        0x4 CMakeFiles/pico_exam.dir/hw/driver/mcp2515.c.obj
 .text.mcp2515SetMode.constprop.0.isra.0
                0x10001d4c       0xb4 CMakeFiles/pico_exam.dir/hw/driver/mcp2515.c.obj
 .text.mcp2515SetMode
                0x10001e00      0x120 CMakeFiles/pico_exam.dir/hw/driver/mcp2515.c.obj
                0x10001e00                mcp2515SetMode
 .text.mcp2515SetBaud
                0x10001f20      0x1c0 CMakeFiles/pico_exam.dir/hw/driver/mcp2515.c.obj
                0x10001f20                mcp2515SetBaud
 .text.mcp2515Init
                0x100020e0      0x344 CMakeFiles/pico_exam.dir/hw/driver/mcp2515.c.obj
                0x100020e0                mcp2515Init
 .text.mcp2515ReadErrorFlags
                0x10002424       0x64 CMakeFiles/pico_exam.dir/hw/driver/mcp2515.c.obj
                0x10002424                mcp2515ReadErrorFlags
 .text.mcp2515SendMsg
                0x10002488      0x218 CMakeFiles/pico_exam.dir/hw/driver/mcp2515.c.obj
                0x10002488                mcp2515SendMsg
 .text.mcp2515ReadMsg
                0x100026a0      0x1a4 CMakeFiles/pico_exam.dir/hw/driver/mcp2515.c.obj
                0x100026a0                mcp2515ReadMsg
 .text.mcp2515GetRxErrCount
                0x10002844       0x64 CMakeFiles/pico_exam.dir/hw/driver/mcp2515.c.obj
                0x10002844                mcp2515GetRxErrCount
 .text.mcp2515GetTxErrCount
                0x100028a8       0x64 CMakeFiles/pico_exam.dir/hw/driver/mcp2515.c.obj
                0x100028a8                mcp2515GetTxErrCount
 .text.mcp2515Info
                0x1000290c      0x490 CMakeFiles/pico_exam.dir/hw/driver/mcp2515.c.obj
                0x1000290c                mcp2515Info
 .text.cliMCP2515
                0x10002d9c     0x1448 CMakeFiles/pico_exam.dir/hw/driver/mcp2515.c.obj
 .text.canInit  0x100041e4       0x44 CMakeFiles/pico_exam.dir/hw/driver/can.c.obj
                0x100041e4                canInit
 .text.canOpen  0x10004228       0x3c CMakeFiles/pico_exam.dir/hw/driver/can.c.obj
                0x10004228                canOpen
 .text.canUpdate
                0x10004264       0xf0 CMakeFiles/pico_exam.dir/hw/driver/can.c.obj
                0x10004264                canUpdate
 .text.cliCan   0x10004354      0x3c8 CMakeFiles/pico_exam.dir/hw/driver/can.c.obj
 .text.gpio_set_function
                0x1000471c       0x30 CMakeFiles/pico_exam.dir/D_/vscode_ws/pico/pico-sdk/src/rp2_common/hardware_gpio/gpio.c.obj
                0x1000471c                gpio_set_function
 .text.gpio_set_pulls
                0x1000474c       0x30 CMakeFiles/pico_exam.dir/D_/vscode_ws/pico/pico-sdk/src/rp2_common/hardware_gpio/gpio.c.obj
                0x1000474c                gpio_set_pulls
 .text.gpio_init
                0x1000477c       0x3c CMakeFiles/pico_exam.dir/D_/vscode_ws/pico/pico-sdk/src/rp2_common/hardware_gpio/gpio.c.obj
                0x1000477c                gpio_init
 .text.hw_claim_or_assert
                0x100047b8       0x44 CMakeFiles/pico_exam.dir/D_/vscode_ws/pico/pico-sdk/src/rp2_common/hardware_claim/claim.c.obj
                0x100047b8                hw_claim_or_assert
 .text.hw_claim_unused_from_range
                0x100047fc       0x9c CMakeFiles/pico_exam.dir/D_/vscode_ws/pico/pico-sdk/src/rp2_common/hardware_claim/claim.c.obj
                0x100047fc                hw_claim_unused_from_range
 .text.running_on_fpga
                0x10004898       0x10 CMakeFiles/pico_exam.dir/D_/vscode_ws/pico/pico-sdk/src/rp2_common/pico_platform/platform.c.obj
                0x10004898                running_on_fpga
 .text.spin_locks_reset
                0x100048a8       0x1c CMakeFiles/pico_exam.dir/D_/vscode_ws/pico/pico-sdk/src/rp2_common/hardware_sync/sync.c.obj
                0x100048a8                spin_locks_reset
 .text.next_striped_spin_lock_num
                0x100048c4       0x18 CMakeFiles/pico_exam.dir/D_/vscode_ws/pico/pico-sdk/src/rp2_common/hardware_sync/sync.c.obj
                0x100048c4                next_striped_spin_lock_num
 .text.spin_lock_claim_unused
                0x100048dc       0x20 CMakeFiles/pico_exam.dir/D_/vscode_ws/pico/pico-sdk/src/rp2_common/hardware_sync/sync.c.obj
                0x100048dc                spin_lock_claim_unused
 .text.timer_pool_entry_comparator
                0x100048fc       0x34 CMakeFiles/pico_exam.dir/D_/vscode_ws/pico/pico-sdk/src/common/pico_time/time.c.obj
                0x100048fc                timer_pool_entry_comparator
 .text.sleep_until_callback
                0x10004930       0x30 CMakeFiles/pico_exam.dir/D_/vscode_ws/pico/pico-sdk/src/common/pico_time/time.c.obj
 .text.add_alarm_under_lock.isra.0
                0x10004960      0x100 CMakeFiles/pico_exam.dir/D_/vscode_ws/pico/pico-sdk/src/common/pico_time/time.c.obj
 .text.alarm_pool_alarm_callback
                0x10004a60      0x1c8 CMakeFiles/pico_exam.dir/D_/vscode_ws/pico/pico-sdk/src/common/pico_time/time.c.obj
 .text.alarm_pool_add_alarm_at.constprop.0
                0x10004c28      0x11c CMakeFiles/pico_exam.dir/D_/vscode_ws/pico/pico-sdk/src/common/pico_time/time.c.obj
 .text.alarm_pool_init_default
                0x10004d44       0x64 CMakeFiles/pico_exam.dir/D_/vscode_ws/pico/pico-sdk/src/common/pico_time/time.c.obj
                0x10004d44                alarm_pool_init_default
 .text.alarm_pool_get_default
                0x10004da8        0x8 CMakeFiles/pico_exam.dir/D_/vscode_ws/pico/pico-sdk/src/common/pico_time/time.c.obj
                0x10004da8                alarm_pool_get_default
 .text.alarm_pool_add_alarm_at
                0x10004db0      0x194 CMakeFiles/pico_exam.dir/D_/vscode_ws/pico/pico-sdk/src/common/pico_time/time.c.obj
                0x10004db0                alarm_pool_add_alarm_at
 .text.sleep_until
                0x10004f44       0xac CMakeFiles/pico_exam.dir/D_/vscode_ws/pico/pico-sdk/src/common/pico_time/time.c.obj
                0x10004f44                sleep_until
 .text.sleep_ms
                0x10004ff0       0x38 CMakeFiles/pico_exam.dir/D_/vscode_ws/pico/pico-sdk/src/common/pico_time/time.c.obj
                0x10004ff0                sleep_ms
 .text.best_effort_wfe_or_timeout
                0x10005028       0xd4 CMakeFiles/pico_exam.dir/D_/vscode_ws/pico/pico-sdk/src/common/pico_time/time.c.obj
                0x10005028                best_effort_wfe_or_timeout
 .text.hardware_alarm_irq_handler
                0x100050fc       0xb8 CMakeFiles/pico_exam.dir/D_/vscode_ws/pico/pico-sdk/src/rp2_common/hardware_timer/timer.c.obj
 .text.hardware_alarm_claim
                0x100051b4       0x18 CMakeFiles/pico_exam.dir/D_/vscode_ws/pico/pico-sdk/src/rp2_common/hardware_timer/timer.c.obj
                0x100051b4                hardware_alarm_claim
 .text.time_us_64
                0x100051cc       0x14 CMakeFiles/pico_exam.dir/D_/vscode_ws/pico/pico-sdk/src/rp2_common/hardware_timer/timer.c.obj
                0x100051cc                time_us_64
 .text.busy_wait_until
                0x100051e0       0x20 CMakeFiles/pico_exam.dir/D_/vscode_ws/pico/pico-sdk/src/rp2_common/hardware_timer/timer.c.obj
                0x100051e0                busy_wait_until
 .text.hardware_alarm_set_callback
                0x10005200       0x8c CMakeFiles/pico_exam.dir/D_/vscode_ws/pico/pico-sdk/src/rp2_common/hardware_timer/timer.c.obj
                0x10005200                hardware_alarm_set_callback
 .text.hardware_alarm_set_target
                0x1000528c       0xe0 CMakeFiles/pico_exam.dir/D_/vscode_ws/pico/pico-sdk/src/rp2_common/hardware_timer/timer.c.obj
                0x1000528c                hardware_alarm_set_target
 .text.hardware_alarm_cancel
                0x1000536c       0x3c CMakeFiles/pico_exam.dir/D_/vscode_ws/pico/pico-sdk/src/rp2_common/hardware_timer/timer.c.obj
                0x1000536c                hardware_alarm_cancel
 .text.lock_init
                0x100053a8       0x10 CMakeFiles/pico_exam.dir/D_/vscode_ws/pico/pico-sdk/src/common/pico_sync/lock_core.c.obj
                0x100053a8                lock_init
 .text.mutex_init
                0x100053b8       0x1c CMakeFiles/pico_exam.dir/D_/vscode_ws/pico/pico-sdk/src/common/pico_sync/mutex.c.obj
                0x100053b8                mutex_init
 .text.recursive_mutex_init
                0x100053d4       0x1c CMakeFiles/pico_exam.dir/D_/vscode_ws/pico/pico-sdk/src/common/pico_sync/mutex.c.obj
                0x100053d4                recursive_mutex_init
 .text.critical_section_init
                0x100053f0       0x20 CMakeFiles/pico_exam.dir/D_/vscode_ws/pico/pico-sdk/src/common/pico_sync/critical_section.c.obj
                0x100053f0                critical_section_init
 .text.ph_merge_nodes
                0x10005410       0x68 CMakeFiles/pico_exam.dir/D_/vscode_ws/pico/pico-sdk/src/common/pico_util/pheap.c.obj
 .text.ph_post_alloc_init
                0x10005478       0x3c CMakeFiles/pico_exam.dir/D_/vscode_ws/pico/pico-sdk/src/common/pico_util/pheap.c.obj
                0x10005478                ph_post_alloc_init
 .text.ph_merge_two_pass
                0x100054b4       0x90 CMakeFiles/pico_exam.dir/D_/vscode_ws/pico/pico-sdk/src/common/pico_util/pheap.c.obj
                0x100054b4                ph_merge_two_pass
 .text.ph_remove_any_head
                0x10005544       0xf8 CMakeFiles/pico_exam.dir/D_/vscode_ws/pico/pico-sdk/src/common/pico_util/pheap.c.obj
 .text.ph_remove_head
                0x1000563c       0xfc CMakeFiles/pico_exam.dir/D_/vscode_ws/pico/pico-sdk/src/common/pico_util/pheap.c.obj
                0x1000563c                ph_remove_head
 .text.ph_remove_and_free_node
                0x10005738       0x7c CMakeFiles/pico_exam.dir/D_/vscode_ws/pico/pico-sdk/src/common/pico_util/pheap.c.obj
                0x10005738                ph_remove_and_free_node
 .text.runtime_init
                0x100057b4       0xf0 CMakeFiles/pico_exam.dir/D_/vscode_ws/pico/pico-sdk/src/rp2_common/pico_runtime/runtime.c.obj
                0x100057b4                runtime_init
 .text._sbrk    0x100058a4       0x34 CMakeFiles/pico_exam.dir/D_/vscode_ws/pico/pico-sdk/src/rp2_common/pico_runtime/runtime.c.obj
                0x100058a4                _sbrk
 .text.exit     0x100058d8        0x4 CMakeFiles/pico_exam.dir/D_/vscode_ws/pico/pico-sdk/src/rp2_common/pico_runtime/runtime.c.obj
                0x100058d8                exit
 .text.__assert_func
                0x100058dc       0x34 CMakeFiles/pico_exam.dir/D_/vscode_ws/pico/pico-sdk/src/rp2_common/pico_runtime/runtime.c.obj
                0x100058dc                __assert_func
 .text.panic    0x10005910       0x30 CMakeFiles/pico_exam.dir/D_/vscode_ws/pico/pico-sdk/src/rp2_common/pico_runtime/runtime.c.obj
                0x10005910                panic
 .text.hard_assertion_failure
                0x10005940        0xc CMakeFiles/pico_exam.dir/D_/vscode_ws/pico/pico-sdk/src/rp2_common/pico_runtime/runtime.c.obj
                0x10005940                hard_assertion_failure
 .text.clocks_init
                0x1000594c      0x2bc CMakeFiles/pico_exam.dir/D_/vscode_ws/pico/pico-sdk/src/rp2_common/hardware_clocks/clocks.c.obj
                0x1000594c                clocks_init
 .text.clock_get_hz
                0x10005c08        0xc CMakeFiles/pico_exam.dir/D_/vscode_ws/pico/pico-sdk/src/rp2_common/hardware_clocks/clocks.c.obj
                0x10005c08                clock_get_hz
 .text.irq_set_enabled
                0x10005c14       0x24 CMakeFiles/pico_exam.dir/D_/vscode_ws/pico/pico-sdk/src/rp2_common/hardware_irq/irq.c.obj
                0x10005c14                irq_set_enabled
 .text.irq_set_pending
                0x10005c38       0x10 CMakeFiles/pico_exam.dir/D_/vscode_ws/pico/pico-sdk/src/rp2_common/hardware_irq/irq.c.obj
                0x10005c38                irq_set_pending
 .text.irq_get_vtable_handler
                0x10005c48       0x10 CMakeFiles/pico_exam.dir/D_/vscode_ws/pico/pico-sdk/src/rp2_common/hardware_irq/irq.c.obj
                0x10005c48                irq_get_vtable_handler
 .text.irq_set_exclusive_handler
                0x10005c58       0x54 CMakeFiles/pico_exam.dir/D_/vscode_ws/pico/pico-sdk/src/rp2_common/hardware_irq/irq.c.obj
                0x10005c58                irq_set_exclusive_handler
 .text.irq_remove_handler
                0x10005cac      0x1b4 CMakeFiles/pico_exam.dir/D_/vscode_ws/pico/pico-sdk/src/rp2_common/hardware_irq/irq.c.obj
                0x10005cac                irq_remove_handler
 .text.irq_add_tail_to_free_list
                0x10005e60       0xb4 CMakeFiles/pico_exam.dir/D_/vscode_ws/pico/pico-sdk/src/rp2_common/hardware_irq/irq.c.obj
                0x10005e60                irq_add_tail_to_free_list
 .text.irq_init_priorities
                0x10005f14       0x24 CMakeFiles/pico_exam.dir/D_/vscode_ws/pico/pico-sdk/src/rp2_common/hardware_irq/irq.c.obj
                0x10005f14                irq_init_priorities
 .text.pll_init
                0x10005f38       0xa8 CMakeFiles/pico_exam.dir/D_/vscode_ws/pico/pico-sdk/src/rp2_common/hardware_pll/pll.c.obj
                0x10005f38                pll_init
 .text.watchdog_start_tick
                0x10005fe0       0x10 CMakeFiles/pico_exam.dir/D_/vscode_ws/pico/pico-sdk/src/rp2_common/hardware_watchdog/watchdog.c.obj
                0x10005fe0                watchdog_start_tick
 .text.watchdog_reboot
                0x10005ff0       0x98 CMakeFiles/pico_exam.dir/D_/vscode_ws/pico/pico-sdk/src/rp2_common/hardware_watchdog/watchdog.c.obj
                0x10005ff0                watchdog_reboot
 .text.xosc_init
                0x10006088       0x28 CMakeFiles/pico_exam.dir/D_/vscode_ws/pico/pico-sdk/src/rp2_common/hardware_xosc/xosc.c.obj
                0x10006088                xosc_init
 .text._out_buffer
                0x100060b0        0x8 CMakeFiles/pico_exam.dir/D_/vscode_ws/pico/pico-sdk/src/rp2_common/pico_printf/printf.c.obj
 .text._out_null
                0x100060b8        0x4 CMakeFiles/pico_exam.dir/D_/vscode_ws/pico/pico-sdk/src/rp2_common/pico_printf/printf.c.obj
 .text._out_rev
                0x100060bc       0x9c CMakeFiles/pico_exam.dir/D_/vscode_ws/pico/pico-sdk/src/rp2_common/pico_printf/printf.c.obj
 .text._ntoa_format
                0x10006158      0x1cc CMakeFiles/pico_exam.dir/D_/vscode_ws/pico/pico-sdk/src/rp2_common/pico_printf/printf.c.obj
 .text._out_char
                0x10006324       0x10 CMakeFiles/pico_exam.dir/D_/vscode_ws/pico/pico-sdk/src/rp2_common/pico_printf/printf.c.obj
 .text._etoa    0x10006334      0x44c CMakeFiles/pico_exam.dir/D_/vscode_ws/pico/pico-sdk/src/rp2_common/pico_printf/printf.c.obj
 .text._ftoa    0x10006780      0x398 CMakeFiles/pico_exam.dir/D_/vscode_ws/pico/pico-sdk/src/rp2_common/pico_printf/printf.c.obj
 .text._vsnprintf
                0x10006b18      0xb04 CMakeFiles/pico_exam.dir/D_/vscode_ws/pico/pico-sdk/src/rp2_common/pico_printf/printf.c.obj
 .text.__wrap_snprintf
                0x1000761c       0x28 CMakeFiles/pico_exam.dir/D_/vscode_ws/pico/pico-sdk/src/rp2_common/pico_printf/printf.c.obj
                0x1000761c                __wrap_snprintf
 .text.__wrap_vsnprintf
                0x10007644       0x1c CMakeFiles/pico_exam.dir/D_/vscode_ws/pico/pico-sdk/src/rp2_common/pico_printf/printf.c.obj
                0x10007644                __wrap_vsnprintf
 .text.weak_raw_printf
                0x10007660       0x40 CMakeFiles/pico_exam.dir/D_/vscode_ws/pico/pico-sdk/src/rp2_common/pico_printf/printf.c.obj
                0x10007660                weak_raw_printf
 .text.weak_raw_vprintf
                0x100076a0       0x30 CMakeFiles/pico_exam.dir/D_/vscode_ws/pico/pico-sdk/src/rp2_common/pico_printf/printf.c.obj
                0x100076a0                weak_raw_vprintf
 .text          0x100076d0       0x10 CMakeFiles/pico_exam.dir/D_/vscode_ws/pico/pico-sdk/src/rp2_common/pico_bit_ops/bit_ops_aeabi.S.obj
 .text.rom_func_lookup
                0x100076e0       0x10 CMakeFiles/pico_exam.dir/D_/vscode_ws/pico/pico-sdk/src/rp2_common/pico_bootrom/bootrom.c.obj
                0x100076e0                rom_func_lookup
 .text.rom_data_lookup
                0x100076f0       0x10 CMakeFiles/pico_exam.dir/D_/vscode_ws/pico/pico-sdk/src/rp2_common/pico_bootrom/bootrom.c.obj
                0x100076f0                rom_data_lookup
 .text.rom_funcs_lookup
                0x10007700       0x44 CMakeFiles/pico_exam.dir/D_/vscode_ws/pico/pico-sdk/src/rp2_common/pico_bootrom/bootrom.c.obj
                0x10007700                rom_funcs_lookup
 .text.__wrap___aeabi_idiv
                0x10007744       0x50 CMakeFiles/pico_exam.dir/D_/vscode_ws/pico/pico-sdk/src/rp2_common/pico_divider/divider.S.obj
                0x10007744                __wrap___aeabi_idivmod
                0x10007744                divmod_s32s32
                0x10007744                div_s32s32
                0x10007744                __wrap___aeabi_idiv
                0x1000774c                divmod_s32s32_unsafe
                0x10007778                divmod_s32s32_savestate
 .text.__wrap___aeabi_uidiv
                0x10007794       0x4c CMakeFiles/pico_exam.dir/D_/vscode_ws/pico/pico-sdk/src/rp2_common/pico_divider/divider.S.obj
                0x10007794                __wrap___aeabi_uidiv
                0x10007794                __wrap___aeabi_uidivmod
                0x10007794                div_u32u32
                0x10007794                divmod_u32u32
                0x1000779c                divmod_u32u32_unsafe
                0x100077c4                divmod_u32u32_savestate
 .text.__wrap___aeabi_ldiv
                0x100077e0      0x434 CMakeFiles/pico_exam.dir/D_/vscode_ws/pico/pico-sdk/src/rp2_common/pico_divider/divider.S.obj
                0x100077e0                div_s64s64
                0x100077e0                divmod_s64s64
                0x100077e0                __wrap___aeabi_ldivmod
                0x10007818                divmod_u64u64
                0x10007818                div_u64u64
                0x10007818                __wrap___aeabi_uldivmod
                0x10007828                divmod_u64u64_savestate
                0x10007850                divmod_s64s64_unsafe
                0x100078d8                divmod_u64u64_unsafe
 .text.__wrap___aeabi_darithmetic
                0x10007c14       0x80 CMakeFiles/pico_exam.dir/D_/vscode_ws/pico/pico-sdk/src/rp2_common/pico_double/double_aeabi.S.obj
                0x10007c14                __wrap___aeabi_drsub
                0x10007c1a                __wrap___aeabi_dsub
                0x10007c2c                __wrap___aeabi_dadd
                0x10007c3e                __wrap___aeabi_ddiv
                0x10007c7a                __wrap___aeabi_dmul
 .text.__wrap___aeabi_cdcmple
                0x10007c94       0x6c CMakeFiles/pico_exam.dir/D_/vscode_ws/pico/pico-sdk/src/rp2_common/pico_double/double_aeabi.S.obj
                0x10007c94                __wrap___aeabi_cdrcmple
                0x10007ca4                __wrap___aeabi_cdcmpeq
                0x10007ca4                __wrap___aeabi_cdcmple
 .text.__wrap___aeabi_dcmpeq
                0x10007d00       0x10 CMakeFiles/pico_exam.dir/D_/vscode_ws/pico/pico-sdk/src/rp2_common/pico_double/double_aeabi.S.obj
                0x10007d00                __wrap___aeabi_dcmpeq
 .text.__wrap___aeabi_dcmplt
                0x10007d10        0xc CMakeFiles/pico_exam.dir/D_/vscode_ws/pico/pico-sdk/src/rp2_common/pico_double/double_aeabi.S.obj
                0x10007d10                __wrap___aeabi_dcmplt
 .text.__wrap___aeabi_dcmple
                0x10007d1c       0x10 CMakeFiles/pico_exam.dir/D_/vscode_ws/pico/pico-sdk/src/rp2_common/pico_double/double_aeabi.S.obj
                0x10007d1c                __wrap___aeabi_dcmple
 .text.__wrap___aeabi_dcmpge
                0x10007d2c       0x10 CMakeFiles/pico_exam.dir/D_/vscode_ws/pico/pico-sdk/src/rp2_common/pico_double/double_aeabi.S.obj
                0x10007d2c                __wrap___aeabi_dcmpge
 .text.__wrap___aeabi_dcmpgt
                0x10007d3c        0xa CMakeFiles/pico_exam.dir/D_/vscode_ws/pico/pico-sdk/src/rp2_common/pico_double/double_aeabi.S.obj
                0x10007d3c                __wrap___aeabi_dcmpgt
 .text.__wrap___aeabi_dcmpun
                0x10007d46       0x1c CMakeFiles/pico_exam.dir/D_/vscode_ws/pico/pico-sdk/src/rp2_common/pico_double/double_aeabi.S.obj
                0x10007d46                __wrap___aeabi_dcmpun
 *fill*         0x10007d62        0x2 
 .text.__wrap___aeabi_i2d
                0x10007d64       0x38 CMakeFiles/pico_exam.dir/D_/vscode_ws/pico/pico-sdk/src/rp2_common/pico_double/double_aeabi.S.obj
                0x10007d64                __wrap___aeabi_ui2d
                0x10007d6c                __wrap___aeabi_i2d
 .text.__wrap___aeabi_d2iz
                0x10007d9c       0x48 CMakeFiles/pico_exam.dir/D_/vscode_ws/pico/pico-sdk/src/rp2_common/pico_double/double_aeabi.S.obj
                0x10007d9c                double2int_z
                0x10007d9c                __wrap___aeabi_d2iz
 .text.__wrap___aeabi_d2uiz
                0x10007de4       0x18 CMakeFiles/pico_exam.dir/D_/vscode_ws/pico/pico-sdk/src/rp2_common/pico_double/double_aeabi.S.obj
                0x10007de4                __wrap___aeabi_d2uiz
                0x10007de4                double2uint
 .text.__wrap___aeabi_l2d
                0x10007dfc       0x18 CMakeFiles/pico_exam.dir/D_/vscode_ws/pico/pico-sdk/src/rp2_common/pico_double/double_aeabi.S.obj
                0x10007dfc                __wrap___aeabi_l2d
 .text.__wrap___aeabi_d2lz
                0x10007e14       0x26 CMakeFiles/pico_exam.dir/D_/vscode_ws/pico/pico-sdk/src/rp2_common/pico_double/double_aeabi.S.obj
                0x10007e14                double2int64_z
                0x10007e14                __wrap___aeabi_d2lz
 *fill*         0x10007e3a        0x2 
 .text.double2int64
                0x10007e3c       0x18 CMakeFiles/pico_exam.dir/D_/vscode_ws/pico/pico-sdk/src/rp2_common/pico_double/double_aeabi.S.obj
                0x10007e3c                double2int64
 .text.double2ufix64
                0x10007e54       0x18 CMakeFiles/pico_exam.dir/D_/vscode_ws/pico/pico-sdk/src/rp2_common/pico_double/double_aeabi.S.obj
                0x10007e54                double2ufix64
 .text.__wrap___aeabi_d2f
                0x10007e6c       0x18 CMakeFiles/pico_exam.dir/D_/vscode_ws/pico/pico-sdk/src/rp2_common/pico_double/double_aeabi.S.obj
                0x10007e6c                __wrap___aeabi_d2f
 .text.__aeabi_double_init
                0x10007e84       0x94 CMakeFiles/pico_exam.dir/D_/vscode_ws/pico/pico-sdk/src/rp2_common/pico_double/double_init_rom.c.obj
                0x10007e84                __aeabi_double_init
 .text.double_table_shim_on_use_helper
                0x10007f18       0x2c CMakeFiles/pico_exam.dir/D_/vscode_ws/pico/pico-sdk/src/rp2_common/pico_double/double_v1_rom_shim.S.obj
                0x10007f18                double_table_shim_on_use_helper
 .text.__wrap___aeabi_dsub
                0x10007f44       0x10 CMakeFiles/pico_exam.dir/D_/vscode_ws/pico/pico-sdk/src/rp2_common/pico_double/double_v1_rom_shim.S.obj
                0x10007f44                drsub_shim
                0x10007f4a                dsub_shim
 .text.dadd_shim
                0x10007f54      0x15c CMakeFiles/pico_exam.dir/D_/vscode_ws/pico/pico-sdk/src/rp2_common/pico_double/double_v1_rom_shim.S.obj
                0x10007f54                dadd_shim
 .text.dmul_shim
                0x100080b0      0x15c CMakeFiles/pico_exam.dir/D_/vscode_ws/pico/pico-sdk/src/rp2_common/pico_double/double_v1_rom_shim.S.obj
                0x100080b0                dmul_shim
 .text.ddiv_shim
                0x1000820c      0x1b0 CMakeFiles/pico_exam.dir/D_/vscode_ws/pico/pico-sdk/src/rp2_common/pico_double/double_v1_rom_shim.S.obj
                0x1000820c                ddiv_shim
 .text.double2uint_shim
                0x100083bc        0xe CMakeFiles/pico_exam.dir/D_/vscode_ws/pico/pico-sdk/src/rp2_common/pico_double/double_v1_rom_shim.S.obj
                0x100083bc                double2uint_shim
                0x100083be                double2ufix_shim
 .text.double2int64_shim
                0x100083ca       0x1a CMakeFiles/pico_exam.dir/D_/vscode_ws/pico/pico-sdk/src/rp2_common/pico_double/double_v1_rom_shim.S.obj
                0x100083ca                double2int64_shim
                0x100083cc                double2fix64_shim
 .text.double2uint64_shim
                0x100083e4       0x70 CMakeFiles/pico_exam.dir/D_/vscode_ws/pico/pico-sdk/src/rp2_common/pico_double/double_v1_rom_shim.S.obj
                0x100083e4                double2uint64_shim
                0x100083e6                double2ufix64_shim
                0x10008406                d2fix_a
 .text.double2float_shim
                0x10008454       0x5c CMakeFiles/pico_exam.dir/D_/vscode_ws/pico/pico-sdk/src/rp2_common/pico_double/double_v1_rom_shim.S.obj
                0x10008454                double2float_shim
 .text.x2double_shims
                0x100084b0       0x90 CMakeFiles/pico_exam.dir/D_/vscode_ws/pico/pico-sdk/src/rp2_common/pico_double/double_v1_rom_shim.S.obj
                0x100084b0                uint2double_shim
                0x100084b2                ufix2double_shim
                0x100084b8                int2double_shim
                0x100084ba                fix2double_shim
                0x100084c0                uint642double_shim
                0x100084c2                ufix642double_shim
                0x100084c8                int642double_shim
                0x100084ca                fix642double_shim
 .text.dunpacks
                0x10008540       0x3c CMakeFiles/pico_exam.dir/D_/vscode_ws/pico/pico-sdk/src/rp2_common/pico_double/double_v1_rom_shim.S.obj
                0x10008540                dunpacks
 .text.__aeabi_lmul
                0x1000857c       0x32 CMakeFiles/pico_exam.dir/D_/vscode_ws/pico/pico-sdk/src/rp2_common/pico_int64_ops/pico_int64_ops_aeabi.S.obj
                0x1000857c                __wrap___aeabi_lmul
 *fill*         0x100085ae        0x2 
 .text.__wrap___aeabi_cfcmple
                0x100085b0       0x50 CMakeFiles/pico_exam.dir/D_/vscode_ws/pico/pico-sdk/src/rp2_common/pico_float/float_aeabi.S.obj
                0x100085b0                __wrap___aeabi_cfrcmple
                0x100085bc                __wrap___aeabi_cfcmple
                0x100085bc                __wrap___aeabi_cfcmpeq
 .text.__wrap___aeabi_fcmple
                0x10008600       0x10 CMakeFiles/pico_exam.dir/D_/vscode_ws/pico/pico-sdk/src/rp2_common/pico_float/float_aeabi.S.obj
                0x10008600                __wrap___aeabi_fcmple
 .text.__wrap___aeabi_fcmpun
                0x10008610       0x18 CMakeFiles/pico_exam.dir/D_/vscode_ws/pico/pico-sdk/src/rp2_common/pico_float/float_aeabi.S.obj
                0x10008610                __wrap___aeabi_fcmpun
 .text.__aeabi_float_init
                0x10008628       0x64 CMakeFiles/pico_exam.dir/D_/vscode_ws/pico/pico-sdk/src/rp2_common/pico_float/float_init_rom.c.obj
                0x10008628                __aeabi_float_init
 .text.float_table_shim_on_use_helper
                0x1000868c       0x2c CMakeFiles/pico_exam.dir/D_/vscode_ws/pico/pico-sdk/src/rp2_common/pico_float/float_v1_rom_shim.S.obj
                0x1000868c                float_table_shim_on_use_helper
 .text          0x100086b8       0x10 CMakeFiles/pico_exam.dir/D_/vscode_ws/pico/pico-sdk/src/rp2_common/pico_mem_ops/mem_ops_aeabi.S.obj
                0x100086b8                __aeabi_mem_init
 .text.memset   0x100086c8        0xc CMakeFiles/pico_exam.dir/D_/vscode_ws/pico/pico-sdk/src/rp2_common/pico_mem_ops/mem_ops_aeabi.S.obj
                0x100086c8                __wrap_memset
 .text.memcpy   0x100086d4        0xc CMakeFiles/pico_exam.dir/D_/vscode_ws/pico/pico-sdk/src/rp2_common/pico_mem_ops/mem_ops_aeabi.S.obj
                0x100086d4                __wrap_memcpy
                0x100086d4                __wrap___aeabi_memcpy
 .text.stdio_out_chars_no_crlf
                0x100086e0       0x10 CMakeFiles/pico_exam.dir/D_/vscode_ws/pico/pico-sdk/src/rp2_common/pico_stdio/stdio.c.obj
 .text.stdio_out_chars_crlf
                0x100086f0       0xb4 CMakeFiles/pico_exam.dir/D_/vscode_ws/pico/pico-sdk/src/rp2_common/pico_stdio/stdio.c.obj
 .text.stdio_put_string.isra.0
                0x100087a4       0xfc CMakeFiles/pico_exam.dir/D_/vscode_ws/pico/pico-sdk/src/rp2_common/pico_stdio/stdio.c.obj
 .text.__wrap_putchar
                0x100088a0       0xa0 CMakeFiles/pico_exam.dir/D_/vscode_ws/pico/pico-sdk/src/rp2_common/pico_stdio/stdio.c.obj
                0x100088a0                __wrap_putchar
 .text.__wrap_puts
                0x10008940       0x3c CMakeFiles/pico_exam.dir/D_/vscode_ws/pico/pico-sdk/src/rp2_common/pico_stdio/stdio.c.obj
                0x10008940                __wrap_puts
 .text.stdio_set_driver_enabled
                0x1000897c       0x3c CMakeFiles/pico_exam.dir/D_/vscode_ws/pico/pico-sdk/src/rp2_common/pico_stdio/stdio.c.obj
                0x1000897c                stdio_set_driver_enabled
 .text.stdio_init_all
                0x100089b8        0x8 CMakeFiles/pico_exam.dir/D_/vscode_ws/pico/pico-sdk/src/rp2_common/pico_stdio/stdio.c.obj
                0x100089b8                stdio_init_all
 .text.resetd_init
                0x100089c0        0x4 CMakeFiles/pico_exam.dir/D_/vscode_ws/pico/pico-sdk/src/rp2_common/pico_stdio_usb/reset_interface.c.obj
 .text.resetd_reset
                0x100089c4        0xc CMakeFiles/pico_exam.dir/D_/vscode_ws/pico/pico-sdk/src/rp2_common/pico_stdio_usb/reset_interface.c.obj
 .text.resetd_open
                0x100089d0       0x28 CMakeFiles/pico_exam.dir/D_/vscode_ws/pico/pico-sdk/src/rp2_common/pico_stdio_usb/reset_interface.c.obj
 .text.resetd_xfer_cb
                0x100089f8        0x4 CMakeFiles/pico_exam.dir/D_/vscode_ws/pico/pico-sdk/src/rp2_common/pico_stdio_usb/reset_interface.c.obj
 .text.resetd_control_xfer_cb
                0x100089fc       0x64 CMakeFiles/pico_exam.dir/D_/vscode_ws/pico/pico-sdk/src/rp2_common/pico_stdio_usb/reset_interface.c.obj
 .text.usbd_app_driver_get_cb
                0x10008a60        0xc CMakeFiles/pico_exam.dir/D_/vscode_ws/pico/pico-sdk/src/rp2_common/pico_stdio_usb/reset_interface.c.obj
                0x10008a60                usbd_app_driver_get_cb
 .text.tud_cdc_line_coding_cb
                0x10008a6c       0x34 CMakeFiles/pico_exam.dir/D_/vscode_ws/pico/pico-sdk/src/rp2_common/pico_stdio_usb/reset_interface.c.obj
                0x10008a6c                tud_cdc_line_coding_cb
 .text.stdio_usb_in_chars
                0x10008aa0       0x68 CMakeFiles/pico_exam.dir/D_/vscode_ws/pico/pico-sdk/src/rp2_common/pico_stdio_usb/stdio_usb.c.obj
                0x10008aa0                stdio_usb_in_chars
 .text.stdio_usb_out_chars
                0x10008b08       0xe4 CMakeFiles/pico_exam.dir/D_/vscode_ws/pico/pico-sdk/src/rp2_common/pico_stdio_usb/stdio_usb.c.obj
 .text.timer_task
                0x10008bec       0x10 CMakeFiles/pico_exam.dir/D_/vscode_ws/pico/pico-sdk/src/rp2_common/pico_stdio_usb/stdio_usb.c.obj
 .text.low_priority_worker_irq
                0x10008bfc       0x24 CMakeFiles/pico_exam.dir/D_/vscode_ws/pico/pico-sdk/src/rp2_common/pico_stdio_usb/stdio_usb.c.obj
 .text.stdio_usb_init
                0x10008c20       0x90 CMakeFiles/pico_exam.dir/D_/vscode_ws/pico/pico-sdk/src/rp2_common/pico_stdio_usb/stdio_usb.c.obj
                0x10008c20                stdio_usb_init
 .text.tud_descriptor_device_cb
                0x10008cb0        0x8 CMakeFiles/pico_exam.dir/D_/vscode_ws/pico/pico-sdk/src/rp2_common/pico_stdio_usb/stdio_usb_descriptors.c.obj
                0x10008cb0                tud_descriptor_device_cb
 .text.tud_descriptor_configuration_cb
                0x10008cb8        0x8 CMakeFiles/pico_exam.dir/D_/vscode_ws/pico/pico-sdk/src/rp2_common/pico_stdio_usb/stdio_usb_descriptors.c.obj
                0x10008cb8                tud_descriptor_configuration_cb
 .text.tud_descriptor_string_cb
                0x10008cc0       0x74 CMakeFiles/pico_exam.dir/D_/vscode_ws/pico/pico-sdk/src/rp2_common/pico_stdio_usb/stdio_usb_descriptors.c.obj
                0x10008cc0                tud_descriptor_string_cb
 .text.dcd_rp2040_irq
                0x10008d34      0x21c CMakeFiles/pico_exam.dir/D_/vscode_ws/pico/pico-sdk/lib/tinyusb/src/portable/raspberrypi/rp2040/dcd_rp2040.c.obj
 .text.dcd_int_enable
                0x10008f50        0xc CMakeFiles/pico_exam.dir/D_/vscode_ws/pico/pico-sdk/lib/tinyusb/src/portable/raspberrypi/rp2040/dcd_rp2040.c.obj
                0x10008f50                dcd_int_enable
 .text.dcd_set_address
                0x10008f5c       0x14 CMakeFiles/pico_exam.dir/D_/vscode_ws/pico/pico-sdk/lib/tinyusb/src/portable/raspberrypi/rp2040/dcd_rp2040.c.obj
                0x10008f5c                dcd_set_address
 .text.dcd_connect
                0x10008f70       0x10 CMakeFiles/pico_exam.dir/D_/vscode_ws/pico/pico-sdk/lib/tinyusb/src/portable/raspberrypi/rp2040/dcd_rp2040.c.obj
                0x10008f70                dcd_connect
 .text.dcd_init
                0x10008f80      0x144 CMakeFiles/pico_exam.dir/D_/vscode_ws/pico/pico-sdk/lib/tinyusb/src/portable/raspberrypi/rp2040/dcd_rp2040.c.obj
                0x10008f80                dcd_init
 .text.dcd_edpt0_status_complete
                0x100090c4       0x1c CMakeFiles/pico_exam.dir/D_/vscode_ws/pico/pico-sdk/lib/tinyusb/src/portable/raspberrypi/rp2040/dcd_rp2040.c.obj
                0x100090c4                dcd_edpt0_status_complete
 .text.dcd_edpt_open
                0x100090e0       0xf0 CMakeFiles/pico_exam.dir/D_/vscode_ws/pico/pico-sdk/lib/tinyusb/src/portable/raspberrypi/rp2040/dcd_rp2040.c.obj
                0x100090e0                dcd_edpt_open
 .text.dcd_edpt_close_all
                0x100091d0       0xbc CMakeFiles/pico_exam.dir/D_/vscode_ws/pico/pico-sdk/lib/tinyusb/src/portable/raspberrypi/rp2040/dcd_rp2040.c.obj
                0x100091d0                dcd_edpt_close_all
 .text.dcd_edpt_xfer
                0x1000928c       0x24 CMakeFiles/pico_exam.dir/D_/vscode_ws/pico/pico-sdk/lib/tinyusb/src/portable/raspberrypi/rp2040/dcd_rp2040.c.obj
                0x1000928c                dcd_edpt_xfer
 .text.dcd_edpt_stall
                0x100092b0       0x38 CMakeFiles/pico_exam.dir/D_/vscode_ws/pico/pico-sdk/lib/tinyusb/src/portable/raspberrypi/rp2040/dcd_rp2040.c.obj
                0x100092b0                dcd_edpt_stall
 .text.dcd_edpt_clear_stall
                0x100092e8       0x30 CMakeFiles/pico_exam.dir/D_/vscode_ws/pico/pico-sdk/lib/tinyusb/src/portable/raspberrypi/rp2040/dcd_rp2040.c.obj
                0x100092e8                dcd_edpt_clear_stall
 .text._hw_endpoint_buffer_control_update32.part.0.isra.0
                0x10009318       0x1c CMakeFiles/pico_exam.dir/D_/vscode_ws/pico/pico-sdk/lib/tinyusb/src/portable/raspberrypi/rp2040/rp2040_usb.c.obj
 .text.rp2040_usb_init
                0x10009334       0x4c CMakeFiles/pico_exam.dir/D_/vscode_ws/pico/pico-sdk/lib/tinyusb/src/portable/raspberrypi/rp2040/rp2040_usb.c.obj
                0x10009334                rp2040_usb_init
 .text.hw_endpoint_reset_transfer
                0x10009380        0xc CMakeFiles/pico_exam.dir/D_/vscode_ws/pico/pico-sdk/lib/tinyusb/src/portable/raspberrypi/rp2040/rp2040_usb.c.obj
                0x10009380                hw_endpoint_reset_transfer
 .text._hw_endpoint_buffer_control_update32
                0x1000938c       0x44 CMakeFiles/pico_exam.dir/D_/vscode_ws/pico/pico-sdk/lib/tinyusb/src/portable/raspberrypi/rp2040/rp2040_usb.c.obj
                0x1000938c                _hw_endpoint_buffer_control_update32
 .text.hw_endpoint_xfer_start
                0x100093d0      0x138 CMakeFiles/pico_exam.dir/D_/vscode_ws/pico/pico-sdk/lib/tinyusb/src/portable/raspberrypi/rp2040/rp2040_usb.c.obj
                0x100093d0                hw_endpoint_xfer_start
 .text.hw_endpoint_xfer_continue
                0x10009508      0x1e4 CMakeFiles/pico_exam.dir/D_/vscode_ws/pico/pico-sdk/lib/tinyusb/src/portable/raspberrypi/rp2040/rp2040_usb.c.obj
                0x10009508                hw_endpoint_xfer_continue
 .text.tud_mounted
                0x100096ec       0x10 CMakeFiles/pico_exam.dir/D_/vscode_ws/pico/pico-sdk/lib/tinyusb/src/device/usbd.c.obj
                0x100096ec                tud_mounted
 .text.tud_suspended
                0x100096fc       0x10 CMakeFiles/pico_exam.dir/D_/vscode_ws/pico/pico-sdk/lib/tinyusb/src/device/usbd.c.obj
                0x100096fc                tud_suspended
 .text.tud_inited
                0x1000970c        0xc CMakeFiles/pico_exam.dir/D_/vscode_ws/pico/pico-sdk/lib/tinyusb/src/device/usbd.c.obj
                0x1000970c                tud_inited
 .text.tud_init
                0x10009718       0xd8 CMakeFiles/pico_exam.dir/D_/vscode_ws/pico/pico-sdk/lib/tinyusb/src/device/usbd.c.obj
                0x10009718                tud_init
 .text.tud_task
                0x100097f0      0x8ec CMakeFiles/pico_exam.dir/D_/vscode_ws/pico/pico-sdk/lib/tinyusb/src/device/usbd.c.obj
                0x100097f0                tud_task
 .text.dcd_event_bus_signal
                0x1000a0dc      0x120 CMakeFiles/pico_exam.dir/D_/vscode_ws/pico/pico-sdk/lib/tinyusb/src/device/usbd.c.obj
                0x1000a0dc                dcd_event_bus_signal
 .text.dcd_event_bus_reset
                0x1000a1fc       0x54 CMakeFiles/pico_exam.dir/D_/vscode_ws/pico/pico-sdk/lib/tinyusb/src/device/usbd.c.obj
                0x1000a1fc                dcd_event_bus_reset
 .text.dcd_event_setup_received
                0x1000a250       0x50 CMakeFiles/pico_exam.dir/D_/vscode_ws/pico/pico-sdk/lib/tinyusb/src/device/usbd.c.obj
                0x1000a250                dcd_event_setup_received
 .text.dcd_event_xfer_complete
                0x1000a2a0       0x68 CMakeFiles/pico_exam.dir/D_/vscode_ws/pico/pico-sdk/lib/tinyusb/src/device/usbd.c.obj
                0x1000a2a0                dcd_event_xfer_complete
 .text.usbd_open_edpt_pair
                0x1000a308       0x80 CMakeFiles/pico_exam.dir/D_/vscode_ws/pico/pico-sdk/lib/tinyusb/src/device/usbd.c.obj
                0x1000a308                usbd_open_edpt_pair
 .text.usbd_edpt_open
                0x1000a388       0x30 CMakeFiles/pico_exam.dir/D_/vscode_ws/pico/pico-sdk/lib/tinyusb/src/device/usbd.c.obj
                0x1000a388                usbd_edpt_open
 .text.usbd_edpt_claim
                0x1000a3b8       0x64 CMakeFiles/pico_exam.dir/D_/vscode_ws/pico/pico-sdk/lib/tinyusb/src/device/usbd.c.obj
                0x1000a3b8                usbd_edpt_claim
 .text.usbd_edpt_release
                0x1000a41c       0x4c CMakeFiles/pico_exam.dir/D_/vscode_ws/pico/pico-sdk/lib/tinyusb/src/device/usbd.c.obj
                0x1000a41c                usbd_edpt_release
 .text.usbd_edpt_xfer
                0x1000a468       0x48 CMakeFiles/pico_exam.dir/D_/vscode_ws/pico/pico-sdk/lib/tinyusb/src/device/usbd.c.obj
                0x1000a468                usbd_edpt_xfer
 .text.tud_control_status
                0x1000a4b0       0x30 CMakeFiles/pico_exam.dir/D_/vscode_ws/pico/pico-sdk/lib/tinyusb/src/device/usbd_control.c.obj
                0x1000a4b0                tud_control_status
 .text.tud_control_xfer
                0x1000a4e0       0xbc CMakeFiles/pico_exam.dir/D_/vscode_ws/pico/pico-sdk/lib/tinyusb/src/device/usbd_control.c.obj
                0x1000a4e0                tud_control_xfer
 .text.usbd_control_reset
                0x1000a59c       0x14 CMakeFiles/pico_exam.dir/D_/vscode_ws/pico/pico-sdk/lib/tinyusb/src/device/usbd_control.c.obj
                0x1000a59c                usbd_control_reset
 .text.usbd_control_set_complete_callback
                0x1000a5b0        0xc CMakeFiles/pico_exam.dir/D_/vscode_ws/pico/pico-sdk/lib/tinyusb/src/device/usbd_control.c.obj
                0x1000a5b0                usbd_control_set_complete_callback
 .text.usbd_control_set_request
                0x1000a5bc       0x1c CMakeFiles/pico_exam.dir/D_/vscode_ws/pico/pico-sdk/lib/tinyusb/src/device/usbd_control.c.obj
                0x1000a5bc                usbd_control_set_request
 .text.usbd_control_xfer_cb
                0x1000a5d8       0xfc CMakeFiles/pico_exam.dir/D_/vscode_ws/pico/pico-sdk/lib/tinyusb/src/device/usbd_control.c.obj
                0x1000a5d8                usbd_control_xfer_cb
 .text.tud_cdc_n_connected
                0x1000a6d4       0x30 CMakeFiles/pico_exam.dir/D_/vscode_ws/pico/pico-sdk/lib/tinyusb/src/class/cdc/cdc_device.c.obj
                0x1000a6d4                tud_cdc_n_connected
 .text.tud_cdc_n_available
                0x1000a704       0x18 CMakeFiles/pico_exam.dir/D_/vscode_ws/pico/pico-sdk/lib/tinyusb/src/class/cdc/cdc_device.c.obj
                0x1000a704                tud_cdc_n_available
 .text.tud_cdc_n_read
                0x1000a71c       0x70 CMakeFiles/pico_exam.dir/D_/vscode_ws/pico/pico-sdk/lib/tinyusb/src/class/cdc/cdc_device.c.obj
                0x1000a71c                tud_cdc_n_read
 .text.tud_cdc_n_write_flush
                0x1000a78c       0x78 CMakeFiles/pico_exam.dir/D_/vscode_ws/pico/pico-sdk/lib/tinyusb/src/class/cdc/cdc_device.c.obj
                0x1000a78c                tud_cdc_n_write_flush
 .text.tud_cdc_n_write
                0x1000a804       0x34 CMakeFiles/pico_exam.dir/D_/vscode_ws/pico/pico-sdk/lib/tinyusb/src/class/cdc/cdc_device.c.obj
                0x1000a804                tud_cdc_n_write
 .text.tud_cdc_n_write_available
                0x1000a838       0x18 CMakeFiles/pico_exam.dir/D_/vscode_ws/pico/pico-sdk/lib/tinyusb/src/class/cdc/cdc_device.c.obj
                0x1000a838                tud_cdc_n_write_available
 .text.cdcd_init
                0x1000a850       0x7c CMakeFiles/pico_exam.dir/D_/vscode_ws/pico/pico-sdk/lib/tinyusb/src/class/cdc/cdc_device.c.obj
                0x1000a850                cdcd_init
 .text.cdcd_reset
                0x1000a8cc       0x2c CMakeFiles/pico_exam.dir/D_/vscode_ws/pico/pico-sdk/lib/tinyusb/src/class/cdc/cdc_device.c.obj
                0x1000a8cc                cdcd_reset
 .text.cdcd_open
                0x1000a8f8       0xe4 CMakeFiles/pico_exam.dir/D_/vscode_ws/pico/pico-sdk/lib/tinyusb/src/class/cdc/cdc_device.c.obj
                0x1000a8f8                cdcd_open
 .text.cdcd_control_xfer_cb
                0x1000a9dc       0xe4 CMakeFiles/pico_exam.dir/D_/vscode_ws/pico/pico-sdk/lib/tinyusb/src/class/cdc/cdc_device.c.obj
                0x1000a9dc                cdcd_control_xfer_cb
 .text.cdcd_xfer_cb
                0x1000aac0      0x148 CMakeFiles/pico_exam.dir/D_/vscode_ws/pico/pico-sdk/lib/tinyusb/src/class/cdc/cdc_device.c.obj
                0x1000aac0                cdcd_xfer_cb
 .text.tusb_init
                0x1000ac08        0xc CMakeFiles/pico_exam.dir/D_/vscode_ws/pico/pico-sdk/lib/tinyusb/src/tusb.c.obj
                0x1000ac08                tusb_init
 .text.tusb_inited
                0x1000ac14        0x8 CMakeFiles/pico_exam.dir/D_/vscode_ws/pico/pico-sdk/lib/tinyusb/src/tusb.c.obj
                0x1000ac14                tusb_inited
 .text.tu_edpt_validate
                0x1000ac1c       0x78 CMakeFiles/pico_exam.dir/D_/vscode_ws/pico/pico-sdk/lib/tinyusb/src/tusb.c.obj
                0x1000ac1c                tu_edpt_validate
 .text.tu_edpt_bind_driver
                0x1000ac94       0x2c CMakeFiles/pico_exam.dir/D_/vscode_ws/pico/pico-sdk/lib/tinyusb/src/tusb.c.obj
                0x1000ac94                tu_edpt_bind_driver
 .text.tu_fifo_config
                0x1000acc0       0x78 CMakeFiles/pico_exam.dir/D_/vscode_ws/pico/pico-sdk/lib/tinyusb/src/common/tusb_fifo.c.obj
                0x1000acc0                tu_fifo_config
 .text.tu_fifo_count
                0x1000ad38       0x20 CMakeFiles/pico_exam.dir/D_/vscode_ws/pico/pico-sdk/lib/tinyusb/src/common/tusb_fifo.c.obj
                0x1000ad38                tu_fifo_count
 .text.tu_fifo_empty
                0x1000ad58       0x10 CMakeFiles/pico_exam.dir/D_/vscode_ws/pico/pico-sdk/lib/tinyusb/src/common/tusb_fifo.c.obj
                0x1000ad58                tu_fifo_empty
 .text.tu_fifo_remaining
                0x1000ad68       0x1c CMakeFiles/pico_exam.dir/D_/vscode_ws/pico/pico-sdk/lib/tinyusb/src/common/tusb_fifo.c.obj
                0x1000ad68                tu_fifo_remaining
 .text.tu_fifo_read
                0x1000ad84       0x9c CMakeFiles/pico_exam.dir/D_/vscode_ws/pico/pico-sdk/lib/tinyusb/src/common/tusb_fifo.c.obj
                0x1000ad84                tu_fifo_read
 .text.tu_fifo_read_n
                0x1000ae20      0x100 CMakeFiles/pico_exam.dir/D_/vscode_ws/pico/pico-sdk/lib/tinyusb/src/common/tusb_fifo.c.obj
                0x1000ae20                tu_fifo_read_n
 .text.tu_fifo_write
                0x1000af20       0x7c CMakeFiles/pico_exam.dir/D_/vscode_ws/pico/pico-sdk/lib/tinyusb/src/common/tusb_fifo.c.obj
                0x1000af20                tu_fifo_write
 .text.tu_fifo_write_n
                0x1000af9c      0x100 CMakeFiles/pico_exam.dir/D_/vscode_ws/pico/pico-sdk/lib/tinyusb/src/common/tusb_fifo.c.obj
                0x1000af9c                tu_fifo_write_n
 .text.tu_fifo_clear
                0x1000b09c       0x4c CMakeFiles/pico_exam.dir/D_/vscode_ws/pico/pico-sdk/lib/tinyusb/src/common/tusb_fifo.c.obj
                0x1000b09c                tu_fifo_clear
 .text.tu_fifo_set_overwritable
                0x1000b0e8       0x3c CMakeFiles/pico_exam.dir/D_/vscode_ws/pico/pico-sdk/lib/tinyusb/src/common/tusb_fifo.c.obj
                0x1000b0e8                tu_fifo_set_overwritable
 .text.startup._retrieve_unique_id_on_boot
                0x1000b124       0x10 CMakeFiles/pico_exam.dir/D_/vscode_ws/pico/pico-sdk/src/rp2_common/pico_unique_id/unique_id.c.obj
 .text.pico_get_unique_board_id_string
                0x1000b134      0x1a8 CMakeFiles/pico_exam.dir/D_/vscode_ws/pico/pico-sdk/src/rp2_common/pico_unique_id/unique_id.c.obj
                0x1000b134                pico_get_unique_board_id_string
 .text.flash_get_unique_id
                0x1000b2dc       0x40 CMakeFiles/pico_exam.dir/D_/vscode_ws/pico/pico-sdk/src/rp2_common/hardware_flash/flash.c.obj
                0x1000b2dc                flash_get_unique_id
 .text.spi_init
                0x1000b31c       0xf8 CMakeFiles/pico_exam.dir/D_/vscode_ws/pico/pico-sdk/src/rp2_common/hardware_spi/spi.c.obj
                0x1000b31c                spi_init
 .text._calloc_r
                0x1000b414       0x9c c:/tools/gcc-arm-none-eabi-10.3-2021.10/bin/../lib/gcc/arm-none-eabi/10.3.1/../../../../arm-none-eabi/lib/thumb/v6-m/nofp\libc.a(lib_a-callocr.o)
                0x1000b414                _calloc_r
 .text.__errno  0x1000b4b0        0xc c:/tools/gcc-arm-none-eabi-10.3-2021.10/bin/../lib/gcc/arm-none-eabi/10.3.1/../../../../arm-none-eabi/lib/thumb/v6-m/nofp\libc.a(lib_a-errno.o)
                0x1000b4b0                __errno
 .text._malloc_r
                0x1000b4bc      0x584 c:/tools/gcc-arm-none-eabi-10.3-2021.10/bin/../lib/gcc/arm-none-eabi/10.3.1/../../../../arm-none-eabi/lib/thumb/v6-m/nofp\libc.a(lib_a-mallocr.o)
                0x1000b4bc                _malloc_r
 .text.__malloc_lock
                0x1000ba40       0x10 c:/tools/gcc-arm-none-eabi-10.3-2021.10/bin/../lib/gcc/arm-none-eabi/10.3.1/../../../../arm-none-eabi/lib/thumb/v6-m/nofp\libc.a(lib_a-mlock.o)
                0x1000ba40                __malloc_lock
 .text.__malloc_unlock
                0x1000ba50       0x10 c:/tools/gcc-arm-none-eabi-10.3-2021.10/bin/../lib/gcc/arm-none-eabi/10.3.1/../../../../arm-none-eabi/lib/thumb/v6-m/nofp\libc.a(lib_a-mlock.o)
                0x1000ba50                __malloc_unlock
 .text._sbrk_r  0x1000ba60       0x24 c:/tools/gcc-arm-none-eabi-10.3-2021.10/bin/../lib/gcc/arm-none-eabi/10.3.1/../../../../arm-none-eabi/lib/thumb/v6-m/nofp\libc.a(lib_a-sbrkr.o)
                0x1000ba60                _sbrk_r
 .text          0x1000ba84       0x88 c:/tools/gcc-arm-none-eabi-10.3-2021.10/bin/../lib/gcc/arm-none-eabi/10.3.1/../../../../arm-none-eabi/lib/thumb/v6-m/nofp\libc.a(lib_a-strcmp.o)
                0x1000ba84                strcmp
 .text.strcpy   0x1000bb0c       0x10 c:/tools/gcc-arm-none-eabi-10.3-2021.10/bin/../lib/gcc/arm-none-eabi/10.3.1/../../../../arm-none-eabi/lib/thumb/v6-m/nofp\libc.a(lib_a-strcpy.o)
                0x1000bb0c                strcpy
 .text.strlen   0x1000bb1c       0x5c c:/tools/gcc-arm-none-eabi-10.3-2021.10/bin/../lib/gcc/arm-none-eabi/10.3.1/../../../../arm-none-eabi/lib/thumb/v6-m/nofp\libc.a(lib_a-strlen-stub.o)
                0x1000bb1c                strlen
 .text._strtod_l
                0x1000bb78      0xf78 c:/tools/gcc-arm-none-eabi-10.3-2021.10/bin/../lib/gcc/arm-none-eabi/10.3.1/../../../../arm-none-eabi/lib/thumb/v6-m/nofp\libc.a(lib_a-strtod.o)
                0x1000bb78                _strtod_l
 .text.strtof   0x1000caf0       0xb4 c:/tools/gcc-arm-none-eabi-10.3-2021.10/bin/../lib/gcc/arm-none-eabi/10.3.1/../../../../arm-none-eabi/lib/thumb/v6-m/nofp\libc.a(lib_a-strtod.o)
                0x1000caf0                strtof
 .text.__strtok_r
                0x1000cba4       0x6c c:/tools/gcc-arm-none-eabi-10.3-2021.10/bin/../lib/gcc/arm-none-eabi/10.3.1/../../../../arm-none-eabi/lib/thumb/v6-m/nofp\libc.a(lib_a-strtok_r.o)
                0x1000cba4                __strtok_r
 .text.strtok_r
                0x1000cc10        0xc c:/tools/gcc-arm-none-eabi-10.3-2021.10/bin/../lib/gcc/arm-none-eabi/10.3.1/../../../../arm-none-eabi/lib/thumb/v6-m/nofp\libc.a(lib_a-strtok_r.o)
                0x1000cc10                strtok_r
 .text._strtoul_l.constprop.0
                0x1000cc1c      0x148 c:/tools/gcc-arm-none-eabi-10.3-2021.10/bin/../lib/gcc/arm-none-eabi/10.3.1/../../../../arm-none-eabi/lib/thumb/v6-m/nofp\libc.a(lib_a-strtoul.o)
 .text.strtoul  0x1000cd64       0x18 c:/tools/gcc-arm-none-eabi-10.3-2021.10/bin/../lib/gcc/arm-none-eabi/10.3.1/../../../../arm-none-eabi/lib/thumb/v6-m/nofp\libc.a(lib_a-strtoul.o)
                0x1000cd64                strtoul
 .text._malloc_trim_r
                0x1000cd7c       0x9c c:/tools/gcc-arm-none-eabi-10.3-2021.10/bin/../lib/gcc/arm-none-eabi/10.3.1/../../../../arm-none-eabi/lib/thumb/v6-m/nofp\libc.a(lib_a-freer.o)
                0x1000cd7c                _malloc_trim_r
 .text._free_r  0x1000ce18      0x1c4 c:/tools/gcc-arm-none-eabi-10.3-2021.10/bin/../lib/gcc/arm-none-eabi/10.3.1/../../../../arm-none-eabi/lib/thumb/v6-m/nofp\libc.a(lib_a-freer.o)
                0x1000ce18                _free_r
 .text.rshift   0x1000cfdc       0xa4 c:/tools/gcc-arm-none-eabi-10.3-2021.10/bin/../lib/gcc/arm-none-eabi/10.3.1/../../../../arm-none-eabi/lib/thumb/v6-m/nofp\libc.a(lib_a-gdtoa-gethex.o)
 .text.__gethex
                0x1000d080      0x5cc c:/tools/gcc-arm-none-eabi-10.3-2021.10/bin/../lib/gcc/arm-none-eabi/10.3.1/../../../../arm-none-eabi/lib/thumb/v6-m/nofp\libc.a(lib_a-gdtoa-gethex.o)
                0x1000d080                __gethex
 .text.__match  0x1000d64c       0x2c c:/tools/gcc-arm-none-eabi-10.3-2021.10/bin/../lib/gcc/arm-none-eabi/10.3.1/../../../../arm-none-eabi/lib/thumb/v6-m/nofp\libc.a(lib_a-gdtoa-hexnan.o)
                0x1000d64c                __match
 .text.__hexnan
                0x1000d678      0x1d0 c:/tools/gcc-arm-none-eabi-10.3-2021.10/bin/../lib/gcc/arm-none-eabi/10.3.1/../../../../arm-none-eabi/lib/thumb/v6-m/nofp\libc.a(lib_a-gdtoa-hexnan.o)
                0x1000d678                __hexnan
 .text.__retarget_lock_acquire_recursive
                0x1000d848        0x4 c:/tools/gcc-arm-none-eabi-10.3-2021.10/bin/../lib/gcc/arm-none-eabi/10.3.1/../../../../arm-none-eabi/lib/thumb/v6-m/nofp\libc.a(lib_a-lock.o)
                0x1000d848                __retarget_lock_acquire_recursive
 .text.__retarget_lock_release_recursive
                0x1000d84c        0x4 c:/tools/gcc-arm-none-eabi-10.3-2021.10/bin/../lib/gcc/arm-none-eabi/10.3.1/../../../../arm-none-eabi/lib/thumb/v6-m/nofp\libc.a(lib_a-lock.o)
                0x1000d84c                __retarget_lock_release_recursive
 .text.__ascii_mbtowc
                0x1000d850       0x2c c:/tools/gcc-arm-none-eabi-10.3-2021.10/bin/../lib/gcc/arm-none-eabi/10.3.1/../../../../arm-none-eabi/lib/thumb/v6-m/nofp\libc.a(lib_a-mbtowc_r.o)
                0x1000d850                __ascii_mbtowc
 .text._Balloc  0x1000d87c       0x50 c:/tools/gcc-arm-none-eabi-10.3-2021.10/bin/../lib/gcc/arm-none-eabi/10.3.1/../../../../arm-none-eabi/lib/thumb/v6-m/nofp\libc.a(lib_a-mprec.o)
                0x1000d87c                _Balloc
 .text._Bfree   0x1000d8cc       0x14 c:/tools/gcc-arm-none-eabi-10.3-2021.10/bin/../lib/gcc/arm-none-eabi/10.3.1/../../../../arm-none-eabi/lib/thumb/v6-m/nofp\libc.a(lib_a-mprec.o)
                0x1000d8cc                _Bfree
 .text.__multadd
                0x1000d8e0       0xa8 c:/tools/gcc-arm-none-eabi-10.3-2021.10/bin/../lib/gcc/arm-none-eabi/10.3.1/../../../../arm-none-eabi/lib/thumb/v6-m/nofp\libc.a(lib_a-mprec.o)
                0x1000d8e0                __multadd
 .text.__s2b    0x1000d988       0xb0 c:/tools/gcc-arm-none-eabi-10.3-2021.10/bin/../lib/gcc/arm-none-eabi/10.3.1/../../../../arm-none-eabi/lib/thumb/v6-m/nofp\libc.a(lib_a-mprec.o)
                0x1000d988                __s2b
 .text.__hi0bits
                0x1000da38       0x38 c:/tools/gcc-arm-none-eabi-10.3-2021.10/bin/../lib/gcc/arm-none-eabi/10.3.1/../../../../arm-none-eabi/lib/thumb/v6-m/nofp\libc.a(lib_a-mprec.o)
                0x1000da38                __hi0bits
 .text.__lo0bits
                0x1000da70       0x5c c:/tools/gcc-arm-none-eabi-10.3-2021.10/bin/../lib/gcc/arm-none-eabi/10.3.1/../../../../arm-none-eabi/lib/thumb/v6-m/nofp\libc.a(lib_a-mprec.o)
                0x1000da70                __lo0bits
 .text.__i2b    0x1000dacc       0x60 c:/tools/gcc-arm-none-eabi-10.3-2021.10/bin/../lib/gcc/arm-none-eabi/10.3.1/../../../../arm-none-eabi/lib/thumb/v6-m/nofp\libc.a(lib_a-mprec.o)
                0x1000dacc                __i2b
 .text.__multiply
                0x1000db2c      0x1a4 c:/tools/gcc-arm-none-eabi-10.3-2021.10/bin/../lib/gcc/arm-none-eabi/10.3.1/../../../../arm-none-eabi/lib/thumb/v6-m/nofp\libc.a(lib_a-mprec.o)
                0x1000db2c                __multiply
 .text.__pow5mult
                0x1000dcd0       0xd8 c:/tools/gcc-arm-none-eabi-10.3-2021.10/bin/../lib/gcc/arm-none-eabi/10.3.1/../../../../arm-none-eabi/lib/thumb/v6-m/nofp\libc.a(lib_a-mprec.o)
                0x1000dcd0                __pow5mult
 .text.__lshift
                0x1000dda8       0xfc c:/tools/gcc-arm-none-eabi-10.3-2021.10/bin/../lib/gcc/arm-none-eabi/10.3.1/../../../../arm-none-eabi/lib/thumb/v6-m/nofp\libc.a(lib_a-mprec.o)
                0x1000dda8                __lshift
 .text.__mcmp   0x1000dea4       0x34 c:/tools/gcc-arm-none-eabi-10.3-2021.10/bin/../lib/gcc/arm-none-eabi/10.3.1/../../../../arm-none-eabi/lib/thumb/v6-m/nofp\libc.a(lib_a-mprec.o)
                0x1000dea4                __mcmp
 .text.__mdiff  0x1000ded8      0x18c c:/tools/gcc-arm-none-eabi-10.3-2021.10/bin/../lib/gcc/arm-none-eabi/10.3.1/../../../../arm-none-eabi/lib/thumb/v6-m/nofp\libc.a(lib_a-mprec.o)
                0x1000ded8                __mdiff
 .text.__ulp    0x1000e064       0x48 c:/tools/gcc-arm-none-eabi-10.3-2021.10/bin/../lib/gcc/arm-none-eabi/10.3.1/../../../../arm-none-eabi/lib/thumb/v6-m/nofp\libc.a(lib_a-mprec.o)
                0x1000e064                __ulp
 .text.__b2d    0x1000e0ac       0xc8 c:/tools/gcc-arm-none-eabi-10.3-2021.10/bin/../lib/gcc/arm-none-eabi/10.3.1/../../../../arm-none-eabi/lib/thumb/v6-m/nofp\libc.a(lib_a-mprec.o)
                0x1000e0ac                __b2d
 .text.__d2b    0x1000e174       0xd8 c:/tools/gcc-arm-none-eabi-10.3-2021.10/bin/../lib/gcc/arm-none-eabi/10.3.1/../../../../arm-none-eabi/lib/thumb/v6-m/nofp\libc.a(lib_a-mprec.o)
                0x1000e174                __d2b
 .text.__ratio  0x1000e24c       0x68 c:/tools/gcc-arm-none-eabi-10.3-2021.10/bin/../lib/gcc/arm-none-eabi/10.3.1/../../../../arm-none-eabi/lib/thumb/v6-m/nofp\libc.a(lib_a-mprec.o)
                0x1000e24c                __ratio
 .text.__copybits
                0x1000e2b4       0x40 c:/tools/gcc-arm-none-eabi-10.3-2021.10/bin/../lib/gcc/arm-none-eabi/10.3.1/../../../../arm-none-eabi/lib/thumb/v6-m/nofp\libc.a(lib_a-mprec.o)
                0x1000e2b4                __copybits
 .text.__any_on
                0x1000e2f4       0x50 c:/tools/gcc-arm-none-eabi-10.3-2021.10/bin/../lib/gcc/arm-none-eabi/10.3.1/../../../../arm-none-eabi/lib/thumb/v6-m/nofp\libc.a(lib_a-mprec.o)
                0x1000e2f4                __any_on
 .text.nan      0x1000e344        0xc c:/tools/gcc-arm-none-eabi-10.3-2021.10/bin/../lib/gcc/arm-none-eabi/10.3.1/../../../../arm-none-eabi/lib/thumb/v6-m/nofp\libc.a(lib_a-s_nan.o)
                0x1000e344                nan
 .text.nanf     0x1000e350        0x8 c:/tools/gcc-arm-none-eabi-10.3-2021.10/bin/../lib/gcc/arm-none-eabi/10.3.1/../../../../arm-none-eabi/lib/thumb/v6-m/nofp\libc.a(lib_a-sf_nan.o)
                0x1000e350                nanf
 .text.strncmp  0x1000e358       0x74 c:/tools/gcc-arm-none-eabi-10.3-2021.10/bin/../lib/gcc/arm-none-eabi/10.3.1/../../../../arm-none-eabi/lib/thumb/v6-m/nofp\libc.a(lib_a-strncmp.o)
                0x1000e358                strncmp
 .text.__ascii_wctomb
                0x1000e3cc       0x1c c:/tools/gcc-arm-none-eabi-10.3-2021.10/bin/../lib/gcc/arm-none-eabi/10.3.1/../../../../arm-none-eabi/lib/thumb/v6-m/nofp\libc.a(lib_a-wctomb_r.o)
                0x1000e3cc                __ascii_wctomb
 *(.fini)
 .fini          0x1000e3e8        0x4 c:/tools/gcc-arm-none-eabi-10.3-2021.10/bin/../lib/gcc/arm-none-eabi/10.3.1/thumb/v6-m/nofp/crti.o
                0x1000e3e8                _fini
 *fill*         0x1000e3ec        0x4 
 .fini.__stub   0x1000e3f0       0x80 linker stubs
 *crtbegin.o(.ctors)
 *crtbegin?.o(.ctors)
 *(EXCLUDE_FILE(*crtend.o *crtend?.o) .ctors)
 *(SORT_BY_NAME(.ctors.*))
 *(.ctors)
 *crtbegin.o(.dtors)
 *crtbegin?.o(.dtors)
 *(EXCLUDE_FILE(*crtend.o *crtend?.o) .dtors)
 *(SORT_BY_NAME(.dtors.*))
 *(.dtors)
 *(.eh_frame*)
 .eh_frame      0x1000e470        0x0 c:/tools/gcc-arm-none-eabi-10.3-2021.10/bin/../lib/gcc/arm-none-eabi/10.3.1/thumb/v6-m/nofp/crtbegin.o
                0x1000e470                . = ALIGN (0x4)

.glue_7         0x1000e470        0x0
 .glue_7        0x1000e470        0x0 linker stubs

.glue_7t        0x1000e470        0x0
 .glue_7t       0x1000e470        0x0 linker stubs

.vfp11_veneer   0x1000e470        0x0
 .vfp11_veneer  0x1000e470        0x0 linker stubs

.v4_bx          0x1000e470        0x0
 .v4_bx         0x1000e470        0x0 linker stubs

.iplt           0x1000e470        0x0
 .iplt          0x1000e470        0x0 c:/tools/gcc-arm-none-eabi-10.3-2021.10/bin/../lib/gcc/arm-none-eabi/10.3.1/thumb/v6-m/nofp/crtbegin.o

.rodata         0x1000e470     0x160c
 *(EXCLUDE_FILE(*libm.a: *libc.a:*lib_a-mem*.o *libgcc.a:) .rodata*)
 .rodata.hwInit.str1.4
                0x1000e470       0xd6 CMakeFiles/pico_exam.dir/hw/hw.c.obj
 *fill*         0x1000e546        0x2 
 .rodata.cliShowLog.part.0.str1.4
                0x1000e548       0x7f CMakeFiles/pico_exam.dir/hw/driver/cli.c.obj
                                 0x82 (size before relaxing)
 *fill*         0x1000e5c7        0x1 
 .rodata.cliInit.str1.4
                0x1000e5c8        0xb CMakeFiles/pico_exam.dir/hw/driver/cli.c.obj
 *fill*         0x1000e5d3        0x1 
 .rodata.cliShowList.str1.4
                0x1000e5d4       0x40 CMakeFiles/pico_exam.dir/hw/driver/cli.c.obj
                                 0x44 (size before relaxing)
 .rodata.cliMemoryDump.str1.4
                0x1000e614       0x42 CMakeFiles/pico_exam.dir/hw/driver/cli.c.obj
 *fill*         0x1000e656        0x2 
 .rodata.cliMain.str1.4
                0x1000e658       0x46 CMakeFiles/pico_exam.dir/hw/driver/cli.c.obj
 *fill*         0x1000e69e        0x2 
 .rodata.cliCmd.str1.4
                0x1000e6a0       0x81 CMakeFiles/pico_exam.dir/hw/driver/log.c.obj
                                 0x8d (size before relaxing)
 *fill*         0x1000e721        0x3 
 .rodata.logInit.str1.4
                0x1000e724        0x4 CMakeFiles/pico_exam.dir/hw/driver/log.c.obj
 .rodata.logBufPrintf.str1.4
                0x1000e728        0x8 CMakeFiles/pico_exam.dir/hw/driver/log.c.obj
 .rodata.cliGpio.str1.4
                0x1000e730       0x7d CMakeFiles/pico_exam.dir/hw/driver/gpio.c.obj
                                 0x81 (size before relaxing)
 *fill*         0x1000e7ad        0x3 
 .rodata.gpioInit.str1.4
                0x1000e7b0        0x5 CMakeFiles/pico_exam.dir/hw/driver/gpio.c.obj
 *fill*         0x1000e7b5        0x3 
 .rodata.gpioInit
                0x1000e7b8       0x18 CMakeFiles/pico_exam.dir/hw/driver/gpio.c.obj
 .rodata.gpio_tbl
                0x1000e7d0       0x10 CMakeFiles/pico_exam.dir/hw/driver/gpio.c.obj
                0x1000e7d0                gpio_tbl
 .rodata.mcp2515Init.str1.4
                0x1000e7e0        0x8 CMakeFiles/pico_exam.dir/hw/driver/mcp2515.c.obj
 .rodata.mcp2515Info.str1.4
                0x1000e7e8      0x170 CMakeFiles/pico_exam.dir/hw/driver/mcp2515.c.obj
                                0x174 (size before relaxing)
 .rodata.cliMCP2515.str1.4
                0x1000e958      0x4a0 CMakeFiles/pico_exam.dir/hw/driver/mcp2515.c.obj
                                0x4b0 (size before relaxing)
 .rodata        0x1000edf8        0x6 CMakeFiles/pico_exam.dir/hw/driver/mcp2515.c.obj
 *fill*         0x1000edfe        0x2 
 .rodata.CSWTCH.17
                0x1000ee00        0x5 CMakeFiles/pico_exam.dir/hw/driver/mcp2515.c.obj
 *fill*         0x1000ee05        0x3 
 .rodata.CSWTCH.18
                0x1000ee08        0x5 CMakeFiles/pico_exam.dir/hw/driver/mcp2515.c.obj
 *fill*         0x1000ee0d        0x3 
 .rodata.CSWTCH.19
                0x1000ee10        0x5 CMakeFiles/pico_exam.dir/hw/driver/mcp2515.c.obj
 *fill*         0x1000ee15        0x3 
 .rodata.canInit.str1.4
                0x1000ee18        0x4 CMakeFiles/pico_exam.dir/hw/driver/can.c.obj
 .rodata.cliCan.str1.4
                0x1000ee1c      0x180 CMakeFiles/pico_exam.dir/hw/driver/can.c.obj
                                0x194 (size before relaxing)
 .rodata.dlc_len_tbl
                0x1000ef9c       0x40 CMakeFiles/pico_exam.dir/hw/driver/can.c.obj
                0x1000ef9c                dlc_len_tbl
 .rodata.spin_lock_claim_unused.str1.4
                0x1000efdc       0x1b CMakeFiles/pico_exam.dir/D_/vscode_ws/pico/pico-sdk/src/rp2_common/hardware_sync/sync.c.obj
 *fill*         0x1000eff7        0x1 
 .rodata.hardware_alarm_claim.str1.4
                0x1000eff8       0x22 CMakeFiles/pico_exam.dir/D_/vscode_ws/pico/pico-sdk/src/rp2_common/hardware_timer/timer.c.obj
 *fill*         0x1000f01a        0x2 
 .rodata.__assert_func.str1.4
                0x1000f01c       0x3f CMakeFiles/pico_exam.dir/D_/vscode_ws/pico/pico-sdk/src/rp2_common/pico_runtime/runtime.c.obj
                                 0x43 (size before relaxing)
 *fill*         0x1000f05b        0x1 
 .rodata.panic.str1.4
                0x1000f05c       0x10 CMakeFiles/pico_exam.dir/D_/vscode_ws/pico/pico-sdk/src/rp2_common/pico_runtime/runtime.c.obj
                                 0x12 (size before relaxing)
 .rodata.hard_assertion_failure.str1.4
                0x1000f06c        0xc CMakeFiles/pico_exam.dir/D_/vscode_ws/pico/pico-sdk/src/rp2_common/pico_runtime/runtime.c.obj
 .rodata._ftoa.str1.4
                0x1000f078       0x15 CMakeFiles/pico_exam.dir/D_/vscode_ws/pico/pico-sdk/src/rp2_common/pico_printf/printf.c.obj
 *fill*         0x1000f08d        0x3 
 .rodata._vsnprintf
                0x1000f090      0x1e0 CMakeFiles/pico_exam.dir/D_/vscode_ws/pico/pico-sdk/src/rp2_common/pico_printf/printf.c.obj
 .rodata.pow10.0
                0x1000f270       0x50 CMakeFiles/pico_exam.dir/D_/vscode_ws/pico/pico-sdk/src/rp2_common/pico_printf/printf.c.obj
 .rodata.str1.4
                0x1000f2c0       0x40 CMakeFiles/pico_exam.dir/D_/vscode_ws/pico/pico-sdk/src/rp2_common/pico_standard_link/binary_info.c.obj
 .rodata.__bi_44
                0x1000f300        0xc CMakeFiles/pico_exam.dir/D_/vscode_ws/pico/pico-sdk/src/rp2_common/pico_standard_link/binary_info.c.obj
 .rodata.__bi_75
                0x1000f30c        0xc CMakeFiles/pico_exam.dir/D_/vscode_ws/pico/pico-sdk/src/rp2_common/pico_standard_link/binary_info.c.obj
 .rodata.__bi_81
                0x1000f318        0xc CMakeFiles/pico_exam.dir/D_/vscode_ws/pico/pico-sdk/src/rp2_common/pico_standard_link/binary_info.c.obj
 .rodata.crlf_str.0
                0x1000f324        0x2 CMakeFiles/pico_exam.dir/D_/vscode_ws/pico/pico-sdk/src/rp2_common/pico_stdio/stdio.c.obj
 *fill*         0x1000f326        0x2 
 .rodata._resetd_driver
                0x1000f328       0x18 CMakeFiles/pico_exam.dir/D_/vscode_ws/pico/pico-sdk/src/rp2_common/pico_stdio_usb/reset_interface.c.obj
 .rodata.str1.4
                0x1000f340       0x13 CMakeFiles/pico_exam.dir/D_/vscode_ws/pico/pico-sdk/src/rp2_common/pico_stdio_usb/stdio_usb.c.obj
 *fill*         0x1000f353        0x1 
 .rodata.__bi_93.0
                0x1000f354        0xc CMakeFiles/pico_exam.dir/D_/vscode_ws/pico/pico-sdk/src/rp2_common/pico_stdio_usb/stdio_usb.c.obj
 .rodata.str1.4
                0x1000f360       0x2a CMakeFiles/pico_exam.dir/D_/vscode_ws/pico/pico-sdk/src/rp2_common/pico_stdio_usb/stdio_usb_descriptors.c.obj
 *fill*         0x1000f38a        0x2 
 .rodata.usbd_desc_cfg
                0x1000f38c       0x54 CMakeFiles/pico_exam.dir/D_/vscode_ws/pico/pico-sdk/src/rp2_common/pico_stdio_usb/stdio_usb_descriptors.c.obj
 .rodata.usbd_desc_device
                0x1000f3e0       0x12 CMakeFiles/pico_exam.dir/D_/vscode_ws/pico/pico-sdk/src/rp2_common/pico_stdio_usb/stdio_usb_descriptors.c.obj
 *fill*         0x1000f3f2        0x2 
 .rodata.usbd_desc_str
                0x1000f3f4       0x18 CMakeFiles/pico_exam.dir/D_/vscode_ws/pico/pico-sdk/src/rp2_common/pico_stdio_usb/stdio_usb_descriptors.c.obj
 .rodata.dcd_rp2040_irq.str1.4
                0x1000f40c       0x14 CMakeFiles/pico_exam.dir/D_/vscode_ws/pico/pico-sdk/lib/tinyusb/src/portable/raspberrypi/rp2040/dcd_rp2040.c.obj
 .rodata._hw_endpoint_buffer_control_update32.part.0.isra.0.str1.4
                0x1000f420       0x1f CMakeFiles/pico_exam.dir/D_/vscode_ws/pico/pico-sdk/lib/tinyusb/src/portable/raspberrypi/rp2040/rp2040_usb.c.obj
 *fill*         0x1000f43f        0x1 
 .rodata.hw_endpoint_xfer_continue.str1.4
                0x1000f440       0x29 CMakeFiles/pico_exam.dir/D_/vscode_ws/pico/pico-sdk/lib/tinyusb/src/portable/raspberrypi/rp2040/rp2040_usb.c.obj
 *fill*         0x1000f469        0x3 
 .rodata.str1.4
                0x1000f46c        0x7 CMakeFiles/pico_exam.dir/D_/vscode_ws/pico/pico-sdk/lib/tinyusb/src/portable/raspberrypi/rp2040/rp2040_usb.c.obj
 *fill*         0x1000f473        0x1 
 .rodata.tud_task
                0x1000f474       0x8c CMakeFiles/pico_exam.dir/D_/vscode_ws/pico/pico-sdk/lib/tinyusb/src/device/usbd.c.obj
 .rodata._usbd_driver
                0x1000f500       0x18 CMakeFiles/pico_exam.dir/D_/vscode_ws/pico/pico-sdk/lib/tinyusb/src/device/usbd.c.obj
 .rodata._strtod_l.str1.4
                0x1000f518        0xf c:/tools/gcc-arm-none-eabi-10.3-2021.10/bin/../lib/gcc/arm-none-eabi/10.3.1/../../../../arm-none-eabi/lib/thumb/v6-m/nofp\libc.a(lib_a-strtod.o)
                                 0x11 (size before relaxing)
 *fill*         0x1000f527        0x1 
 .rodata._strtod_l
                0x1000f528       0xd0 c:/tools/gcc-arm-none-eabi-10.3-2021.10/bin/../lib/gcc/arm-none-eabi/10.3.1/../../../../arm-none-eabi/lib/thumb/v6-m/nofp\libc.a(lib_a-strtod.o)
 .rodata.fpi.1  0x1000f5f8       0x14 c:/tools/gcc-arm-none-eabi-10.3-2021.10/bin/../lib/gcc/arm-none-eabi/10.3.1/../../../../arm-none-eabi/lib/thumb/v6-m/nofp\libc.a(lib_a-strtod.o)
 .rodata.fpinan.0
                0x1000f60c       0x14 c:/tools/gcc-arm-none-eabi-10.3-2021.10/bin/../lib/gcc/arm-none-eabi/10.3.1/../../../../arm-none-eabi/lib/thumb/v6-m/nofp\libc.a(lib_a-strtod.o)
 .rodata.tinytens
                0x1000f620       0x28 c:/tools/gcc-arm-none-eabi-10.3-2021.10/bin/../lib/gcc/arm-none-eabi/10.3.1/../../../../arm-none-eabi/lib/thumb/v6-m/nofp\libc.a(lib_a-strtod.o)
 .rodata._ctype_
                0x1000f648      0x101 c:/tools/gcc-arm-none-eabi-10.3-2021.10/bin/../lib/gcc/arm-none-eabi/10.3.1/../../../../arm-none-eabi/lib/thumb/v6-m/nofp\libc.a(lib_a-ctype_.o)
                0x1000f648                _ctype_
 *fill*         0x1000f749        0x3 
 .rodata.__gethex.str1.4
                0x1000f74c       0x9a c:/tools/gcc-arm-none-eabi-10.3-2021.10/bin/../lib/gcc/arm-none-eabi/10.3.1/../../../../arm-none-eabi/lib/thumb/v6-m/nofp\libc.a(lib_a-gdtoa-gethex.o)
 *fill*         0x1000f7e6        0x2 
 .rodata.__hexdig
                0x1000f7e8      0x100 c:/tools/gcc-arm-none-eabi-10.3-2021.10/bin/../lib/gcc/arm-none-eabi/10.3.1/../../../../arm-none-eabi/lib/thumb/v6-m/nofp\libc.a(lib_a-gdtoa-gethex.o)
                0x1000f7e8                __hexdig
 .rodata.str1.4
                0x1000f8e8        0x5 c:/tools/gcc-arm-none-eabi-10.3-2021.10/bin/../lib/gcc/arm-none-eabi/10.3.1/../../../../arm-none-eabi/lib/thumb/v6-m/nofp\libc.a(lib_a-lnumeric.o)
 .rodata._C_numeric_locale
                0x1000f8e8        0xc c:/tools/gcc-arm-none-eabi-10.3-2021.10/bin/../lib/gcc/arm-none-eabi/10.3.1/../../../../arm-none-eabi/lib/thumb/v6-m/nofp\libc.a(lib_a-lnumeric.o)
                0x1000f8e8                _C_numeric_locale
 .rodata._setlocale_r.str1.4
                0x1000f8f4        0x6 c:/tools/gcc-arm-none-eabi-10.3-2021.10/bin/../lib/gcc/arm-none-eabi/10.3.1/../../../../arm-none-eabi/lib/thumb/v6-m/nofp\libc.a(lib_a-locale.o)
                                  0xd (size before relaxing)
 .rodata.str1.4
                0x1000f8fa        0x2 c:/tools/gcc-arm-none-eabi-10.3-2021.10/bin/../lib/gcc/arm-none-eabi/10.3.1/../../../../arm-none-eabi/lib/thumb/v6-m/nofp\libc.a(lib_a-locale.o)
 *fill*         0x1000f8fa        0x2 
 .rodata.__multadd.str1.4
                0x1000f8fc       0x7f c:/tools/gcc-arm-none-eabi-10.3-2021.10/bin/../lib/gcc/arm-none-eabi/10.3.1/../../../../arm-none-eabi/lib/thumb/v6-m/nofp\libc.a(lib_a-mprec.o)
                                 0x93 (size before relaxing)
 *fill*         0x1000f97b        0x5 
 .rodata.__mprec_bigtens
                0x1000f980       0x28 c:/tools/gcc-arm-none-eabi-10.3-2021.10/bin/../lib/gcc/arm-none-eabi/10.3.1/../../../../arm-none-eabi/lib/thumb/v6-m/nofp\libc.a(lib_a-mprec.o)
                0x1000f980                __mprec_bigtens
 .rodata.__mprec_tens
                0x1000f9a8       0xc8 c:/tools/gcc-arm-none-eabi-10.3-2021.10/bin/../lib/gcc/arm-none-eabi/10.3.1/../../../../arm-none-eabi/lib/thumb/v6-m/nofp\libc.a(lib_a-mprec.o)
                0x1000f9a8                __mprec_tens
 .rodata.p05.0  0x1000fa70        0xc c:/tools/gcc-arm-none-eabi-10.3-2021.10/bin/../lib/gcc/arm-none-eabi/10.3.1/../../../../arm-none-eabi/lib/thumb/v6-m/nofp\libc.a(lib_a-mprec.o)
                0x1000fa7c                . = ALIGN (0x4)
 *(SORT_BY_ALIGNMENT(SORT_BY_NAME(.flashdata*)))
                0x1000fa7c                . = ALIGN (0x4)

.rel.dyn        0x1000fa7c        0x0
 .rel.iplt      0x1000fa7c        0x0 c:/tools/gcc-arm-none-eabi-10.3-2021.10/bin/../lib/gcc/arm-none-eabi/10.3.1/thumb/v6-m/nofp/crtbegin.o

.ARM.extab
 *(.ARM.extab* .gnu.linkonce.armextab.*)
                0x1000fa7c                __exidx_start = .

.ARM.exidx
 *(.ARM.exidx* .gnu.linkonce.armexidx.*)
                0x1000fa7c                __exidx_end = .
                0x1000fa7c                . = ALIGN (0x4)
                0x1000fa7c                __binary_info_start = .

.binary_info    0x1000fa7c       0x20
 *(.binary_info.keep.*)
 .binary_info.keep.__bi_ptr22
                0x1000fa7c        0x4 CMakeFiles/pico_exam.dir/D_/vscode_ws/pico/pico-sdk/src/rp2_common/pico_standard_link/binary_info.c.obj
 .binary_info.keep.__bi_ptr30
                0x1000fa80        0x4 CMakeFiles/pico_exam.dir/D_/vscode_ws/pico/pico-sdk/src/rp2_common/pico_standard_link/binary_info.c.obj
 .binary_info.keep.__bi_ptr38
                0x1000fa84        0x4 CMakeFiles/pico_exam.dir/D_/vscode_ws/pico/pico-sdk/src/rp2_common/pico_standard_link/binary_info.c.obj
 .binary_info.keep.__bi_ptr44
                0x1000fa88        0x4 CMakeFiles/pico_exam.dir/D_/vscode_ws/pico/pico-sdk/src/rp2_common/pico_standard_link/binary_info.c.obj
 .binary_info.keep.__bi_ptr50
                0x1000fa8c        0x4 CMakeFiles/pico_exam.dir/D_/vscode_ws/pico/pico-sdk/src/rp2_common/pico_standard_link/binary_info.c.obj
 .binary_info.keep.__bi_ptr75
                0x1000fa90        0x4 CMakeFiles/pico_exam.dir/D_/vscode_ws/pico/pico-sdk/src/rp2_common/pico_standard_link/binary_info.c.obj
 .binary_info.keep.__bi_ptr81
                0x1000fa94        0x4 CMakeFiles/pico_exam.dir/D_/vscode_ws/pico/pico-sdk/src/rp2_common/pico_standard_link/binary_info.c.obj
 *(.binary_info.*)
 .binary_info.__bi_ptr93
                0x1000fa98        0x4 CMakeFiles/pico_exam.dir/D_/vscode_ws/pico/pico-sdk/src/rp2_common/pico_stdio_usb/stdio_usb.c.obj
                0x1000fa9c                __binary_info_end = .
                0x1000fa9c                . = ALIGN (0x4)
                0x1000fa9c                __etext = .

.ram_vector_table
                0x20000000       0xc0
 *(.ram_vector_table)
 .ram_vector_table
                0x20000000       0xc0 CMakeFiles/pico_exam.dir/D_/vscode_ws/pico/pico-sdk/src/rp2_common/pico_runtime/runtime.c.obj
                0x20000000                ram_vector_table

.data           0x200000c0      0xe20 load address 0x1000fa9c
                0x200000c0                __data_start__ = .
 *(vtable)
 *(.time_critical*)
 .time_critical.mutex_enter_blocking
                0x200000c0       0x48 CMakeFiles/pico_exam.dir/D_/vscode_ws/pico/pico-sdk/src/common/pico_sync/mutex.c.obj
                0x200000c0                mutex_enter_blocking
 .time_critical.mutex_try_enter
                0x20000108       0x44 CMakeFiles/pico_exam.dir/D_/vscode_ws/pico/pico-sdk/src/common/pico_sync/mutex.c.obj
                0x20000108                mutex_try_enter
 .time_critical.mutex_enter_timeout_ms
                0x2000014c       0xa0 CMakeFiles/pico_exam.dir/D_/vscode_ws/pico/pico-sdk/src/common/pico_sync/mutex.c.obj
                0x2000014c                mutex_enter_timeout_ms
 .time_critical.mutex_exit
                0x200001ec       0x28 CMakeFiles/pico_exam.dir/D_/vscode_ws/pico/pico-sdk/src/common/pico_sync/mutex.c.obj
                0x200001ec                mutex_exit
 .time_critical.flash_init_boot2_copyout
                0x20000214       0x30 CMakeFiles/pico_exam.dir/D_/vscode_ws/pico/pico-sdk/src/rp2_common/hardware_flash/flash.c.obj
 .time_critical.flash_enable_xip_via_boot2
                0x20000244       0x10 CMakeFiles/pico_exam.dir/D_/vscode_ws/pico/pico-sdk/src/rp2_common/hardware_flash/flash.c.obj
 .time_critical.flash_cs_force
                0x20000254       0x38 CMakeFiles/pico_exam.dir/D_/vscode_ws/pico/pico-sdk/src/rp2_common/hardware_flash/flash.c.obj
 .time_critical.flash_do_cmd
                0x2000028c       0xc4 CMakeFiles/pico_exam.dir/D_/vscode_ws/pico/pico-sdk/src/rp2_common/hardware_flash/flash.c.obj
                0x2000028c                flash_do_cmd
 *(.text*)
 .text          0x20000350        0x4 c:/tools/gcc-arm-none-eabi-10.3-2021.10/bin/../lib/gcc/arm-none-eabi/10.3.1/thumb/v6-m/nofp\libgcc.a(_dvmd_tls.o)
                0x20000350                __aeabi_idiv0
                0x20000350                __aeabi_ldiv0
 .text.memmove  0x20000354       0xac c:/tools/gcc-arm-none-eabi-10.3-2021.10/bin/../lib/gcc/arm-none-eabi/10.3.1/../../../../arm-none-eabi/lib/thumb/v6-m/nofp\libc.a(lib_a-memmove.o)
                0x20000354                memmove
 .text.memmove.__stub
                0x20000400       0x30 linker stubs
                0x20000430                . = ALIGN (0x4)
 *(.rodata*)
                0x20000430                . = ALIGN (0x4)
 *(.data*)
 .data.is_boot_log
                0x20000430        0x1 CMakeFiles/pico_exam.dir/hw/driver/log.c.obj
 .data.is_enable
                0x20000431        0x1 CMakeFiles/pico_exam.dir/hw/driver/log.c.obj
 .data.striped_spin_lock_num
                0x20000432        0x1 CMakeFiles/pico_exam.dir/D_/vscode_ws/pico/pico-sdk/src/rp2_common/hardware_sync/sync.c.obj
 *fill*         0x20000433        0x1 
 .data.default_alarm_pool
                0x20000434       0x18 CMakeFiles/pico_exam.dir/D_/vscode_ws/pico/pico-sdk/src/common/pico_time/time.c.obj
 .data.default_alarm_pool_heap
                0x2000044c       0x10 CMakeFiles/pico_exam.dir/D_/vscode_ws/pico/pico-sdk/src/common/pico_time/time.c.obj
 .data          0x2000045c       0x48 CMakeFiles/pico_exam.dir/D_/vscode_ws/pico/pico-sdk/src/rp2_common/hardware_irq/irq_handler_chain.S.obj
                0x2000045c                irq_handler_chain_slots
                0x2000048c                irq_handler_chain_first_slot
                0x20000496                irq_handler_chain_remove_tail
 *fill*         0x200004a4        0xc 
 .data.aeabi_bits_funcs
                0x200004b0       0x10 CMakeFiles/pico_exam.dir/D_/vscode_ws/pico/pico-sdk/src/rp2_common/pico_bit_ops/bit_ops_aeabi.S.obj
                0x200004b0                aeabi_bits_funcs
                0x200004c0                aeabi_bits_funcs_end
 .data.aeabi_mem_funcs
                0x200004c0       0x10 CMakeFiles/pico_exam.dir/D_/vscode_ws/pico/pico-sdk/src/rp2_common/pico_mem_ops/mem_ops_aeabi.S.obj
                0x200004c0                aeabi_mem_funcs
                0x200004d0                aeabi_mem_funcs_end
 .data.stdio_usb
                0x200004d0       0x14 CMakeFiles/pico_exam.dir/D_/vscode_ws/pico/pico-sdk/src/rp2_common/pico_stdio_usb/stdio_usb.c.obj
                0x200004d0                stdio_usb
 .data.ep_dir_string
                0x200004e4        0x8 CMakeFiles/pico_exam.dir/D_/vscode_ws/pico/pico-sdk/lib/tinyusb/src/portable/raspberrypi/rp2040/rp2040_usb.c.obj
                0x200004e4                ep_dir_string
 .data._usbd_qdef
                0x200004ec       0x24 CMakeFiles/pico_exam.dir/D_/vscode_ws/pico/pico-sdk/lib/tinyusb/src/device/usbd.c.obj
                0x200004ec                _usbd_qdef
 .data._impure_ptr
                0x20000510        0x4 c:/tools/gcc-arm-none-eabi-10.3-2021.10/bin/../lib/gcc/arm-none-eabi/10.3.1/../../../../arm-none-eabi/lib/thumb/v6-m/nofp\libc.a(lib_a-impure.o)
                0x20000510                _impure_ptr
 *fill*         0x20000514        0x4 
 .data.impure_data
                0x20000518      0x428 c:/tools/gcc-arm-none-eabi-10.3-2021.10/bin/../lib/gcc/arm-none-eabi/10.3.1/../../../../arm-none-eabi/lib/thumb/v6-m/nofp\libc.a(lib_a-impure.o)
 .data.__malloc_av_
                0x20000940      0x408 c:/tools/gcc-arm-none-eabi-10.3-2021.10/bin/../lib/gcc/arm-none-eabi/10.3.1/../../../../arm-none-eabi/lib/thumb/v6-m/nofp\libc.a(lib_a-mallocr.o)
                0x20000940                __malloc_av_
 .data.__malloc_sbrk_base
                0x20000d48        0x4 c:/tools/gcc-arm-none-eabi-10.3-2021.10/bin/../lib/gcc/arm-none-eabi/10.3.1/../../../../arm-none-eabi/lib/thumb/v6-m/nofp\libc.a(lib_a-mallocr.o)
                0x20000d48                __malloc_sbrk_base
 .data.__malloc_trim_threshold
                0x20000d4c        0x4 c:/tools/gcc-arm-none-eabi-10.3-2021.10/bin/../lib/gcc/arm-none-eabi/10.3.1/../../../../arm-none-eabi/lib/thumb/v6-m/nofp\libc.a(lib_a-mallocr.o)
                0x20000d4c                __malloc_trim_threshold
 .data.numempty
                0x20000d50        0x2 c:/tools/gcc-arm-none-eabi-10.3-2021.10/bin/../lib/gcc/arm-none-eabi/10.3.1/../../../../arm-none-eabi/lib/thumb/v6-m/nofp\libc.a(lib_a-lnumeric.o)
 *fill*         0x20000d52        0x2 
 .data.__global_locale
                0x20000d54      0x16c c:/tools/gcc-arm-none-eabi-10.3-2021.10/bin/../lib/gcc/arm-none-eabi/10.3.1/../../../../arm-none-eabi/lib/thumb/v6-m/nofp\libc.a(lib_a-locale.o)
                0x20000d54                __global_locale
                0x20000ec0                . = ALIGN (0x4)
 *(.after_data.*)
                0x20000ec0                . = ALIGN (0x4)
                0x20000ec0                PROVIDE (__mutex_array_start = .)
 *(SORT_BY_NAME(.mutex_array.*))
 *(.mutex_array)
 .mutex_array   0x20000ec0        0x8 CMakeFiles/pico_exam.dir/D_/vscode_ws/pico/pico-sdk/src/rp2_common/pico_stdio/stdio.c.obj
                0x20000ec8                PROVIDE (__mutex_array_end = .)
                0x20000ec8                . = ALIGN (0x4)
                0x20000ec8                PROVIDE (__preinit_array_start = .)
 *(SORT_BY_NAME(.preinit_array.*))
 .preinit_array.00001
                0x20000ec8        0x4 CMakeFiles/pico_exam.dir/D_/vscode_ws/pico/pico-sdk/src/rp2_common/pico_mem_ops/mem_ops_aeabi.S.obj
 .preinit_array.00010
                0x20000ecc        0x4 CMakeFiles/pico_exam.dir/D_/vscode_ws/pico/pico-sdk/src/rp2_common/pico_bit_ops/bit_ops_aeabi.S.obj
 .preinit_array.00020
                0x20000ed0        0x4 CMakeFiles/pico_exam.dir/D_/vscode_ws/pico/pico-sdk/src/rp2_common/pico_double/double_aeabi.S.obj
 .preinit_array.00020
                0x20000ed4        0x4 CMakeFiles/pico_exam.dir/D_/vscode_ws/pico/pico-sdk/src/rp2_common/pico_float/float_aeabi.S.obj
 *(.preinit_array)
                0x20000ed8                PROVIDE (__preinit_array_end = .)
                0x20000ed8                . = ALIGN (0x4)
                0x20000ed8                PROVIDE (__init_array_start = .)
 *(SORT_BY_NAME(.init_array.*))
 *(.init_array)
 .init_array    0x20000ed8        0x4 c:/tools/gcc-arm-none-eabi-10.3-2021.10/bin/../lib/gcc/arm-none-eabi/10.3.1/thumb/v6-m/nofp/crtbegin.o
 .init_array    0x20000edc        0x4 CMakeFiles/pico_exam.dir/D_/vscode_ws/pico/pico-sdk/src/rp2_common/pico_unique_id/unique_id.c.obj
                0x20000ee0                PROVIDE (__init_array_end = .)
                0x20000ee0                . = ALIGN (0x4)
                [!provide]                PROVIDE (__fini_array_start = .)
 *(SORT_BY_NAME(.fini_array.*))
 *(.fini_array)
                [!provide]                PROVIDE (__fini_array_end = .)
 *(.jcr)
                0x20000ee0                . = ALIGN (0x4)
                0x20000ee0                __data_end__ = .

.igot.plt       0x20000ee0        0x0 load address 0x100108bc
 .igot.plt      0x20000ee0        0x0 c:/tools/gcc-arm-none-eabi-10.3-2021.10/bin/../lib/gcc/arm-none-eabi/10.3.1/thumb/v6-m/nofp/crtbegin.o

.uninitialized_data