Archive member included to satisfy reference by file (symbol)

c:/tools/gcc-arm-none-eabi-10.3-2021.10/bin/../lib/gcc/arm-none-eabi/10.3.1/thumb/v6-m/nofp\libgcc.a(_dvmd_tls.o)
                              CMakeFiles/pico_lcd.dir/D_/vscode_ws/pico/pico-sdk/src/rp2_common/pico_divider/divider.S.obj (__aeabi_idiv0)
c:/tools/gcc-arm-none-eabi-10.3-2021.10/bin/../lib/gcc/arm-none-eabi/10.3.1/../../../../arm-none-eabi/lib/thumb/v6-m/nofp\libc.a(lib_a-calloc.o)
                              CMakeFiles/pico_lcd.dir/D_/vscode_ws/pico/pico-sdk/src/rp2_common/pico_malloc/pico_malloc.c.obj (calloc)
c:/tools/gcc-arm-none-eabi-10.3-2021.10/bin/../lib/gcc/arm-none-eabi/10.3.1/../../../../arm-none-eabi/lib/thumb/v6-m/nofp\libc.a(lib_a-callocr.o)
                              c:/tools/gcc-arm-none-eabi-10.3-2021.10/bin/../lib/gcc/arm-none-eabi/10.3.1/../../../../arm-none-eabi/lib/thumb/v6-m/nofp\libc.a(lib_a-calloc.o) (_calloc_r)
c:/tools/gcc-arm-none-eabi-10.3-2021.10/bin/../lib/gcc/arm-none-eabi/10.3.1/../../../../arm-none-eabi/lib/thumb/v6-m/nofp\libc.a(lib_a-errno.o)
                              c:/tools/gcc-arm-none-eabi-10.3-2021.10/bin/../lib/gcc/arm-none-eabi/10.3.1/../../../../arm-none-eabi/lib/thumb/v6-m/nofp\libc.a(lib_a-callocr.o) (__errno)
c:/tools/gcc-arm-none-eabi-10.3-2021.10/bin/../lib/gcc/arm-none-eabi/10.3.1/../../../../arm-none-eabi/lib/thumb/v6-m/nofp\libc.a(lib_a-impure.o)
                              c:/tools/gcc-arm-none-eabi-10.3-2021.10/bin/../lib/gcc/arm-none-eabi/10.3.1/../../../../arm-none-eabi/lib/thumb/v6-m/nofp\libc.a(lib_a-calloc.o) (_impure_ptr)
c:/tools/gcc-arm-none-eabi-10.3-2021.10/bin/../lib/gcc/arm-none-eabi/10.3.1/../../../../arm-none-eabi/lib/thumb/v6-m/nofp\libc.a(lib_a-init.o)
                              c:/tools/gcc-arm-none-eabi-10.3-2021.10/bin/../lib/gcc/arm-none-eabi/10.3.1/../../../../arm-none-eabi/lib/thumb/v6-m/nofp/crt0.o (__libc_init_array)
c:/tools/gcc-arm-none-eabi-10.3-2021.10/bin/../lib/gcc/arm-none-eabi/10.3.1/../../../../arm-none-eabi/lib/thumb/v6-m/nofp\libc.a(lib_a-malloc.o)
                              CMakeFiles/pico_lcd.dir/D_/vscode_ws/pico/pico-sdk/src/rp2_common/pico_malloc/pico_malloc.c.obj (malloc)
c:/tools/gcc-arm-none-eabi-10.3-2021.10/bin/../lib/gcc/arm-none-eabi/10.3.1/../../../../arm-none-eabi/lib/thumb/v6-m/nofp\libc.a(lib_a-mallocr.o)
                              c:/tools/gcc-arm-none-eabi-10.3-2021.10/bin/../lib/gcc/arm-none-eabi/10.3.1/../../../../arm-none-eabi/lib/thumb/v6-m/nofp\libc.a(lib_a-callocr.o) (_malloc_r)
c:/tools/gcc-arm-none-eabi-10.3-2021.10/bin/../lib/gcc/arm-none-eabi/10.3.1/../../../../arm-none-eabi/lib/thumb/v6-m/nofp\libc.a(lib_a-memmove.o)
                              CMakeFiles/pico_lcd.dir/hw/driver/cli.c.obj (memmove)
c:/tools/gcc-arm-none-eabi-10.3-2021.10/bin/../lib/gcc/arm-none-eabi/10.3.1/../../../../arm-none-eabi/lib/thumb/v6-m/nofp\libc.a(lib_a-mlock.o)
                              c:/tools/gcc-arm-none-eabi-10.3-2021.10/bin/../lib/gcc/arm-none-eabi/10.3.1/../../../../arm-none-eabi/lib/thumb/v6-m/nofp\libc.a(lib_a-mallocr.o) (__malloc_lock)
c:/tools/gcc-arm-none-eabi-10.3-2021.10/bin/../lib/gcc/arm-none-eabi/10.3.1/../../../../arm-none-eabi/lib/thumb/v6-m/nofp\libc.a(lib_a-sbrkr.o)
                              c:/tools/gcc-arm-none-eabi-10.3-2021.10/bin/../lib/gcc/arm-none-eabi/10.3.1/../../../../arm-none-eabi/lib/thumb/v6-m/nofp\libc.a(lib_a-mallocr.o) (_sbrk_r)
c:/tools/gcc-arm-none-eabi-10.3-2021.10/bin/../lib/gcc/arm-none-eabi/10.3.1/../../../../arm-none-eabi/lib/thumb/v6-m/nofp\libc.a(lib_a-strcmp.o)
                              CMakeFiles/pico_lcd.dir/hw/driver/cli.c.obj (strcmp)
c:/tools/gcc-arm-none-eabi-10.3-2021.10/bin/../lib/gcc/arm-none-eabi/10.3.1/../../../../arm-none-eabi/lib/thumb/v6-m/nofp\libc.a(lib_a-strcpy.o)
                              CMakeFiles/pico_lcd.dir/hw/driver/cli.c.obj (strcpy)
c:/tools/gcc-arm-none-eabi-10.3-2021.10/bin/../lib/gcc/arm-none-eabi/10.3.1/../../../../arm-none-eabi/lib/thumb/v6-m/nofp\libc.a(lib_a-strlen-stub.o)
                              CMakeFiles/pico_lcd.dir/D_/vscode_ws/pico/pico-sdk/src/rp2_common/pico_stdio/stdio.c.obj (strlen)
c:/tools/gcc-arm-none-eabi-10.3-2021.10/bin/../lib/gcc/arm-none-eabi/10.3.1/../../../../arm-none-eabi/lib/thumb/v6-m/nofp\libc.a(lib_a-strtod.o)
                              CMakeFiles/pico_lcd.dir/hw/driver/cli.c.obj (strtof)
c:/tools/gcc-arm-none-eabi-10.3-2021.10/bin/../lib/gcc/arm-none-eabi/10.3.1/../../../../arm-none-eabi/lib/thumb/v6-m/nofp\libc.a(lib_a-strtok_r.o)
                              CMakeFiles/pico_lcd.dir/hw/driver/cli.c.obj (strtok_r)
c:/tools/gcc-arm-none-eabi-10.3-2021.10/bin/../lib/gcc/arm-none-eabi/10.3.1/../../../../arm-none-eabi/lib/thumb/v6-m/nofp\libc.a(lib_a-strtoul.o)
                              CMakeFiles/pico_lcd.dir/hw/driver/cli.c.obj (strtoul)
c:/tools/gcc-arm-none-eabi-10.3-2021.10/bin/../lib/gcc/arm-none-eabi/10.3.1/../../../../arm-none-eabi/lib/thumb/v6-m/nofp\libc.a(lib_a-ctype_.o)
[...]
Memory Configuration

Name             Origin             Length             Attributes
FLASH            0x10000000         0x00200000         xr
RAM              0x20000000         0x00040000         xrw
SCRATCH_X        0x20040000         0x00001000         xrw
SCRATCH_Y        0x20041000         0x00001000         xrw
*default*        0x00000000         0xffffffff

Linker script and memory map

LOAD c:/tools/gcc-arm-none-eabi-10.3-2021.10/bin/../lib/gcc/arm-none-eabi/10.3.1/thumb/v6-m/nofp/crti.o
LOAD c:/tools/gcc-arm-none-eabi-10.3-2021.10/bin/../lib/gcc/arm-none-eabi/10.3.1/thumb/v6-m/nofp/crtbegin.o
LOAD c:/tools/gcc-arm-none-eabi-10.3-2021.10/bin/../lib/gcc/arm-none-eabi/10.3.1/../../../../arm-none-eabi/lib/thumb/v6-m/nofp/crt0.o

.flash_begin    0x10000000        0x0
                0x10000000                __flash_binary_start = .

.boot2          0x10000000      0x100
                0x10000000                __boot2_start__ = .
 *(.boot2)
 .boot2         0x10000000      0x100 C:\Users\gns2l\AppData\Local\Temp\cc8OsV4X.o
                0x10000100                __boot2_end__ = .
                0x00000001                ASSERT (((__boot2_end__ - __boot2_start__) == 0x100), ERROR: Pico second stage bootloader must be 256 bytes in size)

.text           0x10000100     0xdd10
                0x10000100                __logical_binary_start = .
 *(.vectors)
 .vectors       0x10000100       0xd4 CMakeFiles/pico_lcd.dir/D_/vscode_ws/pico/pico-sdk/src/rp2_common/pico_standard_link/crt0.S.obj
                0x10000100                __VECTOR_TABLE
                0x10000100                __vectors
                0x100001c0                isr_invalid
                0x100001c0                __default_isrs_start
                0x100001c2                isr_nmi
                0x100001c4                isr_hardfault
                0x100001c6                isr_svcall
                0x100001c8                isr_pendsv
                0x100001ca                isr_systick
                0x100001cc                isr_irq23
                0x100001cc                isr_irq18
                0x100001cc                isr_irq11
                0x100001cc                isr_irq28
                0x100001cc                isr_irq19
                0x100001cc                isr_irq0
                0x100001cc                isr_irq6
                0x100001cc                isr_irq5
                0x100001cc                isr_irq12
                0x100001cc                isr_irq22
                0x100001cc                isr_irq31
                0x100001cc                isr_irq17
                0x100001cc                isr_irq27
                0x100001cc                isr_irq30
                0x100001cc                isr_irq2
                0x100001cc                isr_irq10
                0x100001cc                isr_irq8
                0x100001cc                isr_irq24
                0x100001cc                isr_irq1
                0x100001cc                isr_irq7
                0x100001cc                isr_irq21
                0x100001cc                isr_irq20
                0x100001cc                isr_irq15
                0x100001cc                isr_irq25
                0x100001cc                isr_irq13
                0x100001cc                __unhandled_user_irq
                0x100001cc                isr_irq4
                0x100001cc                isr_irq16
                0x100001cc                isr_irq29
                0x100001cc                isr_irq26
                0x100001cc                __default_isrs_end
                0x100001cc                isr_irq3
                0x100001cc                isr_irq14
                0x100001cc                isr_irq9
                0x100001d2                unhandled_user_irq_num_in_r0
 *(.binary_info_header)
 .binary_info_header
                0x100001d4       0x14 CMakeFiles/pico_lcd.dir/D_/vscode_ws/pico/pico-sdk/src/rp2_common/pico_standard_link/crt0.S.obj
                0x100001e8                __binary_info_header_end = .
 *(.reset)
 .reset         0x100001e8       0xa8 CMakeFiles/pico_lcd.dir/D_/vscode_ws/pico/pico-sdk/src/rp2_common/pico_standard_link/crt0.S.obj
                0x100001e8                _entry_point
                0x10000266                __get_current_exception
 .reset         0x10000290       0x30 CMakeFiles/pico_lcd.dir/D_/vscode_ws/pico/pico-sdk/src/rp2_common/pico_standard_link/binary_info.c.obj
 *(.init)
 .init          0x100002c0        0x4 c:/tools/gcc-arm-none-eabi-10.3-2021.10/bin/../lib/gcc/arm-none-eabi/10.3.1/thumb/v6-m/nofp/crti.o
                0x100002c0                _init
 *(EXCLUDE_FILE(*libm.a: *libc.a:*lib_a-mem*.o *libgcc.a:) .text*)
 .text          0x100002c4       0x48 c:/tools/gcc-arm-none-eabi-10.3-2021.10/bin/../lib/gcc/arm-none-eabi/10.3.1/thumb/v6-m/nofp/crtbegin.o
 .text.startup.main
                0x1000030c       0x14 CMakeFiles/pico_lcd.dir/main.cpp.obj
                0x1000030c                main
 .text._Z6apInitv
                0x10000320       0xb8 CMakeFiles/pico_lcd.dir/ap/ap.cpp.obj
                0x10000320                apInit()
 .text._Z6apMainv
                0x100003d8       0x24 CMakeFiles/pico_lcd.dir/ap/ap.cpp.obj
                0x100003d8                apMain()
 .text.bspInit  0x100003fc        0xc CMakeFiles/pico_lcd.dir/bsp/bsp.c.obj
                0x100003fc                bspInit
 .text.delay    0x10000408        0x8 CMakeFiles/pico_lcd.dir/bsp/bsp.c.obj
                0x10000408                delay
 .text.millis   0x10000410       0x20 CMakeFiles/pico_lcd.dir/bsp/bsp.c.obj
                0x10000410                millis
 .text.hwInit   0x10000430       0xdc CMakeFiles/pico_lcd.dir/hw/hw.c.obj
                0x10000430                hwInit
 .text.ledInit  0x1000050c       0x18 CMakeFiles/pico_lcd.dir/hw/driver/led.c.obj
                0x1000050c                ledInit
 .text.ledToggle
                0x10000524       0x10 CMakeFiles/pico_lcd.dir/hw/driver/led.c.obj
                0x10000524                ledToggle
 .text.uartInit
                0x10000534       0x14 CMakeFiles/pico_lcd.dir/hw/driver/uart.c.obj
                0x10000534                uartInit
 .text.uartOpen
                0x10000548       0x1c CMakeFiles/pico_lcd.dir/hw/driver/uart.c.obj
                0x10000548                uartOpen
 .text.uartAvailable
                0x10000564       0x14 CMakeFiles/pico_lcd.dir/hw/driver/uart.c.obj
                0x10000564                uartAvailable
 .text.uartRead
                0x10000578       0x28 CMakeFiles/pico_lcd.dir/hw/driver/uart.c.obj
                0x10000578                uartRead
 .text.uartWrite
                0x100005a0       0x1c CMakeFiles/pico_lcd.dir/hw/driver/uart.c.obj
                0x100005a0                uartWrite
 .text.uartPrintf
                0x100005bc       0x38 CMakeFiles/pico_lcd.dir/hw/driver/uart.c.obj
                0x100005bc                uartPrintf
 .text.cliArgsGetStr
                0x100005f4       0x24 CMakeFiles/pico_lcd.dir/hw/driver/cli.c.obj
 .text.cliArgsIsStr
                0x10000618       0x34 CMakeFiles/pico_lcd.dir/hw/driver/cli.c.obj
 .text.cliArgsGetFloat
                0x1000064c       0x2c CMakeFiles/pico_lcd.dir/hw/driver/cli.c.obj
 .text.cliArgsGetData
                0x10000678       0x2c CMakeFiles/pico_lcd.dir/hw/driver/cli.c.obj
 .text.cliShowLog.part.0
                0x100006a4       0xc8 CMakeFiles/pico_lcd.dir/hw/driver/cli.c.obj
 .text.cliInit  0x1000076c      0x398 CMakeFiles/pico_lcd.dir/hw/driver/cli.c.obj
                0x1000076c                cliInit
 .text.cliOpen  0x10000b04       0x14 CMakeFiles/pico_lcd.dir/hw/driver/cli.c.obj
                0x10000b04                cliOpen
 .text.cliWrite
                0x10000b18       0x18 CMakeFiles/pico_lcd.dir/hw/driver/cli.c.obj
                0x10000b18                cliWrite
 .text.cliPrintf
                0x10000b30       0x34 CMakeFiles/pico_lcd.dir/hw/driver/cli.c.obj
                0x10000b30                cliPrintf
 .text.cliShowList
                0x10000b64       0x5c CMakeFiles/pico_lcd.dir/hw/driver/cli.c.obj
                0x10000b64                cliShowList
 .text.cliMemoryDump
                0x10000bc0      0x11c CMakeFiles/pico_lcd.dir/hw/driver/cli.c.obj
                0x10000bc0                cliMemoryDump
 .text.cliMain  0x10000cdc      0x6b8 CMakeFiles/pico_lcd.dir/hw/driver/cli.c.obj
                0x10000cdc                cliMain
 .text.cliKeepLoop
                0x10001394       0x18 CMakeFiles/pico_lcd.dir/hw/driver/cli.c.obj
                0x10001394                cliKeepLoop
 .text.cliAdd   0x100013ac      0x198 CMakeFiles/pico_lcd.dir/hw/driver/cli.c.obj
                0x100013ac                cliAdd
 .text.cliCmd   0x10001544      0x124 CMakeFiles/pico_lcd.dir/hw/driver/log.c.obj
 .text.logInit  0x10001668       0x4c CMakeFiles/pico_lcd.dir/hw/driver/log.c.obj
                0x10001668                logInit
 .text.logBoot  0x100016b4       0x10 CMakeFiles/pico_lcd.dir/hw/driver/log.c.obj
                0x100016b4                logBoot
 .text.logOpen  0x100016c4       0x1c CMakeFiles/pico_lcd.dir/hw/driver/log.c.obj
                0x100016c4                logOpen
 .text.logPrintf
                0x100016e0      0x118 CMakeFiles/pico_lcd.dir/hw/driver/log.c.obj
                0x100016e0                logPrintf
 .text.cliGpio  0x100017f8      0x1d4 CMakeFiles/pico_lcd.dir/hw/driver/gpio.c.obj
 .text.gpioInit
                0x100019cc       0xb4 CMakeFiles/pico_lcd.dir/hw/driver/gpio.c.obj
                0x100019cc                gpioInit
 .text.gpioPinWrite
                0x10001a80       0x3c CMakeFiles/pico_lcd.dir/hw/driver/gpio.c.obj
                0x10001a80                gpioPinWrite
 .text.dma_complete
                0x10001abc       0x34 CMakeFiles/pico_lcd.dir/hw/driver/spi.c.obj
                0x10001abc                dma_complete
 .text.spiInit  0x10001af0       0x18 CMakeFiles/pico_lcd.dir/hw/driver/spi.c.obj
                0x10001af0                spiInit
 .text.spiBegin
                0x10001b08       0xc4 CMakeFiles/pico_lcd.dir/hw/driver/spi.c.obj
                0x10001b08                spiBegin
 .text.spiSetDataMode
                0x10001bcc       0x78 CMakeFiles/pico_lcd.dir/hw/driver/spi.c.obj
                0x10001bcc                spiSetDataMode
 .text.spiSetBitWidth
                0x10001c44       0x3c CMakeFiles/pico_lcd.dir/hw/driver/spi.c.obj
                0x10001c44                spiSetBitWidth
 .text.spiSetBaudRate
                0x10001c80       0x20 CMakeFiles/pico_lcd.dir/hw/driver/spi.c.obj
                0x10001c80                spiSetBaudRate
 .text.spiGetBaudRate
                0x10001ca0       0x20 CMakeFiles/pico_lcd.dir/hw/driver/spi.c.obj
                0x10001ca0                spiGetBaudRate
 .text.spiTransfer8
                0x10001cc0       0x3c CMakeFiles/pico_lcd.dir/hw/driver/spi.c.obj
                0x10001cc0                spiTransfer8
 .text.spiDmaTxTransfer
                0x10001cfc       0x7c CMakeFiles/pico_lcd.dir/hw/driver/spi.c.obj
                0x10001cfc                spiDmaTxTransfer
 .text.spiAttachTxInterrupt
                0x10001d78       0x18 CMakeFiles/pico_lcd.dir/hw/driver/spi.c.obj
                0x10001d78                spiAttachTxInterrupt
 .text.TransferDoneISR
                0x10001d90       0x58 CMakeFiles/pico_lcd.dir/hw/driver/lcd.c.obj
                0x10001d90                TransferDoneISR
 .text.lcdUpdateDraw.part.0
                0x10001de8       0x98 CMakeFiles/pico_lcd.dir/hw/driver/lcd.c.obj
 .text.lcdDrawPixel
                0x10001e80       0x24 CMakeFiles/pico_lcd.dir/hw/driver/lcd.c.obj
                0x10001e80                lcdDrawPixel
 .text.lcdInit  0x10001ea4       0xd8 CMakeFiles/pico_lcd.dir/hw/driver/lcd.c.obj
                0x10001ea4                lcdInit
 .text.lcdClearBuffer
                0x10001f7c       0x1c CMakeFiles/pico_lcd.dir/hw/driver/lcd.c.obj
                0x10001f7c                lcdClearBuffer
 .text.lcdSetFps
                0x10001f98        0xc CMakeFiles/pico_lcd.dir/hw/driver/lcd.c.obj
                0x10001f98                lcdSetFps
 .text.lcdUpdateDraw
                0x10001fa4       0x14 CMakeFiles/pico_lcd.dir/hw/driver/lcd.c.obj
                0x10001fa4                lcdUpdateDraw
 .text.lcdDrawLine
                0x10001fb8      0x108 CMakeFiles/pico_lcd.dir/hw/driver/lcd.c.obj
                0x10001fb8                lcdDrawLine
 .text.lcdDrawFillRect
                0x100020c0       0x40 CMakeFiles/pico_lcd.dir/hw/driver/lcd.c.obj
                0x100020c0                lcdDrawFillRect
 .text.lcdPrintf
                0x10002100      0x344 CMakeFiles/pico_lcd.dir/hw/driver/lcd.c.obj
                0x10002100                lcdPrintf
 .text.lcdDrawPixelBuffer
                0x10002444       0x10 CMakeFiles/pico_lcd.dir/hw/driver/lcd.c.obj
                0x10002444                lcdDrawPixelBuffer
 .text.lcdDrawPixelMix
                0x10002454       0x7c CMakeFiles/pico_lcd.dir/hw/driver/lcd.c.obj
                0x10002454                lcdDrawPixelMix
 .text.lcdPrintfResize
                0x100024d0      0x2ec CMakeFiles/pico_lcd.dir/hw/driver/lcd.c.obj
                0x100024d0                lcdPrintfResize
 .text.cliLcd   0x100027bc      0x280 CMakeFiles/pico_lcd.dir/hw/driver/lcd.c.obj
 .text.resizeImageFastGray
                0x10002a3c      0x1b8 CMakeFiles/pico_lcd.dir/hw/driver/resize.c.obj
                0x10002a3c                resizeImageFastGray
 .text.resizeImageNearest
                0x10002bf4       0xc4 CMakeFiles/pico_lcd.dir/hw/driver/resize.c.obj
                0x10002bf4                resizeImageNearest
 .text.ili9341GetWidth
                0x10002cb8        0x8 CMakeFiles/pico_lcd.dir/hw/driver/lcd/ili9341.c.obj
 .text.ili9341GetHeight
                0x10002cc0        0x4 CMakeFiles/pico_lcd.dir/hw/driver/lcd/ili9341.c.obj
 .text.ili9341SetCallBack
                0x10002cc4        0xc CMakeFiles/pico_lcd.dir/hw/driver/lcd/ili9341.c.obj
 .text.ili9341SendBuffer
                0x10002cd0       0x38 CMakeFiles/pico_lcd.dir/hw/driver/lcd/ili9341.c.obj
 .text.transferDoneISR
                0x10002d08       0x2c CMakeFiles/pico_lcd.dir/hw/driver/lcd/ili9341.c.obj
 .text.ili9341SetWindow
                0x10002d34      0x17c CMakeFiles/pico_lcd.dir/hw/driver/lcd/ili9341.c.obj
 .text.ili9341Reset
                0x10002eb0      0xb80 CMakeFiles/pico_lcd.dir/hw/driver/lcd/ili9341.c.obj
 .text.ili9341Init
                0x10003a30       0x14 CMakeFiles/pico_lcd.dir/hw/driver/lcd/ili9341.c.obj
                0x10003a30                ili9341Init
 .text.ili9341InitDriver
                0x10003a44       0x3c CMakeFiles/pico_lcd.dir/hw/driver/lcd/ili9341.c.obj
                0x10003a44                ili9341InitDriver
 .text.hanWanFontLoad
                0x10003a80      0x11c CMakeFiles/pico_lcd.dir/hw/driver/hangul/han.c.obj
                0x10003a80                hanWanFontLoad
 .text.hanUniFontLoad
                0x10003b9c      0x144 CMakeFiles/pico_lcd.dir/hw/driver/hangul/han.c.obj
                0x10003b9c                hanUniFontLoad
 .text.hanFontLoad
                0x10003ce0       0xd4 CMakeFiles/pico_lcd.dir/hw/driver/hangul/han.c.obj
                0x10003ce0                hanFontLoad
 .text.gpio_set_function
                0x10003db4       0x30 CMakeFiles/pico_lcd.dir/D_/vscode_ws/pico/pico-sdk/src/rp2_common/hardware_gpio/gpio.c.obj
                0x10003db4                gpio_set_function
 .text.gpio_set_pulls
                0x10003de4       0x30 CMakeFiles/pico_lcd.dir/D_/vscode_ws/pico/pico-sdk/src/rp2_common/hardware_gpio/gpio.c.obj
                0x10003de4                gpio_set_pulls
 .text.gpio_set_slew_rate
                0x10003e14       0x20 CMakeFiles/pico_lcd.dir/D_/vscode_ws/pico/pico-sdk/src/rp2_common/hardware_gpio/gpio.c.obj
                0x10003e14                gpio_set_slew_rate
 .text.gpio_init
                0x10003e34       0x3c CMakeFiles/pico_lcd.dir/D_/vscode_ws/pico/pico-sdk/src/rp2_common/hardware_gpio/gpio.c.obj
                0x10003e34                gpio_init
 .text.hw_claim_or_assert
                0x10003e70       0x44 CMakeFiles/pico_lcd.dir/D_/vscode_ws/pico/pico-sdk/src/rp2_common/hardware_claim/claim.c.obj
                0x10003e70                hw_claim_or_assert
 .text.hw_claim_unused_from_range
                0x10003eb4       0x9c CMakeFiles/pico_lcd.dir/D_/vscode_ws/pico/pico-sdk/src/rp2_common/hardware_claim/claim.c.obj
                0x10003eb4                hw_claim_unused_from_range
 .text.running_on_fpga
                0x10003f50       0x10 CMakeFiles/pico_lcd.dir/D_/vscode_ws/pico/pico-sdk/src/rp2_common/pico_platform/platform.c.obj
                0x10003f50                running_on_fpga
 .text.spin_locks_reset
                0x10003f60       0x1c CMakeFiles/pico_lcd.dir/D_/vscode_ws/pico/pico-sdk/src/rp2_common/hardware_sync/sync.c.obj
                0x10003f60                spin_locks_reset
 .text.next_striped_spin_lock_num
                0x10003f7c       0x18 CMakeFiles/pico_lcd.dir/D_/vscode_ws/pico/pico-sdk/src/rp2_common/hardware_sync/sync.c.obj
                0x10003f7c                next_striped_spin_lock_num
 .text.spin_lock_claim_unused
                0x10003f94       0x20 CMakeFiles/pico_lcd.dir/D_/vscode_ws/pico/pico-sdk/src/rp2_common/hardware_sync/sync.c.obj
                0x10003f94                spin_lock_claim_unused
 .text.timer_pool_entry_comparator
                0x10003fb4       0x34 CMakeFiles/pico_lcd.dir/D_/vscode_ws/pico/pico-sdk/src/common/pico_time/time.c.obj
                0x10003fb4                timer_pool_entry_comparator
 .text.sleep_until_callback
                0x10003fe8       0x30 CMakeFiles/pico_lcd.dir/D_/vscode_ws/pico/pico-sdk/src/common/pico_time/time.c.obj
 .text.add_alarm_under_lock.isra.0
                0x10004018      0x100 CMakeFiles/pico_lcd.dir/D_/vscode_ws/pico/pico-sdk/src/common/pico_time/time.c.obj
 .text.alarm_pool_alarm_callback
                0x10004118      0x1c8 CMakeFiles/pico_lcd.dir/D_/vscode_ws/pico/pico-sdk/src/common/pico_time/time.c.obj
 .text.alarm_pool_add_alarm_at.constprop.0
                0x100042e0      0x11c CMakeFiles/pico_lcd.dir/D_/vscode_ws/pico/pico-sdk/src/common/pico_time/time.c.obj
 .text.alarm_pool_init_default
                0x100043fc       0x64 CMakeFiles/pico_lcd.dir/D_/vscode_ws/pico/pico-sdk/src/common/pico_time/time.c.obj
                0x100043fc                alarm_pool_init_default
 .text.alarm_pool_get_default
                0x10004460        0x8 CMakeFiles/pico_lcd.dir/D_/vscode_ws/pico/pico-sdk/src/common/pico_time/time.c.obj
                0x10004460                alarm_pool_get_default
 .text.alarm_pool_add_alarm_at
                0x10004468      0x194 CMakeFiles/pico_lcd.dir/D_/vscode_ws/pico/pico-sdk/src/common/pico_time/time.c.obj
                0x10004468                alarm_pool_add_alarm_at
 .text.sleep_until
                0x100045fc       0xac CMakeFiles/pico_lcd.dir/D_/vscode_ws/pico/pico-sdk/src/common/pico_time/time.c.obj
                0x100045fc                sleep_until
 .text.sleep_ms
                0x100046a8       0x38 CMakeFiles/pico_lcd.dir/D_/vscode_ws/pico/pico-sdk/src/common/pico_time/time.c.obj
                0x100046a8                sleep_ms
 .text.best_effort_wfe_or_timeout
                0x100046e0       0xd4 CMakeFiles/pico_lcd.dir/D_/vscode_ws/pico/pico-sdk/src/common/pico_time/time.c.obj
                0x100046e0                best_effort_wfe_or_timeout
 .text.hardware_alarm_irq_handler
                0x100047b4       0xb8 CMakeFiles/pico_lcd.dir/D_/vscode_ws/pico/pico-sdk/src/rp2_common/hardware_timer/timer.c.obj
 .text.hardware_alarm_claim
                0x1000486c       0x18 CMakeFiles/pico_lcd.dir/D_/vscode_ws/pico/pico-sdk/src/rp2_common/hardware_timer/timer.c.obj
                0x1000486c                hardware_alarm_claim
 .text.time_us_64
                0x10004884       0x14 CMakeFiles/pico_lcd.dir/D_/vscode_ws/pico/pico-sdk/src/rp2_common/hardware_timer/timer.c.obj
                0x10004884                time_us_64
 .text.busy_wait_until
                0x10004898       0x20 CMakeFiles/pico_lcd.dir/D_/vscode_ws/pico/pico-sdk/src/rp2_common/hardware_timer/timer.c.obj
                0x10004898                busy_wait_until
 .text.hardware_alarm_set_callback
                0x100048b8       0x8c CMakeFiles/pico_lcd.dir/D_/vscode_ws/pico/pico-sdk/src/rp2_common/hardware_timer/timer.c.obj
                0x100048b8                hardware_alarm_set_callback
 .text.hardware_alarm_set_target
                0x10004944       0xe0 CMakeFiles/pico_lcd.dir/D_/vscode_ws/pico/pico-sdk/src/rp2_common/hardware_timer/timer.c.obj
                0x10004944                hardware_alarm_set_target
 .text.hardware_alarm_cancel
                0x10004a24       0x3c CMakeFiles/pico_lcd.dir/D_/vscode_ws/pico/pico-sdk/src/rp2_common/hardware_timer/timer.c.obj
                0x10004a24                hardware_alarm_cancel
 .text.lock_init
                0x10004a60       0x10 CMakeFiles/pico_lcd.dir/D_/vscode_ws/pico/pico-sdk/src/common/pico_sync/lock_core.c.obj
                0x10004a60                lock_init
 .text.mutex_init
                0x10004a70       0x1c CMakeFiles/pico_lcd.dir/D_/vscode_ws/pico/pico-sdk/src/common/pico_sync/mutex.c.obj
                0x10004a70                mutex_init
 .text.recursive_mutex_init
                0x10004a8c       0x1c CMakeFiles/pico_lcd.dir/D_/vscode_ws/pico/pico-sdk/src/common/pico_sync/mutex.c.obj
                0x10004a8c                recursive_mutex_init
 .text.critical_section_init
                0x10004aa8       0x20 CMakeFiles/pico_lcd.dir/D_/vscode_ws/pico/pico-sdk/src/common/pico_sync/critical_section.c.obj
                0x10004aa8                critical_section_init
 .text.ph_merge_nodes
                0x10004ac8       0x68 CMakeFiles/pico_lcd.dir/D_/vscode_ws/pico/pico-sdk/src/common/pico_util/pheap.c.obj
 .text.ph_post_alloc_init
                0x10004b30       0x3c CMakeFiles/pico_lcd.dir/D_/vscode_ws/pico/pico-sdk/src/common/pico_util/pheap.c.obj
                0x10004b30                ph_post_alloc_init
 .text.ph_merge_two_pass
                0x10004b6c       0x90 CMakeFiles/pico_lcd.dir/D_/vscode_ws/pico/pico-sdk/src/common/pico_util/pheap.c.obj
                0x10004b6c                ph_merge_two_pass
 .text.ph_remove_any_head
                0x10004bfc       0xf8 CMakeFiles/pico_lcd.dir/D_/vscode_ws/pico/pico-sdk/src/common/pico_util/pheap.c.obj
 .text.ph_remove_head
                0x10004cf4       0xfc CMakeFiles/pico_lcd.dir/D_/vscode_ws/pico/pico-sdk/src/common/pico_util/pheap.c.obj
                0x10004cf4                ph_remove_head
 .text.ph_remove_and_free_node
                0x10004df0       0x7c CMakeFiles/pico_lcd.dir/D_/vscode_ws/pico/pico-sdk/src/common/pico_util/pheap.c.obj
                0x10004df0                ph_remove_and_free_node
 .text.runtime_init
                0x10004e6c       0xf0 CMakeFiles/pico_lcd.dir/D_/vscode_ws/pico/pico-sdk/src/rp2_common/pico_runtime/runtime.c.obj
                0x10004e6c                runtime_init
 .text._sbrk    0x10004f5c       0x34 CMakeFiles/pico_lcd.dir/D_/vscode_ws/pico/pico-sdk/src/rp2_common/pico_runtime/runtime.c.obj
                0x10004f5c                _sbrk
 .text.exit     0x10004f90        0x4 CMakeFiles/pico_lcd.dir/D_/vscode_ws/pico/pico-sdk/src/rp2_common/pico_runtime/runtime.c.obj
                0x10004f90                exit
 .text.__assert_func
                0x10004f94       0x34 CMakeFiles/pico_lcd.dir/D_/vscode_ws/pico/pico-sdk/src/rp2_common/pico_runtime/runtime.c.obj
                0x10004f94                __assert_func
 .text.panic    0x10004fc8       0x30 CMakeFiles/pico_lcd.dir/D_/vscode_ws/pico/pico-sdk/src/rp2_common/pico_runtime/runtime.c.obj
                0x10004fc8                panic
 .text.hard_assertion_failure
                0x10004ff8        0xc CMakeFiles/pico_lcd.dir/D_/vscode_ws/pico/pico-sdk/src/rp2_common/pico_runtime/runtime.c.obj
                0x10004ff8                hard_assertion_failure
 .text.clocks_init
                0x10005004      0x2bc CMakeFiles/pico_lcd.dir/D_/vscode_ws/pico/pico-sdk/src/rp2_common/hardware_clocks/clocks.c.obj
                0x10005004                clocks_init
 .text.clock_get_hz
                0x100052c0        0xc CMakeFiles/pico_lcd.dir/D_/vscode_ws/pico/pico-sdk/src/rp2_common/hardware_clocks/clocks.c.obj
                0x100052c0                clock_get_hz
 .text.irq_set_enabled
                0x100052cc       0x24 CMakeFiles/pico_lcd.dir/D_/vscode_ws/pico/pico-sdk/src/rp2_common/hardware_irq/irq.c.obj
                0x100052cc                irq_set_enabled
 .text.irq_set_pending
                0x100052f0       0x10 CMakeFiles/pico_lcd.dir/D_/vscode_ws/pico/pico-sdk/src/rp2_common/hardware_irq/irq.c.obj
                0x100052f0                irq_set_pending
 .text.irq_get_vtable_handler
                0x10005300       0x10 CMakeFiles/pico_lcd.dir/D_/vscode_ws/pico/pico-sdk/src/rp2_common/hardware_irq/irq.c.obj
                0x10005300                irq_get_vtable_handler
 .text.irq_set_exclusive_handler
                0x10005310       0x54 CMakeFiles/pico_lcd.dir/D_/vscode_ws/pico/pico-sdk/src/rp2_common/hardware_irq/irq.c.obj
                0x10005310                irq_set_exclusive_handler
 .text.irq_remove_handler
                0x10005364      0x1b4 CMakeFiles/pico_lcd.dir/D_/vscode_ws/pico/pico-sdk/src/rp2_common/hardware_irq/irq.c.obj
                0x10005364                irq_remove_handler
 .text.irq_add_tail_to_free_list
                0x10005518       0xb4 CMakeFiles/pico_lcd.dir/D_/vscode_ws/pico/pico-sdk/src/rp2_common/hardware_irq/irq.c.obj
                0x10005518                irq_add_tail_to_free_list
 .text.irq_init_priorities
                0x100055cc       0x24 CMakeFiles/pico_lcd.dir/D_/vscode_ws/pico/pico-sdk/src/rp2_common/hardware_irq/irq.c.obj
                0x100055cc                irq_init_priorities
 .text.pll_init
                0x100055f0       0xa8 CMakeFiles/pico_lcd.dir/D_/vscode_ws/pico/pico-sdk/src/rp2_common/hardware_pll/pll.c.obj
                0x100055f0                pll_init
 .text.watchdog_start_tick
                0x10005698       0x10 CMakeFiles/pico_lcd.dir/D_/vscode_ws/pico/pico-sdk/src/rp2_common/hardware_watchdog/watchdog.c.obj
                0x10005698                watchdog_start_tick
 .text.watchdog_reboot
                0x100056a8       0x98 CMakeFiles/pico_lcd.dir/D_/vscode_ws/pico/pico-sdk/src/rp2_common/hardware_watchdog/watchdog.c.obj
                0x100056a8                watchdog_reboot
 .text.xosc_init
                0x10005740       0x28 CMakeFiles/pico_lcd.dir/D_/vscode_ws/pico/pico-sdk/src/rp2_common/hardware_xosc/xosc.c.obj
                0x10005740                xosc_init
 .text._out_buffer
                0x10005768        0x8 CMakeFiles/pico_lcd.dir/D_/vscode_ws/pico/pico-sdk/src/rp2_common/pico_printf/printf.c.obj
 .text._out_null
                0x10005770        0x4 CMakeFiles/pico_lcd.dir/D_/vscode_ws/pico/pico-sdk/src/rp2_common/pico_printf/printf.c.obj
 .text._out_rev
                0x10005774       0x9c CMakeFiles/pico_lcd.dir/D_/vscode_ws/pico/pico-sdk/src/rp2_common/pico_printf/printf.c.obj
 .text._ntoa_format
                0x10005810      0x1cc CMakeFiles/pico_lcd.dir/D_/vscode_ws/pico/pico-sdk/src/rp2_common/pico_printf/printf.c.obj
 .text._out_char
                0x100059dc       0x10 CMakeFiles/pico_lcd.dir/D_/vscode_ws/pico/pico-sdk/src/rp2_common/pico_printf/printf.c.obj
 .text._etoa    0x100059ec      0x44c CMakeFiles/pico_lcd.dir/D_/vscode_ws/pico/pico-sdk/src/rp2_common/pico_printf/printf.c.obj
 .text._ftoa    0x10005e38      0x398 CMakeFiles/pico_lcd.dir/D_/vscode_ws/pico/pico-sdk/src/rp2_common/pico_printf/printf.c.obj
 .text._vsnprintf
                0x100061d0      0xb04 CMakeFiles/pico_lcd.dir/D_/vscode_ws/pico/pico-sdk/src/rp2_common/pico_printf/printf.c.obj
 .text.__wrap_snprintf
                0x10006cd4       0x28 CMakeFiles/pico_lcd.dir/D_/vscode_ws/pico/pico-sdk/src/rp2_common/pico_printf/printf.c.obj
                0x10006cd4                __wrap_snprintf
 .text.__wrap_vsnprintf
                0x10006cfc       0x1c CMakeFiles/pico_lcd.dir/D_/vscode_ws/pico/pico-sdk/src/rp2_common/pico_printf/printf.c.obj
                0x10006cfc                __wrap_vsnprintf
 .text.weak_raw_printf
                0x10006d18       0x40 CMakeFiles/pico_lcd.dir/D_/vscode_ws/pico/pico-sdk/src/rp2_common/pico_printf/printf.c.obj
                0x10006d18                weak_raw_printf
 .text.weak_raw_vprintf
                0x10006d58       0x30 CMakeFiles/pico_lcd.dir/D_/vscode_ws/pico/pico-sdk/src/rp2_common/pico_printf/printf.c.obj
                0x10006d58                weak_raw_vprintf
 .text          0x10006d88       0x10 CMakeFiles/pico_lcd.dir/D_/vscode_ws/pico/pico-sdk/src/rp2_common/pico_bit_ops/bit_ops_aeabi.S.obj
 .text.rom_func_lookup
                0x10006d98       0x10 CMakeFiles/pico_lcd.dir/D_/vscode_ws/pico/pico-sdk/src/rp2_common/pico_bootrom/bootrom.c.obj
                0x10006d98                rom_func_lookup
 .text.rom_data_lookup
                0x10006da8       0x10 CMakeFiles/pico_lcd.dir/D_/vscode_ws/pico/pico-sdk/src/rp2_common/pico_bootrom/bootrom.c.obj
                0x10006da8                rom_data_lookup
 .text.rom_funcs_lookup
                0x10006db8       0x44 CMakeFiles/pico_lcd.dir/D_/vscode_ws/pico/pico-sdk/src/rp2_common/pico_bootrom/bootrom.c.obj
                0x10006db8                rom_funcs_lookup
 .text.__wrap___aeabi_idiv
                0x10006dfc       0x50 CMakeFiles/pico_lcd.dir/D_/vscode_ws/pico/pico-sdk/src/rp2_common/pico_divider/divider.S.obj
                0x10006dfc                __wrap___aeabi_idivmod
                0x10006dfc                divmod_s32s32
                0x10006dfc                div_s32s32
                0x10006dfc                __wrap___aeabi_idiv
                0x10006e04                divmod_s32s32_unsafe
                0x10006e30                divmod_s32s32_savestate
 .text.__wrap___aeabi_uidiv
                0x10006e4c       0x4c CMakeFiles/pico_lcd.dir/D_/vscode_ws/pico/pico-sdk/src/rp2_common/pico_divider/divider.S.obj
                0x10006e4c                __wrap___aeabi_uidiv
                0x10006e4c                __wrap___aeabi_uidivmod
                0x10006e4c                div_u32u32
                0x10006e4c                divmod_u32u32
                0x10006e54                divmod_u32u32_unsafe
                0x10006e7c                divmod_u32u32_savestate
 .text.__wrap___aeabi_ldiv
                0x10006e98      0x434 CMakeFiles/pico_lcd.dir/D_/vscode_ws/pico/pico-sdk/src/rp2_common/pico_divider/divider.S.obj
                0x10006e98                div_s64s64
                0x10006e98                divmod_s64s64
                0x10006e98                __wrap___aeabi_ldivmod
                0x10006ed0                divmod_u64u64
                0x10006ed0                div_u64u64
                0x10006ed0                __wrap___aeabi_uldivmod
                0x10006ee0                divmod_u64u64_savestate
                0x10006f08                divmod_s64s64_unsafe
                0x10006f90                divmod_u64u64_unsafe
 .text.__wrap___aeabi_darithmetic
                0x100072cc       0x80 CMakeFiles/pico_lcd.dir/D_/vscode_ws/pico/pico-sdk/src/rp2_common/pico_double/double_aeabi.S.obj
                0x100072cc                __wrap___aeabi_drsub
                0x100072d2                __wrap___aeabi_dsub
                0x100072e4                __wrap___aeabi_dadd
                0x100072f6                __wrap___aeabi_ddiv
                0x10007332                __wrap___aeabi_dmul
 .text.__wrap___aeabi_cdcmple
                0x1000734c       0x6c CMakeFiles/pico_lcd.dir/D_/vscode_ws/pico/pico-sdk/src/rp2_common/pico_double/double_aeabi.S.obj
                0x1000734c                __wrap___aeabi_cdrcmple
                0x1000735c                __wrap___aeabi_cdcmpeq
                0x1000735c                __wrap___aeabi_cdcmple
 .text.__wrap___aeabi_dcmpeq
                0x100073b8       0x10 CMakeFiles/pico_lcd.dir/D_/vscode_ws/pico/pico-sdk/src/rp2_common/pico_double/double_aeabi.S.obj
                0x100073b8                __wrap___aeabi_dcmpeq
 .text.__wrap___aeabi_dcmplt
                0x100073c8        0xc CMakeFiles/pico_lcd.dir/D_/vscode_ws/pico/pico-sdk/src/rp2_common/pico_double/double_aeabi.S.obj
                0x100073c8                __wrap___aeabi_dcmplt
 .text.__wrap___aeabi_dcmple
                0x100073d4       0x10 CMakeFiles/pico_lcd.dir/D_/vscode_ws/pico/pico-sdk/src/rp2_common/pico_double/double_aeabi.S.obj
                0x100073d4                __wrap___aeabi_dcmple
 .text.__wrap___aeabi_dcmpge
                0x100073e4       0x10 CMakeFiles/pico_lcd.dir/D_/vscode_ws/pico/pico-sdk/src/rp2_common/pico_double/double_aeabi.S.obj
                0x100073e4                __wrap___aeabi_dcmpge
 .text.__wrap___aeabi_dcmpgt
                0x100073f4        0xa CMakeFiles/pico_lcd.dir/D_/vscode_ws/pico/pico-sdk/src/rp2_common/pico_double/double_aeabi.S.obj
                0x100073f4                __wrap___aeabi_dcmpgt
 .text.__wrap___aeabi_dcmpun
                0x100073fe       0x1c CMakeFiles/pico_lcd.dir/D_/vscode_ws/pico/pico-sdk/src/rp2_common/pico_double/double_aeabi.S.obj
                0x100073fe                __wrap___aeabi_dcmpun
 *fill*         0x1000741a        0x2 
 .text.__wrap___aeabi_i2d
                0x1000741c       0x38 CMakeFiles/pico_lcd.dir/D_/vscode_ws/pico/pico-sdk/src/rp2_common/pico_double/double_aeabi.S.obj
                0x1000741c                __wrap___aeabi_ui2d
                0x10007424                __wrap___aeabi_i2d
 .text.__wrap___aeabi_d2iz
                0x10007454       0x48 CMakeFiles/pico_lcd.dir/D_/vscode_ws/pico/pico-sdk/src/rp2_common/pico_double/double_aeabi.S.obj
                0x10007454                double2int_z
                0x10007454                __wrap___aeabi_d2iz
 .text.__wrap___aeabi_d2uiz
                0x1000749c       0x18 CMakeFiles/pico_lcd.dir/D_/vscode_ws/pico/pico-sdk/src/rp2_common/pico_double/double_aeabi.S.obj
                0x1000749c                __wrap___aeabi_d2uiz
                0x1000749c                double2uint
 .text.__wrap___aeabi_l2d
                0x100074b4       0x18 CMakeFiles/pico_lcd.dir/D_/vscode_ws/pico/pico-sdk/src/rp2_common/pico_double/double_aeabi.S.obj
                0x100074b4                __wrap___aeabi_l2d
 .text.__wrap___aeabi_d2lz
                0x100074cc       0x26 CMakeFiles/pico_lcd.dir/D_/vscode_ws/pico/pico-sdk/src/rp2_common/pico_double/double_aeabi.S.obj
                0x100074cc                double2int64_z
                0x100074cc                __wrap___aeabi_d2lz
 *fill*         0x100074f2        0x2 
 .text.double2int64
                0x100074f4       0x18 CMakeFiles/pico_lcd.dir/D_/vscode_ws/pico/pico-sdk/src/rp2_common/pico_double/double_aeabi.S.obj
                0x100074f4                double2int64
 .text.double2ufix64
                0x1000750c       0x18 CMakeFiles/pico_lcd.dir/D_/vscode_ws/pico/pico-sdk/src/rp2_common/pico_double/double_aeabi.S.obj
                0x1000750c                double2ufix64
 .text.__wrap___aeabi_d2f
                0x10007524       0x18 CMakeFiles/pico_lcd.dir/D_/vscode_ws/pico/pico-sdk/src/rp2_common/pico_double/double_aeabi.S.obj
                0x10007524                __wrap___aeabi_d2f
 .text.__aeabi_double_init
                0x1000753c       0x94 CMakeFiles/pico_lcd.dir/D_/vscode_ws/pico/pico-sdk/src/rp2_common/pico_double/double_init_rom.c.obj
                0x1000753c                __aeabi_double_init
 .text.__wrap_floor
                0x100075d0       0x94 CMakeFiles/pico_lcd.dir/D_/vscode_ws/pico/pico-sdk/src/rp2_common/pico_double/double_math.c.obj
                0x100075d0                __wrap_floor
 .text.double_table_shim_on_use_helper
                0x10007664       0x2c CMakeFiles/pico_lcd.dir/D_/vscode_ws/pico/pico-sdk/src/rp2_common/pico_double/double_v1_rom_shim.S.obj
                0x10007664                double_table_shim_on_use_helper
 .text.__wrap___aeabi_dsub
                0x10007690       0x10 CMakeFiles/pico_lcd.dir/D_/vscode_ws/pico/pico-sdk/src/rp2_common/pico_double/double_v1_rom_shim.S.obj
                0x10007690                drsub_shim
                0x10007696                dsub_shim
 .text.dadd_shim
                0x100076a0      0x15c CMakeFiles/pico_lcd.dir/D_/vscode_ws/pico/pico-sdk/src/rp2_common/pico_double/double_v1_rom_shim.S.obj
                0x100076a0                dadd_shim
 .text.dmul_shim
                0x100077fc      0x15c CMakeFiles/pico_lcd.dir/D_/vscode_ws/pico/pico-sdk/src/rp2_common/pico_double/double_v1_rom_shim.S.obj
                0x100077fc                dmul_shim
 .text.ddiv_shim
                0x10007958      0x1b0 CMakeFiles/pico_lcd.dir/D_/vscode_ws/pico/pico-sdk/src/rp2_common/pico_double/double_v1_rom_shim.S.obj
                0x10007958                ddiv_shim
 .text.double2uint_shim
                0x10007b08        0xe CMakeFiles/pico_lcd.dir/D_/vscode_ws/pico/pico-sdk/src/rp2_common/pico_double/double_v1_rom_shim.S.obj
                0x10007b08                double2uint_shim
                0x10007b0a                double2ufix_shim
 .text.double2int64_shim
                0x10007b16       0x1a CMakeFiles/pico_lcd.dir/D_/vscode_ws/pico/pico-sdk/src/rp2_common/pico_double/double_v1_rom_shim.S.obj
                0x10007b16                double2int64_shim
                0x10007b18                double2fix64_shim
 .text.double2uint64_shim
                0x10007b30       0x70 CMakeFiles/pico_lcd.dir/D_/vscode_ws/pico/pico-sdk/src/rp2_common/pico_double/double_v1_rom_shim.S.obj
                0x10007b30                double2uint64_shim
                0x10007b32                double2ufix64_shim
                0x10007b52                d2fix_a
 .text.double2float_shim
                0x10007ba0       0x5c CMakeFiles/pico_lcd.dir/D_/vscode_ws/pico/pico-sdk/src/rp2_common/pico_double/double_v1_rom_shim.S.obj
                0x10007ba0                double2float_shim
 .text.x2double_shims
                0x10007bfc       0x90 CMakeFiles/pico_lcd.dir/D_/vscode_ws/pico/pico-sdk/src/rp2_common/pico_double/double_v1_rom_shim.S.obj
                0x10007bfc                uint2double_shim
                0x10007bfe                ufix2double_shim
                0x10007c04                int2double_shim
                0x10007c06                fix2double_shim
                0x10007c0c                uint642double_shim
                0x10007c0e                ufix642double_shim
                0x10007c14                int642double_shim
                0x10007c16                fix642double_shim
 .text.dunpacks
                0x10007c8c       0x3c CMakeFiles/pico_lcd.dir/D_/vscode_ws/pico/pico-sdk/src/rp2_common/pico_double/double_v1_rom_shim.S.obj
                0x10007c8c                dunpacks
 .text.__aeabi_lmul
                0x10007cc8       0x32 CMakeFiles/pico_lcd.dir/D_/vscode_ws/pico/pico-sdk/src/rp2_common/pico_int64_ops/pico_int64_ops_aeabi.S.obj
                0x10007cc8                __wrap___aeabi_lmul
 *fill*         0x10007cfa        0x2 
 .text.__wrap___aeabi_farithmetic
                0x10007cfc       0x48 CMakeFiles/pico_lcd.dir/D_/vscode_ws/pico/pico-sdk/src/rp2_common/pico_float/float_aeabi.S.obj
                0x10007cfc                __wrap___aeabi_frsub
                0x10007d02                __wrap___aeabi_fsub
                0x10007d08                __wrap___aeabi_fadd
                0x10007d0e                __wrap___aeabi_fdiv
                0x10007d36                __wrap___aeabi_fmul
 .text.__wrap___aeabi_cfcmple
                0x10007d44       0x50 CMakeFiles/pico_lcd.dir/D_/vscode_ws/pico/pico-sdk/src/rp2_common/pico_float/float_aeabi.S.obj
                0x10007d44                __wrap___aeabi_cfrcmple
                0x10007d50                __wrap___aeabi_cfcmple
                0x10007d50                __wrap___aeabi_cfcmpeq
 .text.__wrap___aeabi_fcmple
                0x10007d94       0x10 CMakeFiles/pico_lcd.dir/D_/vscode_ws/pico/pico-sdk/src/rp2_common/pico_float/float_aeabi.S.obj
                0x10007d94                __wrap___aeabi_fcmple
 .text.__wrap___aeabi_fcmpge
                0x10007da4       0x10 CMakeFiles/pico_lcd.dir/D_/vscode_ws/pico/pico-sdk/src/rp2_common/pico_float/float_aeabi.S.obj
                0x10007da4                __wrap___aeabi_fcmpge
 .text.__wrap___aeabi_fcmpgt
                0x10007db4        0xa CMakeFiles/pico_lcd.dir/D_/vscode_ws/pico/pico-sdk/src/rp2_common/pico_float/float_aeabi.S.obj
                0x10007db4                __wrap___aeabi_fcmpgt
 .text.__wrap___aeabi_fcmpun
                0x10007dbe       0x18 CMakeFiles/pico_lcd.dir/D_/vscode_ws/pico/pico-sdk/src/rp2_common/pico_float/float_aeabi.S.obj
                0x10007dbe                __wrap___aeabi_fcmpun
 *fill*         0x10007dd6        0x2 
 .text.__wrap___aeabi_i2f
                0x10007dd8       0x44 CMakeFiles/pico_lcd.dir/D_/vscode_ws/pico/pico-sdk/src/rp2_common/pico_float/float_aeabi.S.obj
                0x10007dd8                __wrap___aeabi_i2f
 .text.__wrap___aeabi_f2iz
                0x10007e1c       0x4e CMakeFiles/pico_lcd.dir/D_/vscode_ws/pico/pico-sdk/src/rp2_common/pico_float/float_aeabi.S.obj
                0x10007e1c                float2int_z
                0x10007e1c                __wrap___aeabi_f2iz
 *fill*         0x10007e6a        0x2 
 .text.float2int
                0x10007e6c       0x14 CMakeFiles/pico_lcd.dir/D_/vscode_ws/pico/pico-sdk/src/rp2_common/pico_float/float_aeabi.S.obj
                0x10007e6c                float2int
 .text.__wrap___aeabi_f2uiz
                0x10007e80        0xc CMakeFiles/pico_lcd.dir/D_/vscode_ws/pico/pico-sdk/src/rp2_common/pico_float/float_aeabi.S.obj
                0x10007e80                __wrap___aeabi_f2uiz
 .text.__wrap___aeabi_f2d
                0x10007e8c       0x14 CMakeFiles/pico_lcd.dir/D_/vscode_ws/pico/pico-sdk/src/rp2_common/pico_float/float_aeabi.S.obj
                0x10007e8c                __wrap___aeabi_f2d
 .text.__aeabi_float_init
                0x10007ea0       0x64 CMakeFiles/pico_lcd.dir/D_/vscode_ws/pico/pico-sdk/src/rp2_common/pico_float/float_init_rom.c.obj
                0x10007ea0                __aeabi_float_init
 .text.float_table_shim_on_use_helper
                0x10007f04       0x2c CMakeFiles/pico_lcd.dir/D_/vscode_ws/pico/pico-sdk/src/rp2_common/pico_float/float_v1_rom_shim.S.obj
                0x10007f04                float_table_shim_on_use_helper
 .text.float232_shims
                0x10007f30       0x18 CMakeFiles/pico_lcd.dir/D_/vscode_ws/pico/pico-sdk/src/rp2_common/pico_float/float_v1_rom_shim.S.obj
                0x10007f30                float2int_shim
                0x10007f32                float2fix_shim
 .text.float2double_shim
                0x10007f48       0x30 CMakeFiles/pico_lcd.dir/D_/vscode_ws/pico/pico-sdk/src/rp2_common/pico_float/float_v1_rom_shim.S.obj
                0x10007f48                float2double_shim
 .text          0x10007f78       0x10 CMakeFiles/pico_lcd.dir/D_/vscode_ws/pico/pico-sdk/src/rp2_common/pico_mem_ops/mem_ops_aeabi.S.obj
                0x10007f78                __aeabi_mem_init
 .text.memset   0x10007f88        0xc CMakeFiles/pico_lcd.dir/D_/vscode_ws/pico/pico-sdk/src/rp2_common/pico_mem_ops/mem_ops_aeabi.S.obj
                0x10007f88                __wrap_memset
 .text.memcpy   0x10007f94        0xc CMakeFiles/pico_lcd.dir/D_/vscode_ws/pico/pico-sdk/src/rp2_common/pico_mem_ops/mem_ops_aeabi.S.obj
                0x10007f94                __wrap_memcpy
                0x10007f94                __wrap___aeabi_memcpy
 .text.stdio_out_chars_no_crlf
                0x10007fa0       0x10 CMakeFiles/pico_lcd.dir/D_/vscode_ws/pico/pico-sdk/src/rp2_common/pico_stdio/stdio.c.obj
 .text.stdio_out_chars_crlf
                0x10007fb0       0xb4 CMakeFiles/pico_lcd.dir/D_/vscode_ws/pico/pico-sdk/src/rp2_common/pico_stdio/stdio.c.obj
 .text.stdio_put_string.isra.0
                0x10008064       0xfc CMakeFiles/pico_lcd.dir/D_/vscode_ws/pico/pico-sdk/src/rp2_common/pico_stdio/stdio.c.obj
 .text.__wrap_putchar
                0x10008160       0xa0 CMakeFiles/pico_lcd.dir/D_/vscode_ws/pico/pico-sdk/src/rp2_common/pico_stdio/stdio.c.obj
                0x10008160                __wrap_putchar
 .text.__wrap_puts
                0x10008200       0x3c CMakeFiles/pico_lcd.dir/D_/vscode_ws/pico/pico-sdk/src/rp2_common/pico_stdio/stdio.c.obj
                0x10008200                __wrap_puts
 .text.stdio_set_driver_enabled
                0x1000823c       0x3c CMakeFiles/pico_lcd.dir/D_/vscode_ws/pico/pico-sdk/src/rp2_common/pico_stdio/stdio.c.obj
                0x1000823c                stdio_set_driver_enabled
 .text.stdio_init_all
                0x10008278        0x8 CMakeFiles/pico_lcd.dir/D_/vscode_ws/pico/pico-sdk/src/rp2_common/pico_stdio/stdio.c.obj
                0x10008278                stdio_init_all
 .text.resetd_init
                0x10008280        0x4 CMakeFiles/pico_lcd.dir/D_/vscode_ws/pico/pico-sdk/src/rp2_common/pico_stdio_usb/reset_interface.c.obj
 .text.resetd_reset
                0x10008284        0xc CMakeFiles/pico_lcd.dir/D_/vscode_ws/pico/pico-sdk/src/rp2_common/pico_stdio_usb/reset_interface.c.obj
 .text.resetd_open
                0x10008290       0x28 CMakeFiles/pico_lcd.dir/D_/vscode_ws/pico/pico-sdk/src/rp2_common/pico_stdio_usb/reset_interface.c.obj
 .text.resetd_xfer_cb
                0x100082b8        0x4 CMakeFiles/pico_lcd.dir/D_/vscode_ws/pico/pico-sdk/src/rp2_common/pico_stdio_usb/reset_interface.c.obj
 .text.resetd_control_xfer_cb
                0x100082bc       0x64 CMakeFiles/pico_lcd.dir/D_/vscode_ws/pico/pico-sdk/src/rp2_common/pico_stdio_usb/reset_interface.c.obj
 .text.usbd_app_driver_get_cb
                0x10008320        0xc CMakeFiles/pico_lcd.dir/D_/vscode_ws/pico/pico-sdk/src/rp2_common/pico_stdio_usb/reset_interface.c.obj
                0x10008320                usbd_app_driver_get_cb
 .text.tud_cdc_line_coding_cb
                0x1000832c       0x34 CMakeFiles/pico_lcd.dir/D_/vscode_ws/pico/pico-sdk/src/rp2_common/pico_stdio_usb/reset_interface.c.obj
                0x1000832c                tud_cdc_line_coding_cb
 .text.stdio_usb_in_chars
                0x10008360       0x68 CMakeFiles/pico_lcd.dir/D_/vscode_ws/pico/pico-sdk/src/rp2_common/pico_stdio_usb/stdio_usb.c.obj
                0x10008360                stdio_usb_in_chars
 .text.stdio_usb_out_chars
                0x100083c8       0xe4 CMakeFiles/pico_lcd.dir/D_/vscode_ws/pico/pico-sdk/src/rp2_common/pico_stdio_usb/stdio_usb.c.obj
 .text.timer_task
                0x100084ac       0x10 CMakeFiles/pico_lcd.dir/D_/vscode_ws/pico/pico-sdk/src/rp2_common/pico_stdio_usb/stdio_usb.c.obj
 .text.low_priority_worker_irq
                0x100084bc       0x24 CMakeFiles/pico_lcd.dir/D_/vscode_ws/pico/pico-sdk/src/rp2_common/pico_stdio_usb/stdio_usb.c.obj
 .text.stdio_usb_init
                0x100084e0       0x90 CMakeFiles/pico_lcd.dir/D_/vscode_ws/pico/pico-sdk/src/rp2_common/pico_stdio_usb/stdio_usb.c.obj
                0x100084e0                stdio_usb_init
 .text.tud_descriptor_device_cb
                0x10008570        0x8 CMakeFiles/pico_lcd.dir/D_/vscode_ws/pico/pico-sdk/src/rp2_common/pico_stdio_usb/stdio_usb_descriptors.c.obj
                0x10008570                tud_descriptor_device_cb
 .text.tud_descriptor_configuration_cb
                0x10008578        0x8 CMakeFiles/pico_lcd.dir/D_/vscode_ws/pico/pico-sdk/src/rp2_common/pico_stdio_usb/stdio_usb_descriptors.c.obj
                0x10008578                tud_descriptor_configuration_cb
 .text.tud_descriptor_string_cb
                0x10008580       0x74 CMakeFiles/pico_lcd.dir/D_/vscode_ws/pico/pico-sdk/src/rp2_common/pico_stdio_usb/stdio_usb_descriptors.c.obj
                0x10008580                tud_descriptor_string_cb
 .text.dcd_rp2040_irq
                0x100085f4      0x21c CMakeFiles/pico_lcd.dir/D_/vscode_ws/pico/pico-sdk/lib/tinyusb/src/portable/raspberrypi/rp2040/dcd_rp2040.c.obj
 .text.dcd_int_enable
                0x10008810        0xc CMakeFiles/pico_lcd.dir/D_/vscode_ws/pico/pico-sdk/lib/tinyusb/src/portable/raspberrypi/rp2040/dcd_rp2040.c.obj
                0x10008810                dcd_int_enable
 .text.dcd_set_address
                0x1000881c       0x14 CMakeFiles/pico_lcd.dir/D_/vscode_ws/pico/pico-sdk/lib/tinyusb/src/portable/raspberrypi/rp2040/dcd_rp2040.c.obj
                0x1000881c                dcd_set_address
 .text.dcd_connect
                0x10008830       0x10 CMakeFiles/pico_lcd.dir/D_/vscode_ws/pico/pico-sdk/lib/tinyusb/src/portable/raspberrypi/rp2040/dcd_rp2040.c.obj
                0x10008830                dcd_connect
 .text.dcd_init
                0x10008840      0x144 CMakeFiles/pico_lcd.dir/D_/vscode_ws/pico/pico-sdk/lib/tinyusb/src/portable/raspberrypi/rp2040/dcd_rp2040.c.obj
                0x10008840                dcd_init
 .text.dcd_edpt0_status_complete
                0x10008984       0x1c CMakeFiles/pico_lcd.dir/D_/vscode_ws/pico/pico-sdk/lib/tinyusb/src/portable/raspberrypi/rp2040/dcd_rp2040.c.obj
                0x10008984                dcd_edpt0_status_complete
 .text.dcd_edpt_open
                0x100089a0       0xf0 CMakeFiles/pico_lcd.dir/D_/vscode_ws/pico/pico-sdk/lib/tinyusb/src/portable/raspberrypi/rp2040/dcd_rp2040.c.obj
                0x100089a0                dcd_edpt_open
 .text.dcd_edpt_close_all
                0x10008a90       0xbc CMakeFiles/pico_lcd.dir/D_/vscode_ws/pico/pico-sdk/lib/tinyusb/src/portable/raspberrypi/rp2040/dcd_rp2040.c.obj
                0x10008a90                dcd_edpt_close_all
 .text.dcd_edpt_xfer
                0x10008b4c       0x24 CMakeFiles/pico_lcd.dir/D_/vscode_ws/pico/pico-sdk/lib/tinyusb/src/portable/raspberrypi/rp2040/dcd_rp2040.c.obj
                0x10008b4c                dcd_edpt_xfer
 .text.dcd_edpt_stall
                0x10008b70       0x38 CMakeFiles/pico_lcd.dir/D_/vscode_ws/pico/pico-sdk/lib/tinyusb/src/portable/raspberrypi/rp2040/dcd_rp2040.c.obj
                0x10008b70                dcd_edpt_stall
 .text.dcd_edpt_clear_stall
                0x10008ba8       0x30 CMakeFiles/pico_lcd.dir/D_/vscode_ws/pico/pico-sdk/lib/tinyusb/src/portable/raspberrypi/rp2040/dcd_rp2040.c.obj
                0x10008ba8                dcd_edpt_clear_stall
 .text._hw_endpoint_buffer_control_update32.part.0.isra.0
                0x10008bd8       0x1c CMakeFiles/pico_lcd.dir/D_/vscode_ws/pico/pico-sdk/lib/tinyusb/src/portable/raspberrypi/rp2040/rp2040_usb.c.obj
 .text.rp2040_usb_init
                0x10008bf4       0x4c CMakeFiles/pico_lcd.dir/D_/vscode_ws/pico/pico-sdk/lib/tinyusb/src/portable/raspberrypi/rp2040/rp2040_usb.c.obj
                0x10008bf4                rp2040_usb_init
 .text.hw_endpoint_reset_transfer
                0x10008c40        0xc CMakeFiles/pico_lcd.dir/D_/vscode_ws/pico/pico-sdk/lib/tinyusb/src/portable/raspberrypi/rp2040/rp2040_usb.c.obj
                0x10008c40                hw_endpoint_reset_transfer
 .text._hw_endpoint_buffer_control_update32
                0x10008c4c       0x44 CMakeFiles/pico_lcd.dir/D_/vscode_ws/pico/pico-sdk/lib/tinyusb/src/portable/raspberrypi/rp2040/rp2040_usb.c.obj
                0x10008c4c                _hw_endpoint_buffer_control_update32
 .text.hw_endpoint_xfer_start
                0x10008c90      0x138 CMakeFiles/pico_lcd.dir/D_/vscode_ws/pico/pico-sdk/lib/tinyusb/src/portable/raspberrypi/rp2040/rp2040_usb.c.obj
                0x10008c90                hw_endpoint_xfer_start
 .text.hw_endpoint_xfer_continue
                0x10008dc8      0x1e4 CMakeFiles/pico_lcd.dir/D_/vscode_ws/pico/pico-sdk/lib/tinyusb/src/portable/raspberrypi/rp2040/rp2040_usb.c.obj
                0x10008dc8                hw_endpoint_xfer_continue
 .text.tud_mounted
                0x10008fac       0x10 CMakeFiles/pico_lcd.dir/D_/vscode_ws/pico/pico-sdk/lib/tinyusb/src/device/usbd.c.obj
                0x10008fac                tud_mounted
 .text.tud_suspended
                0x10008fbc       0x10 CMakeFiles/pico_lcd.dir/D_/vscode_ws/pico/pico-sdk/lib/tinyusb/src/device/usbd.c.obj
                0x10008fbc                tud_suspended
 .text.tud_inited
                0x10008fcc        0xc CMakeFiles/pico_lcd.dir/D_/vscode_ws/pico/pico-sdk/lib/tinyusb/src/device/usbd.c.obj
                0x10008fcc                tud_inited
 .text.tud_init
                0x10008fd8       0xd8 CMakeFiles/pico_lcd.dir/D_/vscode_ws/pico/pico-sdk/lib/tinyusb/src/device/usbd.c.obj
                0x10008fd8                tud_init
 .text.tud_task
                0x100090b0      0x8ec CMakeFiles/pico_lcd.dir/D_/vscode_ws/pico/pico-sdk/lib/tinyusb/src/device/usbd.c.obj
                0x100090b0                tud_task
 .text.dcd_event_bus_signal
                0x1000999c      0x120 CMakeFiles/pico_lcd.dir/D_/vscode_ws/pico/pico-sdk/lib/tinyusb/src/device/usbd.c.obj
                0x1000999c                dcd_event_bus_signal
 .text.dcd_event_bus_reset
                0x10009abc       0x54 CMakeFiles/pico_lcd.dir/D_/vscode_ws/pico/pico-sdk/lib/tinyusb/src/device/usbd.c.obj
                0x10009abc                dcd_event_bus_reset
 .text.dcd_event_setup_received
                0x10009b10       0x50 CMakeFiles/pico_lcd.dir/D_/vscode_ws/pico/pico-sdk/lib/tinyusb/src/device/usbd.c.obj
                0x10009b10                dcd_event_setup_received
 .text.dcd_event_xfer_complete
                0x10009b60       0x68 CMakeFiles/pico_lcd.dir/D_/vscode_ws/pico/pico-sdk/lib/tinyusb/src/device/usbd.c.obj
                0x10009b60                dcd_event_xfer_complete
 .text.usbd_open_edpt_pair
                0x10009bc8       0x80 CMakeFiles/pico_lcd.dir/D_/vscode_ws/pico/pico-sdk/lib/tinyusb/src/device/usbd.c.obj
                0x10009bc8                usbd_open_edpt_pair
 .text.usbd_edpt_open
                0x10009c48       0x30 CMakeFiles/pico_lcd.dir/D_/vscode_ws/pico/pico-sdk/lib/tinyusb/src/device/usbd.c.obj
                0x10009c48                usbd_edpt_open
 .text.usbd_edpt_claim
                0x10009c78       0x64 CMakeFiles/pico_lcd.dir/D_/vscode_ws/pico/pico-sdk/lib/tinyusb/src/device/usbd.c.obj
                0x10009c78                usbd_edpt_claim
 .text.usbd_edpt_release
                0x10009cdc       0x4c CMakeFiles/pico_lcd.dir/D_/vscode_ws/pico/pico-sdk/lib/tinyusb/src/device/usbd.c.obj
                0x10009cdc                usbd_edpt_release
 .text.usbd_edpt_xfer
                0x10009d28       0x48 CMakeFiles/pico_lcd.dir/D_/vscode_ws/pico/pico-sdk/lib/tinyusb/src/device/usbd.c.obj
                0x10009d28                usbd_edpt_xfer
 .text.tud_control_status
                0x10009d70       0x30 CMakeFiles/pico_lcd.dir/D_/vscode_ws/pico/pico-sdk/lib/tinyusb/src/device/usbd_control.c.obj
                0x10009d70                tud_control_status
 .text.tud_control_xfer
                0x10009da0       0xbc CMakeFiles/pico_lcd.dir/D_/vscode_ws/pico/pico-sdk/lib/tinyusb/src/device/usbd_control.c.obj
                0x10009da0                tud_control_xfer
 .text.usbd_control_reset
                0x10009e5c       0x14 CMakeFiles/pico_lcd.dir/D_/vscode_ws/pico/pico-sdk/lib/tinyusb/src/device/usbd_control.c.obj
                0x10009e5c                usbd_control_reset
 .text.usbd_control_set_complete_callback
                0x10009e70        0xc CMakeFiles/pico_lcd.dir/D_/vscode_ws/pico/pico-sdk/lib/tinyusb/src/device/usbd_control.c.obj
                0x10009e70                usbd_control_set_complete_callback
 .text.usbd_control_set_request
                0x10009e7c       0x1c CMakeFiles/pico_lcd.dir/D_/vscode_ws/pico/pico-sdk/lib/tinyusb/src/device/usbd_control.c.obj
                0x10009e7c                usbd_control_set_request
 .text.usbd_control_xfer_cb
                0x10009e98       0xfc CMakeFiles/pico_lcd.dir/D_/vscode_ws/pico/pico-sdk/lib/tinyusb/src/device/usbd_control.c.obj
                0x10009e98                usbd_control_xfer_cb
 .text.tud_cdc_n_connected
                0x10009f94       0x30 CMakeFiles/pico_lcd.dir/D_/vscode_ws/pico/pico-sdk/lib/tinyusb/src/class/cdc/cdc_device.c.obj
                0x10009f94                tud_cdc_n_connected
 .text.tud_cdc_n_available
                0x10009fc4       0x18 CMakeFiles/pico_lcd.dir/D_/vscode_ws/pico/pico-sdk/lib/tinyusb/src/class/cdc/cdc_device.c.obj
                0x10009fc4                tud_cdc_n_available
 .text.tud_cdc_n_read
                0x10009fdc       0x70 CMakeFiles/pico_lcd.dir/D_/vscode_ws/pico/pico-sdk/lib/tinyusb/src/class/cdc/cdc_device.c.obj
                0x10009fdc                tud_cdc_n_read
 .text.tud_cdc_n_write_flush
                0x1000a04c       0x78 CMakeFiles/pico_lcd.dir/D_/vscode_ws/pico/pico-sdk/lib/tinyusb/src/class/cdc/cdc_device.c.obj
                0x1000a04c                tud_cdc_n_write_flush
 .text.tud_cdc_n_write
                0x1000a0c4       0x34 CMakeFiles/pico_lcd.dir/D_/vscode_ws/pico/pico-sdk/lib/tinyusb/src/class/cdc/cdc_device.c.obj
                0x1000a0c4                tud_cdc_n_write
 .text.tud_cdc_n_write_available
                0x1000a0f8       0x18 CMakeFiles/pico_lcd.dir/D_/vscode_ws/pico/pico-sdk/lib/tinyusb/src/class/cdc/cdc_device.c.obj
                0x1000a0f8                tud_cdc_n_write_available
 .text.cdcd_init
                0x1000a110       0x7c CMakeFiles/pico_lcd.dir/D_/vscode_ws/pico/pico-sdk/lib/tinyusb/src/class/cdc/cdc_device.c.obj
                0x1000a110                cdcd_init
 .text.cdcd_reset
                0x1000a18c       0x2c CMakeFiles/pico_lcd.dir/D_/vscode_ws/pico/pico-sdk/lib/tinyusb/src/class/cdc/cdc_device.c.obj
                0x1000a18c                cdcd_reset
 .text.cdcd_open
                0x1000a1b8       0xe4 CMakeFiles/pico_lcd.dir/D_/vscode_ws/pico/pico-sdk/lib/tinyusb/src/class/cdc/cdc_device.c.obj
                0x1000a1b8                cdcd_open
 .text.cdcd_control_xfer_cb
                0x1000a29c       0xe4 CMakeFiles/pico_lcd.dir/D_/vscode_ws/pico/pico-sdk/lib/tinyusb/src/class/cdc/cdc_device.c.obj
                0x1000a29c                cdcd_control_xfer_cb
 .text.cdcd_xfer_cb
                0x1000a380      0x148 CMakeFiles/pico_lcd.dir/D_/vscode_ws/pico/pico-sdk/lib/tinyusb/src/class/cdc/cdc_device.c.obj
                0x1000a380                cdcd_xfer_cb
 .text.tusb_init
                0x1000a4c8        0xc CMakeFiles/pico_lcd.dir/D_/vscode_ws/pico/pico-sdk/lib/tinyusb/src/tusb.c.obj
                0x1000a4c8                tusb_init
 .text.tusb_inited
                0x1000a4d4        0x8 CMakeFiles/pico_lcd.dir/D_/vscode_ws/pico/pico-sdk/lib/tinyusb/src/tusb.c.obj
                0x1000a4d4                tusb_inited
 .text.tu_edpt_validate
                0x1000a4dc       0x78 CMakeFiles/pico_lcd.dir/D_/vscode_ws/pico/pico-sdk/lib/tinyusb/src/tusb.c.obj
                0x1000a4dc                tu_edpt_validate
 .text.tu_edpt_bind_driver
                0x1000a554       0x2c CMakeFiles/pico_lcd.dir/D_/vscode_ws/pico/pico-sdk/lib/tinyusb/src/tusb.c.obj
                0x1000a554                tu_edpt_bind_driver
 .text.tu_fifo_config
                0x1000a580       0x78 CMakeFiles/pico_lcd.dir/D_/vscode_ws/pico/pico-sdk/lib/tinyusb/src/common/tusb_fifo.c.obj
                0x1000a580                tu_fifo_config
 .text.tu_fifo_count
                0x1000a5f8       0x20 CMakeFiles/pico_lcd.dir/D_/vscode_ws/pico/pico-sdk/lib/tinyusb/src/common/tusb_fifo.c.obj
                0x1000a5f8                tu_fifo_count
 .text.tu_fifo_empty
                0x1000a618       0x10 CMakeFiles/pico_lcd.dir/D_/vscode_ws/pico/pico-sdk/lib/tinyusb/src/common/tusb_fifo.c.obj
                0x1000a618                tu_fifo_empty
 .text.tu_fifo_remaining
                0x1000a628       0x1c CMakeFiles/pico_lcd.dir/D_/vscode_ws/pico/pico-sdk/lib/tinyusb/src/common/tusb_fifo.c.obj
                0x1000a628                tu_fifo_remaining
 .text.tu_fifo_read
                0x1000a644       0x9c CMakeFiles/pico_lcd.dir/D_/vscode_ws/pico/pico-sdk/lib/tinyusb/src/common/tusb_fifo.c.obj
                0x1000a644                tu_fifo_read
 .text.tu_fifo_read_n
                0x1000a6e0      0x100 CMakeFiles/pico_lcd.dir/D_/vscode_ws/pico/pico-sdk/lib/tinyusb/src/common/tusb_fifo.c.obj
                0x1000a6e0                tu_fifo_read_n
 .text.tu_fifo_write
                0x1000a7e0       0x7c CMakeFiles/pico_lcd.dir/D_/vscode_ws/pico/pico-sdk/lib/tinyusb/src/common/tusb_fifo.c.obj
                0x1000a7e0                tu_fifo_write
 .text.tu_fifo_write_n
                0x1000a85c      0x100 CMakeFiles/pico_lcd.dir/D_/vscode_ws/pico/pico-sdk/lib/tinyusb/src/common/tusb_fifo.c.obj
                0x1000a85c                tu_fifo_write_n
 .text.tu_fifo_clear
                0x1000a95c       0x4c CMakeFiles/pico_lcd.dir/D_/vscode_ws/pico/pico-sdk/lib/tinyusb/src/common/tusb_fifo.c.obj
                0x1000a95c                tu_fifo_clear
 .text.tu_fifo_set_overwritable
                0x1000a9a8       0x3c CMakeFiles/pico_lcd.dir/D_/vscode_ws/pico/pico-sdk/lib/tinyusb/src/common/tusb_fifo.c.obj
                0x1000a9a8                tu_fifo_set_overwritable
 .text.startup._retrieve_unique_id_on_boot
                0x1000a9e4       0x10 CMakeFiles/pico_lcd.dir/D_/vscode_ws/pico/pico-sdk/src/rp2_common/pico_unique_id/unique_id.c.obj
 .text.pico_get_unique_board_id_string
                0x1000a9f4      0x1a8 CMakeFiles/pico_lcd.dir/D_/vscode_ws/pico/pico-sdk/src/rp2_common/pico_unique_id/unique_id.c.obj
                0x1000a9f4                pico_get_unique_board_id_string
 .text.flash_get_unique_id
                0x1000ab9c       0x40 CMakeFiles/pico_lcd.dir/D_/vscode_ws/pico/pico-sdk/src/rp2_common/hardware_flash/flash.c.obj
                0x1000ab9c                flash_get_unique_id
 .text.spi_init
                0x1000abdc       0xf8 CMakeFiles/pico_lcd.dir/D_/vscode_ws/pico/pico-sdk/src/rp2_common/hardware_spi/spi.c.obj
                0x1000abdc                spi_init
 .text.spi_set_baudrate
                0x1000acd4       0x94 CMakeFiles/pico_lcd.dir/D_/vscode_ws/pico/pico-sdk/src/rp2_common/hardware_spi/spi.c.obj
                0x1000acd4                spi_set_baudrate
 .text.spi_get_baudrate
                0x1000ad68       0x1c CMakeFiles/pico_lcd.dir/D_/vscode_ws/pico/pico-sdk/src/rp2_common/hardware_spi/spi.c.obj
                0x1000ad68                spi_get_baudrate
 .text.dma_claim_unused_channel
                0x1000ad84       0x20 CMakeFiles/pico_lcd.dir/D_/vscode_ws/pico/pico-sdk/src/rp2_common/hardware_dma/dma.c.obj
                0x1000ad84                dma_claim_unused_channel
 .text._calloc_r
                0x1000ada4       0x9c c:/tools/gcc-arm-none-eabi-10.3-2021.10/bin/../lib/gcc/arm-none-eabi/10.3.1/../../../../arm-none-eabi/lib/thumb/v6-m/nofp\libc.a(lib_a-callocr.o)
                0x1000ada4                _calloc_r
 .text.__errno  0x1000ae40        0xc c:/tools/gcc-arm-none-eabi-10.3-2021.10/bin/../lib/gcc/arm-none-eabi/10.3.1/../../../../arm-none-eabi/lib/thumb/v6-m/nofp\libc.a(lib_a-errno.o)
                0x1000ae40                __errno
 .text._malloc_r
                0x1000ae4c      0x584 c:/tools/gcc-arm-none-eabi-10.3-2021.10/bin/../lib/gcc/arm-none-eabi/10.3.1/../../../../arm-none-eabi/lib/thumb/v6-m/nofp\libc.a(lib_a-mallocr.o)
                0x1000ae4c                _malloc_r
 .text.__malloc_lock
                0x1000b3d0       0x10 c:/tools/gcc-arm-none-eabi-10.3-2021.10/bin/../lib/gcc/arm-none-eabi/10.3.1/../../../../arm-none-eabi/lib/thumb/v6-m/nofp\libc.a(lib_a-mlock.o)
                0x1000b3d0                __malloc_lock
 .text.__malloc_unlock
                0x1000b3e0       0x10 c:/tools/gcc-arm-none-eabi-10.3-2021.10/bin/../lib/gcc/arm-none-eabi/10.3.1/../../../../arm-none-eabi/lib/thumb/v6-m/nofp\libc.a(lib_a-mlock.o)
                0x1000b3e0                __malloc_unlock
 .text._sbrk_r  0x1000b3f0       0x24 c:/tools/gcc-arm-none-eabi-10.3-2021.10/bin/../lib/gcc/arm-none-eabi/10.3.1/../../../../arm-none-eabi/lib/thumb/v6-m/nofp\libc.a(lib_a-sbrkr.o)
                0x1000b3f0                _sbrk_r
 .text          0x1000b414       0x88 c:/tools/gcc-arm-none-eabi-10.3-2021.10/bin/../lib/gcc/arm-none-eabi/10.3.1/../../../../arm-none-eabi/lib/thumb/v6-m/nofp\libc.a(lib_a-strcmp.o)
                0x1000b414                strcmp
 .text.strcpy   0x1000b49c       0x10 c:/tools/gcc-arm-none-eabi-10.3-2021.10/bin/../lib/gcc/arm-none-eabi/10.3.1/../../../../arm-none-eabi/lib/thumb/v6-m/nofp\libc.a(lib_a-strcpy.o)
                0x1000b49c                strcpy
 .text.strlen   0x1000b4ac       0x5c c:/tools/gcc-arm-none-eabi-10.3-2021.10/bin/../lib/gcc/arm-none-eabi/10.3.1/../../../../arm-none-eabi/lib/thumb/v6-m/nofp\libc.a(lib_a-strlen-stub.o)
                0x1000b4ac                strlen
 .text._strtod_l
                0x1000b508      0xf78 c:/tools/gcc-arm-none-eabi-10.3-2021.10/bin/../lib/gcc/arm-none-eabi/10.3.1/../../../../arm-none-eabi/lib/thumb/v6-m/nofp\libc.a(lib_a-strtod.o)
                0x1000b508                _strtod_l
 .text.strtof   0x1000c480       0xb4 c:/tools/gcc-arm-none-eabi-10.3-2021.10/bin/../lib/gcc/arm-none-eabi/10.3.1/../../../../arm-none-eabi/lib/thumb/v6-m/nofp\libc.a(lib_a-strtod.o)
                0x1000c480                strtof
 .text.__strtok_r
                0x1000c534       0x6c c:/tools/gcc-arm-none-eabi-10.3-2021.10/bin/../lib/gcc/arm-none-eabi/10.3.1/../../../../arm-none-eabi/lib/thumb/v6-m/nofp\libc.a(lib_a-strtok_r.o)
                0x1000c534                __strtok_r
 .text.strtok_r
                0x1000c5a0        0xc c:/tools/gcc-arm-none-eabi-10.3-2021.10/bin/../lib/gcc/arm-none-eabi/10.3.1/../../../../arm-none-eabi/lib/thumb/v6-m/nofp\libc.a(lib_a-strtok_r.o)
                0x1000c5a0                strtok_r
 .text._strtoul_l.constprop.0
                0x1000c5ac      0x148 c:/tools/gcc-arm-none-eabi-10.3-2021.10/bin/../lib/gcc/arm-none-eabi/10.3.1/../../../../arm-none-eabi/lib/thumb/v6-m/nofp\libc.a(lib_a-strtoul.o)
 .text.strtoul  0x1000c6f4       0x18 c:/tools/gcc-arm-none-eabi-10.3-2021.10/bin/../lib/gcc/arm-none-eabi/10.3.1/../../../../arm-none-eabi/lib/thumb/v6-m/nofp\libc.a(lib_a-strtoul.o)
                0x1000c6f4                strtoul
 .text._malloc_trim_r
                0x1000c70c       0x9c c:/tools/gcc-arm-none-eabi-10.3-2021.10/bin/../lib/gcc/arm-none-eabi/10.3.1/../../../../arm-none-eabi/lib/thumb/v6-m/nofp\libc.a(lib_a-freer.o)
                0x1000c70c                _malloc_trim_r
 .text._free_r  0x1000c7a8      0x1c4 c:/tools/gcc-arm-none-eabi-10.3-2021.10/bin/../lib/gcc/arm-none-eabi/10.3.1/../../../../arm-none-eabi/lib/thumb/v6-m/nofp\libc.a(lib_a-freer.o)
                0x1000c7a8                _free_r
 .text.rshift   0x1000c96c       0xa4 c:/tools/gcc-arm-none-eabi-10.3-2021.10/bin/../lib/gcc/arm-none-eabi/10.3.1/../../../../arm-none-eabi/lib/thumb/v6-m/nofp\libc.a(lib_a-gdtoa-gethex.o)
 .text.__gethex
                0x1000ca10      0x5cc c:/tools/gcc-arm-none-eabi-10.3-2021.10/bin/../lib/gcc/arm-none-eabi/10.3.1/../../../../arm-none-eabi/lib/thumb/v6-m/nofp\libc.a(lib_a-gdtoa-gethex.o)
                0x1000ca10                __gethex
 .text.__match  0x1000cfdc       0x2c c:/tools/gcc-arm-none-eabi-10.3-2021.10/bin/../lib/gcc/arm-none-eabi/10.3.1/../../../../arm-none-eabi/lib/thumb/v6-m/nofp\libc.a(lib_a-gdtoa-hexnan.o)
                0x1000cfdc                __match
 .text.__hexnan
                0x1000d008      0x1d0 c:/tools/gcc-arm-none-eabi-10.3-2021.10/bin/../lib/gcc/arm-none-eabi/10.3.1/../../../../arm-none-eabi/lib/thumb/v6-m/nofp\libc.a(lib_a-gdtoa-hexnan.o)
                0x1000d008                __hexnan
 .text.__retarget_lock_acquire_recursive
                0x1000d1d8        0x4 c:/tools/gcc-arm-none-eabi-10.3-2021.10/bin/../lib/gcc/arm-none-eabi/10.3.1/../../../../arm-none-eabi/lib/thumb/v6-m/nofp\libc.a(lib_a-lock.o)
                0x1000d1d8                __retarget_lock_acquire_recursive
 .text.__retarget_lock_release_recursive
                0x1000d1dc        0x4 c:/tools/gcc-arm-none-eabi-10.3-2021.10/bin/../lib/gcc/arm-none-eabi/10.3.1/../../../../arm-none-eabi/lib/thumb/v6-m/nofp\libc.a(lib_a-lock.o)
                0x1000d1dc                __retarget_lock_release_recursive
 .text.__ascii_mbtowc
                0x1000d1e0       0x2c c:/tools/gcc-arm-none-eabi-10.3-2021.10/bin/../lib/gcc/arm-none-eabi/10.3.1/../../../../arm-none-eabi/lib/thumb/v6-m/nofp\libc.a(lib_a-mbtowc_r.o)
                0x1000d1e0                __ascii_mbtowc
 .text._Balloc  0x1000d20c       0x50 c:/tools/gcc-arm-none-eabi-10.3-2021.10/bin/../lib/gcc/arm-none-eabi/10.3.1/../../../../arm-none-eabi/lib/thumb/v6-m/nofp\libc.a(lib_a-mprec.o)
                0x1000d20c                _Balloc
 .text._Bfree   0x1000d25c       0x14 c:/tools/gcc-arm-none-eabi-10.3-2021.10/bin/../lib/gcc/arm-none-eabi/10.3.1/../../../../arm-none-eabi/lib/thumb/v6-m/nofp\libc.a(lib_a-mprec.o)
                0x1000d25c                _Bfree
 .text.__multadd
                0x1000d270       0xa8 c:/tools/gcc-arm-none-eabi-10.3-2021.10/bin/../lib/gcc/arm-none-eabi/10.3.1/../../../../arm-none-eabi/lib/thumb/v6-m/nofp\libc.a(lib_a-mprec.o)
                0x1000d270                __multadd
 .text.__s2b    0x1000d318       0xb0 c:/tools/gcc-arm-none-eabi-10.3-2021.10/bin/../lib/gcc/arm-none-eabi/10.3.1/../../../../arm-none-eabi/lib/thumb/v6-m/nofp\libc.a(lib_a-mprec.o)
                0x1000d318                __s2b
 .text.__hi0bits
                0x1000d3c8       0x38 c:/tools/gcc-arm-none-eabi-10.3-2021.10/bin/../lib/gcc/arm-none-eabi/10.3.1/../../../../arm-none-eabi/lib/thumb/v6-m/nofp\libc.a(lib_a-mprec.o)
                0x1000d3c8                __hi0bits
 .text.__lo0bits
                0x1000d400       0x5c c:/tools/gcc-arm-none-eabi-10.3-2021.10/bin/../lib/gcc/arm-none-eabi/10.3.1/../../../../arm-none-eabi/lib/thumb/v6-m/nofp\libc.a(lib_a-mprec.o)
                0x1000d400                __lo0bits
 .text.__i2b    0x1000d45c       0x60 c:/tools/gcc-arm-none-eabi-10.3-2021.10/bin/../lib/gcc/arm-none-eabi/10.3.1/../../../../arm-none-eabi/lib/thumb/v6-m/nofp\libc.a(lib_a-mprec.o)
                0x1000d45c                __i2b
 .text.__multiply
                0x1000d4bc      0x1a4 c:/tools/gcc-arm-none-eabi-10.3-2021.10/bin/../lib/gcc/arm-none-eabi/10.3.1/../../../../arm-none-eabi/lib/thumb/v6-m/nofp\libc.a(lib_a-mprec.o)
                0x1000d4bc                __multiply
 .text.__pow5mult
                0x1000d660       0xd8 c:/tools/gcc-arm-none-eabi-10.3-2021.10/bin/../lib/gcc/arm-none-eabi/10.3.1/../../../../arm-none-eabi/lib/thumb/v6-m/nofp\libc.a(lib_a-mprec.o)
                0x1000d660                __pow5mult
 .text.__lshift
                0x1000d738       0xfc c:/tools/gcc-arm-none-eabi-10.3-2021.10/bin/../lib/gcc/arm-none-eabi/10.3.1/../../../../arm-none-eabi/lib/thumb/v6-m/nofp\libc.a(lib_a-mprec.o)
                0x1000d738                __lshift
 .text.__mcmp   0x1000d834       0x34 c:/tools/gcc-arm-none-eabi-10.3-2021.10/bin/../lib/gcc/arm-none-eabi/10.3.1/../../../../arm-none-eabi/lib/thumb/v6-m/nofp\libc.a(lib_a-mprec.o)
                0x1000d834                __mcmp
 .text.__mdiff  0x1000d868      0x18c c:/tools/gcc-arm-none-eabi-10.3-2021.10/bin/../lib/gcc/arm-none-eabi/10.3.1/../../../../arm-none-eabi/lib/thumb/v6-m/nofp\libc.a(lib_a-mprec.o)
                0x1000d868                __mdiff
 .text.__ulp    0x1000d9f4       0x48 c:/tools/gcc-arm-none-eabi-10.3-2021.10/bin/../lib/gcc/arm-none-eabi/10.3.1/../../../../arm-none-eabi/lib/thumb/v6-m/nofp\libc.a(lib_a-mprec.o)
                0x1000d9f4                __ulp
 .text.__b2d    0x1000da3c       0xc8 c:/tools/gcc-arm-none-eabi-10.3-2021.10/bin/../lib/gcc/arm-none-eabi/10.3.1/../../../../arm-none-eabi/lib/thumb/v6-m/nofp\libc.a(lib_a-mprec.o)
                0x1000da3c                __b2d
 .text.__d2b    0x1000db04       0xd8 c:/tools/gcc-arm-none-eabi-10.3-2021.10/bin/../lib/gcc/arm-none-eabi/10.3.1/../../../../arm-none-eabi/lib/thumb/v6-m/nofp\libc.a(lib_a-mprec.o)
                0x1000db04                __d2b
 .text.__ratio  0x1000dbdc       0x68 c:/tools/gcc-arm-none-eabi-10.3-2021.10/bin/../lib/gcc/arm-none-eabi/10.3.1/../../../../arm-none-eabi/lib/thumb/v6-m/nofp\libc.a(lib_a-mprec.o)
                0x1000dbdc                __ratio
 .text.__copybits
                0x1000dc44       0x40 c:/tools/gcc-arm-none-eabi-10.3-2021.10/bin/../lib/gcc/arm-none-eabi/10.3.1/../../../../arm-none-eabi/lib/thumb/v6-m/nofp\libc.a(lib_a-mprec.o)
                0x1000dc44                __copybits
 .text.__any_on
                0x1000dc84       0x50 c:/tools/gcc-arm-none-eabi-10.3-2021.10/bin/../lib/gcc/arm-none-eabi/10.3.1/../../../../arm-none-eabi/lib/thumb/v6-m/nofp\libc.a(lib_a-mprec.o)
                0x1000dc84                __any_on
 .text.nan      0x1000dcd4        0xc c:/tools/gcc-arm-none-eabi-10.3-2021.10/bin/../lib/gcc/arm-none-eabi/10.3.1/../../../../arm-none-eabi/lib/thumb/v6-m/nofp\libc.a(lib_a-s_nan.o)
                0x1000dcd4                nan
 .text.nanf     0x1000dce0        0x8 c:/tools/gcc-arm-none-eabi-10.3-2021.10/bin/../lib/gcc/arm-none-eabi/10.3.1/../../../../arm-none-eabi/lib/thumb/v6-m/nofp\libc.a(lib_a-sf_nan.o)
                0x1000dce0                nanf
 .text.strncmp  0x1000dce8       0x74 c:/tools/gcc-arm-none-eabi-10.3-2021.10/bin/../lib/gcc/arm-none-eabi/10.3.1/../../../../arm-none-eabi/lib/thumb/v6-m/nofp\libc.a(lib_a-strncmp.o)
                0x1000dce8                strncmp
 .text.__ascii_wctomb
                0x1000dd5c       0x1c c:/tools/gcc-arm-none-eabi-10.3-2021.10/bin/../lib/gcc/arm-none-eabi/10.3.1/../../../../arm-none-eabi/lib/thumb/v6-m/nofp\libc.a(lib_a-wctomb_r.o)
                0x1000dd5c                __ascii_wctomb
 *(.fini)
 .fini          0x1000dd78        0x4 c:/tools/gcc-arm-none-eabi-10.3-2021.10/bin/../lib/gcc/arm-none-eabi/10.3.1/thumb/v6-m/nofp/crti.o
                0x1000dd78                _fini
 *fill*         0x1000dd7c        0x4 
 .fini.__stub   0x1000dd80       0x90 linker stubs
 *crtbegin.o(.ctors)
 *crtbegin?.o(.ctors)
 *(EXCLUDE_FILE(*crtend.o *crtend?.o) .ctors)
 *(SORT_BY_NAME(.ctors.*))
 *(.ctors)
 *crtbegin.o(.dtors)
 *crtbegin?.o(.dtors)
 *(EXCLUDE_FILE(*crtend.o *crtend?.o) .dtors)
 *(SORT_BY_NAME(.dtors.*))
 *(.dtors)
 *(.eh_frame*)
 .eh_frame      0x1000de10        0x0 c:/tools/gcc-arm-none-eabi-10.3-2021.10/bin/../lib/gcc/arm-none-eabi/10.3.1/thumb/v6-m/nofp/crtbegin.o
                0x1000de10                . = ALIGN (0x4)

.glue_7         0x1000de10        0x0
 .glue_7        0x1000de10        0x0 linker stubs

.glue_7t        0x1000de10        0x0
 .glue_7t       0x1000de10        0x0 linker stubs

.vfp11_veneer   0x1000de10        0x0
 .vfp11_veneer  0x1000de10        0x0 linker stubs

.v4_bx          0x1000de10        0x0
 .v4_bx         0x1000de10        0x0 linker stubs

.iplt           0x1000de10        0x0
 .iplt          0x1000de10        0x0 c:/tools/gcc-arm-none-eabi-10.3-2021.10/bin/../lib/gcc/arm-none-eabi/10.3.1/thumb/v6-m/nofp/crtbegin.o

.rodata         0x1000de40     0xcf7c
 *(EXCLUDE_FILE(*libm.a: *libc.a:*lib_a-mem*.o *libgcc.a:) .rodata*)
 .rodata._Z6apInitv.str1.4
                0x1000de40       0x71 CMakeFiles/pico_lcd.dir/ap/ap.cpp.obj
 *fill*         0x1000deb1        0x3 
 .rodata.hwInit.str1.4
                0x1000deb4       0xd6 CMakeFiles/pico_lcd.dir/hw/hw.c.obj
 *fill*         0x1000df8a        0x2 
 .rodata.cliShowLog.part.0.str1.4
                0x1000df8c       0x7f CMakeFiles/pico_lcd.dir/hw/driver/cli.c.obj
                                 0x82 (size before relaxing)
 *fill*         0x1000e00b        0x1 
 .rodata.cliInit.str1.4
                0x1000e00c        0xb CMakeFiles/pico_lcd.dir/hw/driver/cli.c.obj
 *fill*         0x1000e017        0x1 
 .rodata.cliShowList.str1.4
                0x1000e018       0x40 CMakeFiles/pico_lcd.dir/hw/driver/cli.c.obj
                                 0x44 (size before relaxing)
 .rodata.cliMemoryDump.str1.4
                0x1000e058       0x42 CMakeFiles/pico_lcd.dir/hw/driver/cli.c.obj
 *fill*         0x1000e09a        0x2 
 .rodata.cliMain.str1.4
                0x1000e09c       0x46 CMakeFiles/pico_lcd.dir/hw/driver/cli.c.obj
 *fill*         0x1000e0e2        0x2 
 .rodata.cliCmd.str1.4
                0x1000e0e4       0x89 CMakeFiles/pico_lcd.dir/hw/driver/log.c.obj
                                 0x8d (size before relaxing)
 *fill*         0x1000e16d        0x3 
 .rodata.logInit.str1.4
                0x1000e170        0x4 CMakeFiles/pico_lcd.dir/hw/driver/log.c.obj
 .rodata.logBufPrintf.str1.4
                0x1000e174        0x8 CMakeFiles/pico_lcd.dir/hw/driver/log.c.obj
 .rodata.cliGpio.str1.4
                0x1000e17c       0x7d CMakeFiles/pico_lcd.dir/hw/driver/gpio.c.obj
                                 0x81 (size before relaxing)
 *fill*         0x1000e1f9        0x3 
 .rodata.gpioInit.str1.4
                0x1000e1fc        0x5 CMakeFiles/pico_lcd.dir/hw/driver/gpio.c.obj
 *fill*         0x1000e201        0x3 
 .rodata.gpioInit
                0x1000e204       0x18 CMakeFiles/pico_lcd.dir/hw/driver/gpio.c.obj
 .rodata.gpio_tbl
                0x1000e21c       0x28 CMakeFiles/pico_lcd.dir/hw/driver/gpio.c.obj
                0x1000e21c                gpio_tbl
 .rodata.lcdInit.str1.4
                0x1000e244       0x20 CMakeFiles/pico_lcd.dir/hw/driver/lcd.c.obj
 .rodata.cliLcd.str1.4
                0x1000e264       0x53 CMakeFiles/pico_lcd.dir/hw/driver/lcd.c.obj
                                 0x67 (size before relaxing)
 *fill*         0x1000e2b7        0x1 
 .rodata.font_tbl
                0x1000e2b8       0x10 CMakeFiles/pico_lcd.dir/hw/driver/lcd.c.obj
 .rodata.ili9341Reset.str1.4
                0x1000e2c8       0x15 CMakeFiles/pico_lcd.dir/hw/driver/lcd/ili9341.c.obj
 *fill*         0x1000e2dd        0x3 
 .rodata.ili9341Init.str1.4
                0x1000e2e0        0x9 CMakeFiles/pico_lcd.dir/hw/driver/lcd/ili9341.c.obj
 *fill*         0x1000e2e9        0x3 
 .rodata.Font11x18
                0x1000e2ec      0xd5c CMakeFiles/pico_lcd.dir/hw/driver/lcd/lcd_fonts.c.obj
 .rodata.Font16x26
                0x1000f048     0x134c CMakeFiles/pico_lcd.dir/hw/driver/lcd/lcd_fonts.c.obj
 .rodata.Font7x10
                0x10010394      0x76c CMakeFiles/pico_lcd.dir/hw/driver/lcd/lcd_fonts.c.obj
 .rodata.ChoIdxTbl
                0x10010b00       0x20 CMakeFiles/pico_lcd.dir/hw/driver/hangul/han.c.obj
                0x10010b00                ChoIdxTbl
 .rodata.ChoTypeCaseJongNo
                0x10010b20       0x16 CMakeFiles/pico_lcd.dir/hw/driver/hangul/han.c.obj
                0x10010b20                ChoTypeCaseJongNo
 *fill*         0x10010b36        0x2 
 .rodata.ChoTypeCaseJongYes
                0x10010b38       0x16 CMakeFiles/pico_lcd.dir/hw/driver/hangul/han.c.obj
                0x10010b38                ChoTypeCaseJongYes
 *fill*         0x10010b4e        0x2 
 .rodata.JonIdxTbl
                0x10010b50       0x20 CMakeFiles/pico_lcd.dir/hw/driver/hangul/han.c.obj
                0x10010b50                JonIdxTbl
 .rodata.JonType
                0x10010b70       0x16 CMakeFiles/pico_lcd.dir/hw/driver/hangul/han.c.obj
                0x10010b70                JonType
 *fill*         0x10010b86        0x2 
 .rodata.JooIdxTbl
                0x10010b88       0x20 CMakeFiles/pico_lcd.dir/hw/driver/hangul/han.c.obj
                0x10010b88                JooIdxTbl
 *fill*         0x10010ba8       0x18 
 .rodata.K_font
                0x10010bc0     0x5a00 CMakeFiles/pico_lcd.dir/hw/driver/hangul/han.c.obj
                0x10010bc0                K_font
 .rodata.UniChoIdxTbl
                0x100165c0       0x20 CMakeFiles/pico_lcd.dir/hw/driver/hangul/han.c.obj
                0x100165c0                UniChoIdxTbl
 .rodata.UniJonIdxTbl
                0x100165e0       0x20 CMakeFiles/pico_lcd.dir/hw/driver/hangul/han.c.obj
                0x100165e0                UniJonIdxTbl
 .rodata.UniJooIdxTbl
                0x10016600       0x20 CMakeFiles/pico_lcd.dir/hw/driver/hangul/han.c.obj
                0x10016600                UniJooIdxTbl
 .rodata.wEngFon
                0x10016620     0x1800 CMakeFiles/pico_lcd.dir/hw/driver/hangul/han.c.obj
                0x10016620                wEngFon
 *fill*         0x10017e20       0x20 
 .rodata.wWanToJohabTable
                0x10017e40     0x24b8 CMakeFiles/pico_lcd.dir/hw/driver/hangul/han.c.obj
                0x10017e40                wWanToJohabTable
 .rodata.spin_lock_claim_unused.str1.4
                0x1001a2f8       0x1b CMakeFiles/pico_lcd.dir/D_/vscode_ws/pico/pico-sdk/src/rp2_common/hardware_sync/sync.c.obj
 *fill*         0x1001a313        0x1 
 .rodata.hardware_alarm_claim.str1.4
                0x1001a314       0x22 CMakeFiles/pico_lcd.dir/D_/vscode_ws/pico/pico-sdk/src/rp2_common/hardware_timer/timer.c.obj
 *fill*         0x1001a336        0x2 
 .rodata.__assert_func.str1.4
                0x1001a338       0x3f CMakeFiles/pico_lcd.dir/D_/vscode_ws/pico/pico-sdk/src/rp2_common/pico_runtime/runtime.c.obj
                                 0x43 (size before relaxing)
 *fill*         0x1001a377        0x1 
 .rodata.panic.str1.4
                0x1001a378       0x10 CMakeFiles/pico_lcd.dir/D_/vscode_ws/pico/pico-sdk/src/rp2_common/pico_runtime/runtime.c.obj
                                 0x12 (size before relaxing)
 .rodata.hard_assertion_failure.str1.4
                0x1001a388        0xc CMakeFiles/pico_lcd.dir/D_/vscode_ws/pico/pico-sdk/src/rp2_common/pico_runtime/runtime.c.obj
 .rodata._ftoa.str1.4
                0x1001a394       0x15 CMakeFiles/pico_lcd.dir/D_/vscode_ws/pico/pico-sdk/src/rp2_common/pico_printf/printf.c.obj
 *fill*         0x1001a3a9        0x3 
 .rodata._vsnprintf
                0x1001a3ac      0x1e0 CMakeFiles/pico_lcd.dir/D_/vscode_ws/pico/pico-sdk/src/rp2_common/pico_printf/printf.c.obj
 *fill*         0x1001a58c        0x4 
 .rodata.pow10.0
                0x1001a590       0x50 CMakeFiles/pico_lcd.dir/D_/vscode_ws/pico/pico-sdk/src/rp2_common/pico_printf/printf.c.obj
 .rodata.str1.4
                0x1001a5e0       0x40 CMakeFiles/pico_lcd.dir/D_/vscode_ws/pico/pico-sdk/src/rp2_common/pico_standard_link/binary_info.c.obj
 .rodata.__bi_44
                0x1001a620        0xc CMakeFiles/pico_lcd.dir/D_/vscode_ws/pico/pico-sdk/src/rp2_common/pico_standard_link/binary_info.c.obj
 .rodata.__bi_75
                0x1001a62c        0xc CMakeFiles/pico_lcd.dir/D_/vscode_ws/pico/pico-sdk/src/rp2_common/pico_standard_link/binary_info.c.obj
 .rodata.__bi_81
                0x1001a638        0xc CMakeFiles/pico_lcd.dir/D_/vscode_ws/pico/pico-sdk/src/rp2_common/pico_standard_link/binary_info.c.obj
 .rodata.crlf_str.0
                0x1001a644        0x2 CMakeFiles/pico_lcd.dir/D_/vscode_ws/pico/pico-sdk/src/rp2_common/pico_stdio/stdio.c.obj
 *fill*         0x1001a646        0x2 
 .rodata._resetd_driver
                0x1001a648       0x18 CMakeFiles/pico_lcd.dir/D_/vscode_ws/pico/pico-sdk/src/rp2_common/pico_stdio_usb/reset_interface.c.obj
 .rodata.str1.4
                0x1001a660       0x13 CMakeFiles/pico_lcd.dir/D_/vscode_ws/pico/pico-sdk/src/rp2_common/pico_stdio_usb/stdio_usb.c.obj
 *fill*         0x1001a673        0x1 
 .rodata.__bi_93.0
                0x1001a674        0xc CMakeFiles/pico_lcd.dir/D_/vscode_ws/pico/pico-sdk/src/rp2_common/pico_stdio_usb/stdio_usb.c.obj
 .rodata.str1.4
                0x1001a680       0x2a CMakeFiles/pico_lcd.dir/D_/vscode_ws/pico/pico-sdk/src/rp2_common/pico_stdio_usb/stdio_usb_descriptors.c.obj
 *fill*         0x1001a6aa        0x2 
 .rodata.usbd_desc_cfg
                0x1001a6ac       0x54 CMakeFiles/pico_lcd.dir/D_/vscode_ws/pico/pico-sdk/src/rp2_common/pico_stdio_usb/stdio_usb_descriptors.c.obj
 .rodata.usbd_desc_device
                0x1001a700       0x12 CMakeFiles/pico_lcd.dir/D_/vscode_ws/pico/pico-sdk/src/rp2_common/pico_stdio_usb/stdio_usb_descriptors.c.obj
 *fill*         0x1001a712        0x2 
 .rodata.usbd_desc_str
                0x1001a714       0x18 CMakeFiles/pico_lcd.dir/D_/vscode_ws/pico/pico-sdk/src/rp2_common/pico_stdio_usb/stdio_usb_descriptors.c.obj
 .rodata.dcd_rp2040_irq.str1.4
                0x1001a72c       0x14 CMakeFiles/pico_lcd.dir/D_/vscode_ws/pico/pico-sdk/lib/tinyusb/src/portable/raspberrypi/rp2040/dcd_rp2040.c.obj
 .rodata._hw_endpoint_buffer_control_update32.part.0.isra.0.str1.4
                0x1001a740       0x1f CMakeFiles/pico_lcd.dir/D_/vscode_ws/pico/pico-sdk/lib/tinyusb/src/portable/raspberrypi/rp2040/rp2040_usb.c.obj
 *fill*         0x1001a75f        0x1 
 .rodata.hw_endpoint_xfer_continue.str1.4
                0x1001a760       0x29 CMakeFiles/pico_lcd.dir/D_/vscode_ws/pico/pico-sdk/lib/tinyusb/src/portable/raspberrypi/rp2040/rp2040_usb.c.obj
 *fill*         0x1001a789        0x3 
 .rodata.str1.4
                0x1001a78c        0x7 CMakeFiles/pico_lcd.dir/D_/vscode_ws/pico/pico-sdk/lib/tinyusb/src/portable/raspberrypi/rp2040/rp2040_usb.c.obj
 *fill*         0x1001a793        0x1 
 .rodata.tud_task
                0x1001a794       0x8c CMakeFiles/pico_lcd.dir/D_/vscode_ws/pico/pico-sdk/lib/tinyusb/src/device/usbd.c.obj
 .rodata._usbd_driver
                0x1001a820       0x18 CMakeFiles/pico_lcd.dir/D_/vscode_ws/pico/pico-sdk/lib/tinyusb/src/device/usbd.c.obj
 .rodata.dma_claim_unused_channel.str1.4
                0x1001a838       0x1e CMakeFiles/pico_lcd.dir/D_/vscode_ws/pico/pico-sdk/src/rp2_common/hardware_dma/dma.c.obj
 *fill*         0x1001a856        0x2 
 .rodata._strtod_l.str1.4
                0x1001a858        0xf c:/tools/gcc-arm-none-eabi-10.3-2021.10/bin/../lib/gcc/arm-none-eabi/10.3.1/../../../../arm-none-eabi/lib/thumb/v6-m/nofp\libc.a(lib_a-strtod.o)
                                 0x11 (size before relaxing)
 *fill*         0x1001a867        0x1 
 .rodata._strtod_l
                0x1001a868       0xd0 c:/tools/gcc-arm-none-eabi-10.3-2021.10/bin/../lib/gcc/arm-none-eabi/10.3.1/../../../../arm-none-eabi/lib/thumb/v6-m/nofp\libc.a(lib_a-strtod.o)
 .rodata.fpi.1  0x1001a938       0x14 c:/tools/gcc-arm-none-eabi-10.3-2021.10/bin/../lib/gcc/arm-none-eabi/10.3.1/../../../../arm-none-eabi/lib/thumb/v6-m/nofp\libc.a(lib_a-strtod.o)
 .rodata.fpinan.0
                0x1001a94c       0x14 c:/tools/gcc-arm-none-eabi-10.3-2021.10/bin/../lib/gcc/arm-none-eabi/10.3.1/../../../../arm-none-eabi/lib/thumb/v6-m/nofp\libc.a(lib_a-strtod.o)
 .rodata.tinytens
                0x1001a960       0x28 c:/tools/gcc-arm-none-eabi-10.3-2021.10/bin/../lib/gcc/arm-none-eabi/10.3.1/../../../../arm-none-eabi/lib/thumb/v6-m/nofp\libc.a(lib_a-strtod.o)
 .rodata._ctype_
                0x1001a988      0x101 c:/tools/gcc-arm-none-eabi-10.3-2021.10/bin/../lib/gcc/arm-none-eabi/10.3.1/../../../../arm-none-eabi/lib/thumb/v6-m/nofp\libc.a(lib_a-ctype_.o)
                0x1001a988                _ctype_
 *fill*         0x1001aa89        0x3 
 .rodata.__gethex.str1.4
                0x1001aa8c       0x9a c:/tools/gcc-arm-none-eabi-10.3-2021.10/bin/../lib/gcc/arm-none-eabi/10.3.1/../../../../arm-none-eabi/lib/thumb/v6-m/nofp\libc.a(lib_a-gdtoa-gethex.o)
 *fill*         0x1001ab26        0x2 
 .rodata.__hexdig
                0x1001ab28      0x100 c:/tools/gcc-arm-none-eabi-10.3-2021.10/bin/../lib/gcc/arm-none-eabi/10.3.1/../../../../arm-none-eabi/lib/thumb/v6-m/nofp\libc.a(lib_a-gdtoa-gethex.o)
                0x1001ab28                __hexdig
 .rodata.str1.4
                0x1001ac28        0x5 c:/tools/gcc-arm-none-eabi-10.3-2021.10/bin/../lib/gcc/arm-none-eabi/10.3.1/../../../../arm-none-eabi/lib/thumb/v6-m/nofp\libc.a(lib_a-lnumeric.o)
 .rodata._C_numeric_locale
                0x1001ac28        0xc c:/tools/gcc-arm-none-eabi-10.3-2021.10/bin/../lib/gcc/arm-none-eabi/10.3.1/../../../../arm-none-eabi/lib/thumb/v6-m/nofp\libc.a(lib_a-lnumeric.o)
                0x1001ac28                _C_numeric_locale
 .rodata._setlocale_r.str1.4
                0x1001ac34        0x6 c:/tools/gcc-arm-none-eabi-10.3-2021.10/bin/../lib/gcc/arm-none-eabi/10.3.1/../../../../arm-none-eabi/lib/thumb/v6-m/nofp\libc.a(lib_a-locale.o)
                                  0xd (size before relaxing)
 .rodata.str1.4
                0x1001ac3a        0x2 c:/tools/gcc-arm-none-eabi-10.3-2021.10/bin/../lib/gcc/arm-none-eabi/10.3.1/../../../../arm-none-eabi/lib/thumb/v6-m/nofp\libc.a(lib_a-locale.o)
 *fill*         0x1001ac3a        0x2 
 .rodata.__multadd.str1.4
                0x1001ac3c       0x7f c:/tools/gcc-arm-none-eabi-10.3-2021.10/bin/../lib/gcc/arm-none-eabi/10.3.1/../../../../arm-none-eabi/lib/thumb/v6-m/nofp\libc.a(lib_a-mprec.o)
                                 0x93 (size before relaxing)
 *fill*         0x1001acbb        0x5 
 .rodata.__mprec_bigtens
                0x1001acc0       0x28 c:/tools/gcc-arm-none-eabi-10.3-2021.10/bin/../lib/gcc/arm-none-eabi/10.3.1/../../../../arm-none-eabi/lib/thumb/v6-m/nofp\libc.a(lib_a-mprec.o)
                0x1001acc0                __mprec_bigtens
 .rodata.__mprec_tens
                0x1001ace8       0xc8 c:/tools/gcc-arm-none-eabi-10.3-2021.10/bin/../lib/gcc/arm-none-eabi/10.3.1/../../../../arm-none-eabi/lib/thumb/v6-m/nofp\libc.a(lib_a-mprec.o)
                0x1001ace8                __mprec_tens
 .rodata.p05.0  0x1001adb0        0xc c:/tools/gcc-arm-none-eabi-10.3-2021.10/bin/../lib/gcc/arm-none-eabi/10.3.1/../../../../arm-none-eabi/lib/thumb/v6-m/nofp\libc.a(lib_a-mprec.o)
                0x1001adbc                . = ALIGN (0x4)
 *(SORT_BY_ALIGNMENT(SORT_BY_NAME(.flashdata*)))
                0x1001adbc                . = ALIGN (0x4)

.rel.dyn        0x1001adbc        0x0
 .rel.iplt      0x1001adbc        0x0 c:/tools/gcc-arm-none-eabi-10.3-2021.10/bin/../lib/gcc/arm-none-eabi/10.3.1/thumb/v6-m/nofp/crtbegin.o

.ARM.extab
 *(.ARM.extab* .gnu.linkonce.armextab.*)
                0x1001adbc                __exidx_start = .

.ARM.exidx
 *(.ARM.exidx* .gnu.linkonce.armexidx.*)
                0x1001adbc                __exidx_end = .
                0x1001adbc                . = ALIGN (0x4)
                0x1001adbc                __binary_info_start = .

.binary_info    0x1001adbc       0x20
 *(.binary_info.keep.*)
 .binary_info.keep.__bi_ptr22
                0x1001adbc        0x4 CMakeFiles/pico_lcd.dir/D_/vscode_ws/pico/pico-sdk/src/rp2_common/pico_standard_link/binary_info.c.obj
 .binary_info.keep.__bi_ptr30
                0x1001adc0        0x4 CMakeFiles/pico_lcd.dir/D_/vscode_ws/pico/pico-sdk/src/rp2_common/pico_standard_link/binary_info.c.obj
 .binary_info.keep.__bi_ptr38
                0x1001adc4        0x4 CMakeFiles/pico_lcd.dir/D_/vscode_ws/pico/pico-sdk/src/rp2_common/pico_standard_link/binary_info.c.obj
 .binary_info.keep.__bi_ptr44
                0x1001adc8        0x4 CMakeFiles/pico_lcd.dir/D_/vscode_ws/pico/pico-sdk/src/rp2_common/pico_standard_link/binary_info.c.obj
 .binary_info.keep.__bi_ptr50
                0x1001adcc        0x4 CMakeFiles/pico_lcd.dir/D_/vscode_ws/pico/pico-sdk/src/rp2_common/pico_standard_link/binary_info.c.obj
 .binary_info.keep.__bi_ptr75
                0x1001add0        0x4 CMakeFiles/pico_lcd.dir/D_/vscode_ws/pico/pico-sdk/src/rp2_common/pico_standard_link/binary_info.c.obj
 .binary_info.keep.__bi_ptr81
                0x1001add4        0x4 CMakeFiles/pico_lcd.dir/D_/vscode_ws/pico/pico-sdk/src/rp2_common/pico_standard_link/binary_info.c.obj
 *(.binary_info.*)
 .binary_info.__bi_ptr93
                0x1001add8        0x4 CMakeFiles/pico_lcd.dir/D_/vscode_ws/pico/pico-sdk/src/rp2_common/pico_stdio_usb/stdio_usb.c.obj
                0x1001addc                __binary_info_end = .
                0x1001addc                . = ALIGN (0x4)
                0x1001addc                __etext = .

.ram_vector_table
                0x20000000       0xc0
 *(.ram_vector_table)
 .ram_vector_table
                0x20000000       0xc0 CMakeFiles/pico_lcd.dir/D_/vscode_ws/pico/pico-sdk/src/rp2_common/pico_runtime/runtime.c.obj
                0x20000000                ram_vector_table

.data           0x200000c0     0x1050 load address 0x1001addc
                0x200000c0                __data_start__ = .
 *(vtable)
 *(.time_critical*)
 .time_critical.spiTransfer
                0x200000c0      0x1f8 CMakeFiles/pico_lcd.dir/hw/driver/spi.c.obj
                0x200000c0                spiTransfer
 .time_critical.mutex_enter_blocking
                0x200002b8       0x48 CMakeFiles/pico_lcd.dir/D_/vscode_ws/pico/pico-sdk/src/common/pico_sync/mutex.c.obj
                0x200002b8                mutex_enter_blocking
 .time_critical.mutex_try_enter
                0x20000300       0x44 CMakeFiles/pico_lcd.dir/D_/vscode_ws/pico/pico-sdk/src/common/pico_sync/mutex.c.obj
                0x20000300                mutex_try_enter
 .time_critical.mutex_enter_timeout_ms
                0x20000344       0xa0 CMakeFiles/pico_lcd.dir/D_/vscode_ws/pico/pico-sdk/src/common/pico_sync/mutex.c.obj
                0x20000344                mutex_enter_timeout_ms
 .time_critical.mutex_exit
                0x200003e4       0x28 CMakeFiles/pico_lcd.dir/D_/vscode_ws/pico/pico-sdk/src/common/pico_sync/mutex.c.obj
                0x200003e4                mutex_exit
 .time_critical.flash_init_boot2_copyout
                0x2000040c       0x30 CMakeFiles/pico_lcd.dir/D_/vscode_ws/pico/pico-sdk/src/rp2_common/hardware_flash/flash.c.obj
 .time_critical.flash_enable_xip_via_boot2
                0x2000043c       0x10 CMakeFiles/pico_lcd.dir/D_/vscode_ws/pico/pico-sdk/src/rp2_common/hardware_flash/flash.c.obj
 .time_critical.flash_cs_force
                0x2000044c       0x38 CMakeFiles/pico_lcd.dir/D_/vscode_ws/pico/pico-sdk/src/rp2_common/hardware_flash/flash.c.obj
 .time_critical.flash_do_cmd
                0x20000484       0xc4 CMakeFiles/pico_lcd.dir/D_/vscode_ws/pico/pico-sdk/src/rp2_common/hardware_flash/flash.c.obj
                0x20000484                flash_do_cmd
 *(.text*)