Archive member included to satisfy reference by file (symbol)

c:/tools/gcc-arm-none-eabi-9-2020-q2-update-win32/bin/../lib/gcc/arm-none-eabi/9.3.1/../../../../arm-none-eabi/lib/thumb/v7-m/nofp\libc_nano.a(lib_a-exit.o)
                              c:/tools/gcc-arm-none-eabi-9-2020-q2-update-win32/bin/../lib/gcc/arm-none-eabi/9.3.1/../../../../arm-none-eabi/lib/thumb/v7-m/nofp/crt0.o (exit)
c:/tools/gcc-arm-none-eabi-9-2020-q2-update-win32/bin/../lib/gcc/arm-none-eabi/9.3.1/../../../../arm-none-eabi/lib/thumb/v7-m/nofp\libc_nano.a(lib_a-impure.o)
                              c:/tools/gcc-arm-none-eabi-9-2020-q2-update-win32/bin/../lib/gcc/arm-none-eabi/9.3.1/../../../../arm-none-eabi/lib/thumb/v7-m/nofp\libc_nano.a(lib_a-exit.o) (_global_impure_ptr)
c:/tools/gcc-arm-none-eabi-9-2020-q2-update-win32/bin/../lib/gcc/arm-none-eabi/9.3.1/../../../../arm-none-eabi/lib/thumb/v7-m/nofp\libc_nano.a(lib_a-init.o)
                              c:/tools/gcc-arm-none-eabi-9-2020-q2-update-win32/bin/../lib/gcc/arm-none-eabi/9.3.1/../../../../arm-none-eabi/lib/thumb/v7-m/nofp/crt0.o (__libc_init_array)
c:/tools/gcc-arm-none-eabi-9-2020-q2-update-win32/bin/../lib/gcc/arm-none-eabi/9.3.1/../../../../arm-none-eabi/lib/thumb/v7-m/nofp\libc_nano.a(lib_a-memset.o)
                              c:/tools/gcc-arm-none-eabi-9-2020-q2-update-win32/bin/../lib/gcc/arm-none-eabi/9.3.1/../../../../arm-none-eabi/lib/thumb/v7-m/nofp/crt0.o (memset)
c:/tools/gcc-arm-none-eabi-9-2020-q2-update-win32/bin/../lib/gcc/arm-none-eabi/9.3.1/../../../../arm-none-eabi/lib/thumb/v7-m/nofp\libg_nano.a(lib_a-errno.o)
                              CMakeFiles/stm32_fw.elf.dir/src/Core/Src/syscalls.c.obj (__errno)
c:/tools/gcc-arm-none-eabi-9-2020-q2-update-win32/bin/../lib/gcc/arm-none-eabi/9.3.1/../../../../arm-none-eabi/lib/thumb/v7-m/nofp\libg_nano.a(lib_a-printf.o)
                              CMakeFiles/stm32_fw.elf.dir/src/Core/Src/main.c.obj (printf)
c:/tools/gcc-arm-none-eabi-9-2020-q2-update-win32/bin/../lib/gcc/arm-none-eabi/9.3.1/../../../../arm-none-eabi/lib/thumb/v7-m/nofp\libg_nano.a(lib_a-strlen.o)
                              CMakeFiles/stm32_fw.elf.dir/src/Core/Src/main.c.obj (strlen)
c:/tools/gcc-arm-none-eabi-9-2020-q2-update-win32/bin/../lib/gcc/arm-none-eabi/9.3.1/../../../../arm-none-eabi/lib/thumb/v7-m/nofp\libg_nano.a(lib_a-strncpy.o)
                              CMakeFiles/stm32_fw.elf.dir/src/Core/Src/main.c.obj (strncpy)
c:/tools/gcc-arm-none-eabi-9-2020-q2-update-win32/bin/../lib/gcc/arm-none-eabi/9.3.1/../../../../arm-none-eabi/lib/thumb/v7-m/nofp\libg_nano.a(lib_a-findfp.o)
                              c:/tools/gcc-arm-none-eabi-9-2020-q2-update-win32/bin/../lib/gcc/arm-none-eabi/9.3.1/../../../../arm-none-eabi/lib/thumb/v7-m/nofp\libg_nano.a(lib_a-printf.o) (__sinit)
c:/tools/gcc-arm-none-eabi-9-2020-q2-update-win32/bin/../lib/gcc/arm-none-eabi/9.3.1/../../../../arm-none-eabi/lib/thumb/v7-m/nofp\libg_nano.a(lib_a-fwalk.o)
                              c:/tools/gcc-arm-none-eabi-9-2020-q2-update-win32/bin/../lib/gcc/arm-none-eabi/9.3.1/../../../../arm-none-eabi/lib/thumb/v7-m/nofp\libg_nano.a(lib_a-findfp.o) (_fwalk)
c:/tools/gcc-arm-none-eabi-9-2020-q2-update-win32/bin/../lib/gcc/arm-none-eabi/9.3.1/../../../../arm-none-eabi/lib/thumb/v7-m/nofp\libg_nano.a(lib_a-lock.o)
                              c:/tools/gcc-arm-none-eabi-9-2020-q2-update-win32/bin/../lib/gcc/arm-none-eabi/9.3.1/../../../../arm-none-eabi/lib/thumb/v7-m/nofp\libg_nano.a(lib_a-findfp.o) (__retarget_lock_init_recursive)
c:/tools/gcc-arm-none-eabi-9-2020-q2-update-win32/bin/../lib/gcc/arm-none-eabi/9.3.1/../../../../arm-none-eabi/lib/thumb/v7-m/nofp\libg_nano.a(lib_a-nano-mallocr.o)
                              c:/tools/gcc-arm-none-eabi-9-2020-q2-update-win32/bin/../lib/gcc/arm-none-eabi/9.3.1/../../../../arm-none-eabi/lib/thumb/v7-m/nofp\libg_nano.a(lib_a-findfp.o) (_malloc_r)
c:/tools/gcc-arm-none-eabi-9-2020-q2-update-win32/bin/../lib/gcc/arm-none-eabi/9.3.1/../../../../arm-none-eabi/lib/thumb/v7-m/nofp\libg_nano.a(lib_a-nano-vfprintf.o)
                              c:/tools/gcc-arm-none-eabi-9-2020-q2-update-win32/bin/../lib/gcc/arm-none-eabi/9.3.1/../../../../arm-none-eabi/lib/thumb/v7-m/nofp\libg_nano.a(lib_a-printf.o) (_vfprintf_r)
c:/tools/gcc-arm-none-eabi-9-2020-q2-update-win32/bin/../lib/gcc/arm-none-eabi/9.3.1/../../../../arm-none-eabi/lib/thumb/v7-m/nofp\libg_nano.a(lib_a-nano-vfprintf_i.o)
                              c:/tools/gcc-arm-none-eabi-9-2020-q2-update-win32/bin/../lib/gcc/arm-none-eabi/9.3.1/../../../../arm-none-eabi/lib/thumb/v7-m/nofp\libg_nano.a(lib_a-nano-vfprintf.o) (_printf_i)
c:/tools/gcc-arm-none-eabi-9-2020-q2-update-win32/bin/../lib/gcc/arm-none-eabi/9.3.1/../../../../arm-none-eabi/lib/thumb/v7-m/nofp\libg_nano.a(lib_a-sbrkr.o)
[...]
Memory Configuration

Name             Origin             Length             Attributes
RAM              0x20000000         0x0000c000         xrw
FLASH            0x08000000         0x00040000         xr
*default*        0x00000000         0xffffffff

Linker script and memory map

LOAD c:/tools/gcc-arm-none-eabi-9-2020-q2-update-win32/bin/../lib/gcc/arm-none-eabi/9.3.1/thumb/v7-m/nofp/crti.o
LOAD c:/tools/gcc-arm-none-eabi-9-2020-q2-update-win32/bin/../lib/gcc/arm-none-eabi/9.3.1/thumb/v7-m/nofp/crtbegin.o
LOAD c:/tools/gcc-arm-none-eabi-9-2020-q2-update-win32/bin/../lib/gcc/arm-none-eabi/9.3.1/../../../../arm-none-eabi/lib/thumb/v7-m/nofp/crt0.o
LOAD c:/tools/gcc-arm-none-eabi-9-2020-q2-update-win32/bin/../lib/gcc/arm-none-eabi/9.3.1/../../../../arm-none-eabi/lib/thumb/v7-m/nofp\libc_nano.a
LOAD c:/tools/gcc-arm-none-eabi-9-2020-q2-update-win32/bin/../lib/gcc/arm-none-eabi/9.3.1/../../../../arm-none-eabi/lib/thumb/v7-m/nofp\libm.a
LOAD CMakeFiles/stm32_fw.elf.dir/src/Core/Src/gpio.c.obj
LOAD CMakeFiles/stm32_fw.elf.dir/src/Core/Src/main.c.obj
LOAD CMakeFiles/stm32_fw.elf.dir/src/Core/Src/rtc.c.obj
LOAD CMakeFiles/stm32_fw.elf.dir/src/Core/Src/spi.c.obj
LOAD CMakeFiles/stm32_fw.elf.dir/src/Core/Src/stm32f1xx_hal_msp.c.obj
LOAD CMakeFiles/stm32_fw.elf.dir/src/Core/Src/stm32f1xx_it.c.obj
LOAD CMakeFiles/stm32_fw.elf.dir/src/Core/Src/syscalls.c.obj
LOAD CMakeFiles/stm32_fw.elf.dir/src/Core/Src/sysmem.c.obj
LOAD CMakeFiles/stm32_fw.elf.dir/src/Core/Src/system_stm32f1xx.c.obj
LOAD CMakeFiles/stm32_fw.elf.dir/src/Core/Src/tickTimer.c.obj
LOAD CMakeFiles/stm32_fw.elf.dir/src/Core/Src/usart.c.obj
LOAD CMakeFiles/stm32_fw.elf.dir/src/Drivers/STM32F1xx_HAL_Driver/Src/stm32f1xx_hal.c.obj
LOAD CMakeFiles/stm32_fw.elf.dir/src/Drivers/STM32F1xx_HAL_Driver/Src/stm32f1xx_hal_cortex.c.obj
LOAD CMakeFiles/stm32_fw.elf.dir/src/Drivers/STM32F1xx_HAL_Driver/Src/stm32f1xx_hal_dma.c.obj
LOAD CMakeFiles/stm32_fw.elf.dir/src/Drivers/STM32F1xx_HAL_Driver/Src/stm32f1xx_hal_exti.c.obj
LOAD CMakeFiles/stm32_fw.elf.dir/src/Drivers/STM32F1xx_HAL_Driver/Src/stm32f1xx_hal_flash.c.obj
LOAD CMakeFiles/stm32_fw.elf.dir/src/Drivers/STM32F1xx_HAL_Driver/Src/stm32f1xx_hal_flash_ex.c.obj
LOAD CMakeFiles/stm32_fw.elf.dir/src/Drivers/STM32F1xx_HAL_Driver/Src/stm32f1xx_hal_gpio.c.obj
LOAD CMakeFiles/stm32_fw.elf.dir/src/Drivers/STM32F1xx_HAL_Driver/Src/stm32f1xx_hal_gpio_ex.c.obj
LOAD CMakeFiles/stm32_fw.elf.dir/src/Drivers/STM32F1xx_HAL_Driver/Src/stm32f1xx_hal_pcd.c.obj
LOAD CMakeFiles/stm32_fw.elf.dir/src/Drivers/STM32F1xx_HAL_Driver/Src/stm32f1xx_hal_pcd_ex.c.obj
LOAD CMakeFiles/stm32_fw.elf.dir/src/Drivers/STM32F1xx_HAL_Driver/Src/stm32f1xx_hal_pwr.c.obj
LOAD CMakeFiles/stm32_fw.elf.dir/src/Drivers/STM32F1xx_HAL_Driver/Src/stm32f1xx_hal_rcc.c.obj
LOAD CMakeFiles/stm32_fw.elf.dir/src/Drivers/STM32F1xx_HAL_Driver/Src/stm32f1xx_hal_rcc_ex.c.obj
LOAD CMakeFiles/stm32_fw.elf.dir/src/Drivers/STM32F1xx_HAL_Driver/Src/stm32f1xx_hal_rtc.c.obj
LOAD CMakeFiles/stm32_fw.elf.dir/src/Drivers/STM32F1xx_HAL_Driver/Src/stm32f1xx_hal_rtc_ex.c.obj
LOAD CMakeFiles/stm32_fw.elf.dir/src/Drivers/STM32F1xx_HAL_Driver/Src/stm32f1xx_hal_spi.c.obj
LOAD CMakeFiles/stm32_fw.elf.dir/src/Drivers/STM32F1xx_HAL_Driver/Src/stm32f1xx_hal_tim.c.obj
LOAD CMakeFiles/stm32_fw.elf.dir/src/Drivers/STM32F1xx_HAL_Driver/Src/stm32f1xx_hal_tim_ex.c.obj
LOAD CMakeFiles/stm32_fw.elf.dir/src/Drivers/STM32F1xx_HAL_Driver/Src/stm32f1xx_hal_uart.c.obj
LOAD CMakeFiles/stm32_fw.elf.dir/src/Drivers/STM32F1xx_HAL_Driver/Src/stm32f1xx_ll_exti.c.obj
LOAD CMakeFiles/stm32_fw.elf.dir/src/Drivers/STM32F1xx_HAL_Driver/Src/stm32f1xx_ll_rcc.c.obj
LOAD CMakeFiles/stm32_fw.elf.dir/src/Drivers/STM32F1xx_HAL_Driver/Src/stm32f1xx_ll_usb.c.obj
LOAD CMakeFiles/stm32_fw.elf.dir/src/Drivers/STM32F1xx_HAL_Driver/Src/stm32f1xx_ll_utils.c.obj
LOAD CMakeFiles/stm32_fw.elf.dir/src/Middlewares/ST/STM32_USB_Device_Library/Class/CDC/Src/usbd_cdc.c.obj
LOAD CMakeFiles/stm32_fw.elf.dir/src/Middlewares/ST/STM32_USB_Device_Library/Core/Src/usbd_core.c.obj
LOAD CMakeFiles/stm32_fw.elf.dir/src/Middlewares/ST/STM32_USB_Device_Library/Core/Src/usbd_ctlreq.c.obj
LOAD CMakeFiles/stm32_fw.elf.dir/src/Middlewares/ST/STM32_USB_Device_Library/Core/Src/usbd_ioreq.c.obj
LOAD CMakeFiles/stm32_fw.elf.dir/src/USB_DEVICE/App/usb_device.c.obj
LOAD CMakeFiles/stm32_fw.elf.dir/src/USB_DEVICE/App/usbd_cdc_if.c.obj
LOAD CMakeFiles/stm32_fw.elf.dir/src/USB_DEVICE/App/usbd_desc.c.obj
LOAD CMakeFiles/stm32_fw.elf.dir/src/USB_DEVICE/Target/usbd_conf.c.obj
LOAD CMakeFiles/stm32_fw.elf.dir/src/Core/Startup/startup_stm32f103rctx.s.obj
START GROUP
LOAD c:/tools/gcc-arm-none-eabi-9-2020-q2-update-win32/bin/../lib/gcc/arm-none-eabi/9.3.1/thumb/v7-m/nofp\libgcc.a
LOAD c:/tools/gcc-arm-none-eabi-9-2020-q2-update-win32/bin/../lib/gcc/arm-none-eabi/9.3.1/../../../../arm-none-eabi/lib/thumb/v7-m/nofp\libg_nano.a
LOAD c:/tools/gcc-arm-none-eabi-9-2020-q2-update-win32/bin/../lib/gcc/arm-none-eabi/9.3.1/../../../../arm-none-eabi/lib/thumb/v7-m/nofp\libc_nano.a
END GROUP
START GROUP
LOAD c:/tools/gcc-arm-none-eabi-9-2020-q2-update-win32/bin/../lib/gcc/arm-none-eabi/9.3.1/thumb/v7-m/nofp\libgcc.a
LOAD c:/tools/gcc-arm-none-eabi-9-2020-q2-update-win32/bin/../lib/gcc/arm-none-eabi/9.3.1/../../../../arm-none-eabi/lib/thumb/v7-m/nofp\libc_nano.a
END GROUP
LOAD c:/tools/gcc-arm-none-eabi-9-2020-q2-update-win32/bin/../lib/gcc/arm-none-eabi/9.3.1/thumb/v7-m/nofp/crtend.o
LOAD c:/tools/gcc-arm-none-eabi-9-2020-q2-update-win32/bin/../lib/gcc/arm-none-eabi/9.3.1/thumb/v7-m/nofp/crtn.o
                0x2000c000                _estack = (ORIGIN (RAM) + LENGTH (RAM))
                0x00000200                _Min_Heap_Size = 0x200
                0x00000400                _Min_Stack_Size = 0x400

.isr_vector     0x08000000      0x1e4
                0x08000000                . = ALIGN (0x4)
 *(.isr_vector)
 .isr_vector    0x08000000      0x1e4 CMakeFiles/stm32_fw.elf.dir/src/Core/Startup/startup_stm32f103rctx.s.obj
                0x08000000                g_pfnVectors
                0x080001e4                . = ALIGN (0x4)

.text           0x080001e4     0x97f0
                0x080001e4                . = ALIGN (0x4)
 *(.text)
 .text          0x080001e4       0x40 c:/tools/gcc-arm-none-eabi-9-2020-q2-update-win32/bin/../lib/gcc/arm-none-eabi/9.3.1/thumb/v7-m/nofp/crtbegin.o
 .text          0x08000224       0x10 c:/tools/gcc-arm-none-eabi-9-2020-q2-update-win32/bin/../lib/gcc/arm-none-eabi/9.3.1/../../../../arm-none-eabi/lib/thumb/v7-m/nofp\libg_nano.a(lib_a-strlen.o)
                0x08000224                strlen
 *(.text*)
 .text.__libc_init_array
                0x08000234       0x48 c:/tools/gcc-arm-none-eabi-9-2020-q2-update-win32/bin/../lib/gcc/arm-none-eabi/9.3.1/../../../../arm-none-eabi/lib/thumb/v7-m/nofp\libc_nano.a(lib_a-init.o)
                0x08000234                __libc_init_array
 .text.memset   0x0800027c       0x10 c:/tools/gcc-arm-none-eabi-9-2020-q2-update-win32/bin/../lib/gcc/arm-none-eabi/9.3.1/../../../../arm-none-eabi/lib/thumb/v7-m/nofp\libc_nano.a(lib_a-memset.o)
                0x0800027c                memset
 .text.MX_GPIO_Init
                0x0800028c       0xf8 CMakeFiles/stm32_fw.elf.dir/src/Core/Src/gpio.c.obj
                0x0800028c                MX_GPIO_Init
 .text.LL_RCC_HSE_Enable
                0x08000384       0x1c CMakeFiles/stm32_fw.elf.dir/src/Core/Src/main.c.obj
 .text.LL_RCC_HSE_IsReady
                0x080003a0       0x24 CMakeFiles/stm32_fw.elf.dir/src/Core/Src/main.c.obj
 .text.LL_RCC_LSE_Enable
                0x080003c4       0x1c CMakeFiles/stm32_fw.elf.dir/src/Core/Src/main.c.obj
 .text.LL_RCC_LSE_IsReady
                0x080003e0       0x24 CMakeFiles/stm32_fw.elf.dir/src/Core/Src/main.c.obj
 .text.LL_RCC_SetSysClkSource
                0x08000404       0x28 CMakeFiles/stm32_fw.elf.dir/src/Core/Src/main.c.obj
 .text.LL_RCC_GetSysClkSource
                0x0800042c       0x18 CMakeFiles/stm32_fw.elf.dir/src/Core/Src/main.c.obj
 .text.LL_RCC_SetAHBPrescaler
                0x08000444       0x28 CMakeFiles/stm32_fw.elf.dir/src/Core/Src/main.c.obj
 .text.LL_RCC_SetAPB1Prescaler
                0x0800046c       0x28 CMakeFiles/stm32_fw.elf.dir/src/Core/Src/main.c.obj
 .text.LL_RCC_SetAPB2Prescaler
                0x08000494       0x28 CMakeFiles/stm32_fw.elf.dir/src/Core/Src/main.c.obj
 .text.LL_RCC_SetUSBClockSource
                0x080004bc       0x28 CMakeFiles/stm32_fw.elf.dir/src/Core/Src/main.c.obj
 .text.LL_RCC_SetRTCClockSource
                0x080004e4       0x28 CMakeFiles/stm32_fw.elf.dir/src/Core/Src/main.c.obj
 .text.LL_RCC_GetRTCClockSource
                0x0800050c       0x18 CMakeFiles/stm32_fw.elf.dir/src/Core/Src/main.c.obj
 .text.LL_RCC_EnableRTC
                0x08000524       0x1c CMakeFiles/stm32_fw.elf.dir/src/Core/Src/main.c.obj
 .text.LL_RCC_ForceBackupDomainReset
                0x08000540       0x1c CMakeFiles/stm32_fw.elf.dir/src/Core/Src/main.c.obj
 .text.LL_RCC_ReleaseBackupDomainReset
                0x0800055c       0x1c CMakeFiles/stm32_fw.elf.dir/src/Core/Src/main.c.obj
 .text.LL_RCC_PLL_Enable
                0x08000578       0x1c CMakeFiles/stm32_fw.elf.dir/src/Core/Src/main.c.obj
 .text.LL_RCC_PLL_IsReady
                0x08000594       0x24 CMakeFiles/stm32_fw.elf.dir/src/Core/Src/main.c.obj
 .text.LL_RCC_PLL_ConfigDomain_SYS
                0x080005b8       0x30 CMakeFiles/stm32_fw.elf.dir/src/Core/Src/main.c.obj
 .text.LL_FLASH_SetLatency
                0x080005e8       0x28 CMakeFiles/stm32_fw.elf.dir/src/Core/Src/main.c.obj
 .text.LL_FLASH_GetLatency
                0x08000610       0x18 CMakeFiles/stm32_fw.elf.dir/src/Core/Src/main.c.obj
 .text.LL_PWR_EnableBkUpAccess
                0x08000628       0x1c CMakeFiles/stm32_fw.elf.dir/src/Core/Src/main.c.obj
 .text.__io_putchar
                0x08000644       0x24 CMakeFiles/stm32_fw.elf.dir/src/Core/Src/main.c.obj
                0x08000644                __io_putchar
 .text.main     0x08000668      0x154 CMakeFiles/stm32_fw.elf.dir/src/Core/Src/main.c.obj
                0x08000668                main
 .text.SystemClock_Config
                0x080007bc       0xcc CMakeFiles/stm32_fw.elf.dir/src/Core/Src/main.c.obj
                0x080007bc                SystemClock_Config
 .text.HAL_UART_RxCpltCallback
                0x08000888       0x24 CMakeFiles/stm32_fw.elf.dir/src/Core/Src/main.c.obj
                0x08000888                HAL_UART_RxCpltCallback
 .text.Error_Handler
                0x080008ac        0xa CMakeFiles/stm32_fw.elf.dir/src/Core/Src/main.c.obj
                0x080008ac                Error_Handler
 *fill*         0x080008b6        0x2 
 .text.MX_RTC_Init
                0x080008b8       0x38 CMakeFiles/stm32_fw.elf.dir/src/Core/Src/rtc.c.obj
                0x080008b8                MX_RTC_Init
 .text.HAL_RTC_MspInit
                0x080008f0       0x48 CMakeFiles/stm32_fw.elf.dir/src/Core/Src/rtc.c.obj
                0x080008f0                HAL_RTC_MspInit
 .text.MX_SPI1_Init
                0x08000938       0x6c CMakeFiles/stm32_fw.elf.dir/src/Core/Src/spi.c.obj
                0x08000938                MX_SPI1_Init
 .text.HAL_SPI_MspInit
                0x080009a4       0xa4 CMakeFiles/stm32_fw.elf.dir/src/Core/Src/spi.c.obj
                0x080009a4                HAL_SPI_MspInit
 .text.HAL_MspInit
                0x08000a48       0x64 CMakeFiles/stm32_fw.elf.dir/src/Core/Src/stm32f1xx_hal_msp.c.obj
                0x08000a48                HAL_MspInit
 .text.NMI_Handler
                0x08000aac        0x6 CMakeFiles/stm32_fw.elf.dir/src/Core/Src/stm32f1xx_it.c.obj
                0x08000aac                NMI_Handler
 .text.HardFault_Handler
                0x08000ab2        0x6 CMakeFiles/stm32_fw.elf.dir/src/Core/Src/stm32f1xx_it.c.obj
                0x08000ab2                HardFault_Handler
 .text.MemManage_Handler
                0x08000ab8        0x6 CMakeFiles/stm32_fw.elf.dir/src/Core/Src/stm32f1xx_it.c.obj
                0x08000ab8                MemManage_Handler
 .text.BusFault_Handler
                0x08000abe        0x6 CMakeFiles/stm32_fw.elf.dir/src/Core/Src/stm32f1xx_it.c.obj
                0x08000abe                BusFault_Handler
 .text.UsageFault_Handler
                0x08000ac4        0x6 CMakeFiles/stm32_fw.elf.dir/src/Core/Src/stm32f1xx_it.c.obj
                0x08000ac4                UsageFault_Handler
 .text.SVC_Handler
                0x08000aca        0xc CMakeFiles/stm32_fw.elf.dir/src/Core/Src/stm32f1xx_it.c.obj
                0x08000aca                SVC_Handler
 .text.DebugMon_Handler
                0x08000ad6        0xc CMakeFiles/stm32_fw.elf.dir/src/Core/Src/stm32f1xx_it.c.obj
                0x08000ad6                DebugMon_Handler
 .text.PendSV_Handler
                0x08000ae2        0xc CMakeFiles/stm32_fw.elf.dir/src/Core/Src/stm32f1xx_it.c.obj
                0x08000ae2                PendSV_Handler
 .text.SysTick_Handler
                0x08000aee       0x10 CMakeFiles/stm32_fw.elf.dir/src/Core/Src/stm32f1xx_it.c.obj
                0x08000aee                SysTick_Handler
 *fill*         0x08000afe        0x2 
 .text.USB_HP_CAN1_TX_IRQHandler
                0x08000b00       0x14 CMakeFiles/stm32_fw.elf.dir/src/Core/Src/stm32f1xx_it.c.obj
                0x08000b00                USB_HP_CAN1_TX_IRQHandler
 .text.USB_LP_CAN1_RX0_IRQHandler
                0x08000b14       0x14 CMakeFiles/stm32_fw.elf.dir/src/Core/Src/stm32f1xx_it.c.obj
                0x08000b14                USB_LP_CAN1_RX0_IRQHandler
 .text.SPI1_IRQHandler
                0x08000b28       0x14 CMakeFiles/stm32_fw.elf.dir/src/Core/Src/stm32f1xx_it.c.obj
                0x08000b28                SPI1_IRQHandler
 .text.USART1_IRQHandler
                0x08000b3c       0x14 CMakeFiles/stm32_fw.elf.dir/src/Core/Src/stm32f1xx_it.c.obj
                0x08000b3c                USART1_IRQHandler
 .text._read    0x08000b50       0x3a CMakeFiles/stm32_fw.elf.dir/src/Core/Src/syscalls.c.obj
                0x08000b50                _read
 .text._write   0x08000b8a       0x38 CMakeFiles/stm32_fw.elf.dir/src/Core/Src/syscalls.c.obj
                0x08000b8a                _write
 .text._close   0x08000bc2       0x16 CMakeFiles/stm32_fw.elf.dir/src/Core/Src/syscalls.c.obj
                0x08000bc2                _close
 .text._fstat   0x08000bd8       0x1e CMakeFiles/stm32_fw.elf.dir/src/Core/Src/syscalls.c.obj
                0x08000bd8                _fstat
 .text._isatty  0x08000bf6       0x14 CMakeFiles/stm32_fw.elf.dir/src/Core/Src/syscalls.c.obj
                0x08000bf6                _isatty
 .text._lseek   0x08000c0a       0x18 CMakeFiles/stm32_fw.elf.dir/src/Core/Src/syscalls.c.obj
                0x08000c0a                _lseek
 *fill*         0x08000c22        0x2 
 .text._sbrk    0x08000c24       0x6c CMakeFiles/stm32_fw.elf.dir/src/Core/Src/sysmem.c.obj
                0x08000c24                _sbrk
 .text.SystemInit
                0x08000c90        0xc CMakeFiles/stm32_fw.elf.dir/src/Core/Src/system_stm32f1xx.c.obj
                0x08000c90                SystemInit
 .text.tickTimerRetrun_id
                0x08000c9c       0x44 CMakeFiles/stm32_fw.elf.dir/src/Core/Src/tickTimer.c.obj
 .text.tickTimer_Start
                0x08000ce0       0x38 CMakeFiles/stm32_fw.elf.dir/src/Core/Src/tickTimer.c.obj
                0x08000ce0                tickTimer_Start
 .text.tickTimer_Stop
                0x08000d18       0x30 CMakeFiles/stm32_fw.elf.dir/src/Core/Src/tickTimer.c.obj
                0x08000d18                tickTimer_Stop
 .text.tickTimer_GetElaspTime
                0x08000d48       0x20 CMakeFiles/stm32_fw.elf.dir/src/Core/Src/tickTimer.c.obj
                0x08000d48                tickTimer_GetElaspTime
 .text.tickTimer_MoreThan
                0x08000d68       0x32 CMakeFiles/stm32_fw.elf.dir/src/Core/Src/tickTimer.c.obj
                0x08000d68                tickTimer_MoreThan
 *fill*         0x08000d9a        0x2 
 .text.tickTimerStart
                0x08000d9c       0x44 CMakeFiles/stm32_fw.elf.dir/src/Core/Src/tickTimer.c.obj
                0x08000d9c                tickTimerStart
 .text.tickTimerISR
                0x08000de0      0x120 CMakeFiles/stm32_fw.elf.dir/src/Core/Src/tickTimer.c.obj
                0x08000de0                tickTimerISR
 .text.MX_USART1_UART_Init
                0x08000f00       0x54 CMakeFiles/stm32_fw.elf.dir/src/Core/Src/usart.c.obj
                0x08000f00                MX_USART1_UART_Init
 .text.HAL_UART_MspInit
                0x08000f54       0xa8 CMakeFiles/stm32_fw.elf.dir/src/Core/Src/usart.c.obj
                0x08000f54                HAL_UART_MspInit
 .text.HAL_Init
                0x08000ffc       0x2c CMakeFiles/stm32_fw.elf.dir/src/Drivers/STM32F1xx_HAL_Driver/Src/stm32f1xx_hal.c.obj
                0x08000ffc                HAL_Init
 .text.HAL_InitTick
                0x08001028       0x60 CMakeFiles/stm32_fw.elf.dir/src/Drivers/STM32F1xx_HAL_Driver/Src/stm32f1xx_hal.c.obj
                0x08001028                HAL_InitTick
 .text.HAL_IncTick
                0x08001088       0x24 CMakeFiles/stm32_fw.elf.dir/src/Drivers/STM32F1xx_HAL_Driver/Src/stm32f1xx_hal.c.obj
                0x08001088                HAL_IncTick
 .text.HAL_GetTick
                0x080010ac       0x14 CMakeFiles/stm32_fw.elf.dir/src/Drivers/STM32F1xx_HAL_Driver/Src/stm32f1xx_hal.c.obj
                0x080010ac                HAL_GetTick
 .text.__NVIC_SetPriorityGrouping
                0x080010c0       0x48 CMakeFiles/stm32_fw.elf.dir/src/Drivers/STM32F1xx_HAL_Driver/Src/stm32f1xx_hal_cortex.c.obj
 .text.__NVIC_GetPriorityGrouping
                0x08001108       0x1c CMakeFiles/stm32_fw.elf.dir/src/Drivers/STM32F1xx_HAL_Driver/Src/stm32f1xx_hal_cortex.c.obj
 .text.__NVIC_EnableIRQ
                0x08001124       0x38 CMakeFiles/stm32_fw.elf.dir/src/Drivers/STM32F1xx_HAL_Driver/Src/stm32f1xx_hal_cortex.c.obj
 .text.__NVIC_SetPriority
                0x0800115c       0x54 CMakeFiles/stm32_fw.elf.dir/src/Drivers/STM32F1xx_HAL_Driver/Src/stm32f1xx_hal_cortex.c.obj
 .text.NVIC_EncodePriority
                0x080011b0       0x64 CMakeFiles/stm32_fw.elf.dir/src/Drivers/STM32F1xx_HAL_Driver/Src/stm32f1xx_hal_cortex.c.obj
 .text.SysTick_Config
                0x08001214       0x44 CMakeFiles/stm32_fw.elf.dir/src/Drivers/STM32F1xx_HAL_Driver/Src/stm32f1xx_hal_cortex.c.obj
 .text.HAL_NVIC_SetPriorityGrouping
                0x08001258       0x16 CMakeFiles/stm32_fw.elf.dir/src/Drivers/STM32F1xx_HAL_Driver/Src/stm32f1xx_hal_cortex.c.obj
                0x08001258                HAL_NVIC_SetPriorityGrouping
 .text.HAL_NVIC_SetPriority
                0x0800126e       0x38 CMakeFiles/stm32_fw.elf.dir/src/Drivers/STM32F1xx_HAL_Driver/Src/stm32f1xx_hal_cortex.c.obj
                0x0800126e                HAL_NVIC_SetPriority
 .text.HAL_NVIC_EnableIRQ
                0x080012a6       0x1c CMakeFiles/stm32_fw.elf.dir/src/Drivers/STM32F1xx_HAL_Driver/Src/stm32f1xx_hal_cortex.c.obj
                0x080012a6                HAL_NVIC_EnableIRQ
 .text.HAL_SYSTICK_Config
                0x080012c2       0x18 CMakeFiles/stm32_fw.elf.dir/src/Drivers/STM32F1xx_HAL_Driver/Src/stm32f1xx_hal_cortex.c.obj
                0x080012c2                HAL_SYSTICK_Config
 .text.HAL_DMA_Abort
                0x080012da       0x74 CMakeFiles/stm32_fw.elf.dir/src/Drivers/STM32F1xx_HAL_Driver/Src/stm32f1xx_hal_dma.c.obj
                0x080012da                HAL_DMA_Abort
 *fill*         0x0800134e        0x2 
 .text.HAL_DMA_Abort_IT
                0x08001350      0x210 CMakeFiles/stm32_fw.elf.dir/src/Drivers/STM32F1xx_HAL_Driver/Src/stm32f1xx_hal_dma.c.obj
                0x08001350                HAL_DMA_Abort_IT
 .text.HAL_GPIO_Init
                0x08001560      0x328 CMakeFiles/stm32_fw.elf.dir/src/Drivers/STM32F1xx_HAL_Driver/Src/stm32f1xx_hal_gpio.c.obj
                0x08001560                HAL_GPIO_Init
 .text.HAL_GPIO_WritePin
                0x08001888       0x30 CMakeFiles/stm32_fw.elf.dir/src/Drivers/STM32F1xx_HAL_Driver/Src/stm32f1xx_hal_gpio.c.obj
                0x08001888                HAL_GPIO_WritePin
 .text.HAL_GPIO_TogglePin
                0x080018b8       0x32 CMakeFiles/stm32_fw.elf.dir/src/Drivers/STM32F1xx_HAL_Driver/Src/stm32f1xx_hal_gpio.c.obj
                0x080018b8                HAL_GPIO_TogglePin
 .text.HAL_PCD_Init
                0x080018ea      0x216 CMakeFiles/stm32_fw.elf.dir/src/Drivers/STM32F1xx_HAL_Driver/Src/stm32f1xx_hal_pcd.c.obj
                0x080018ea                HAL_PCD_Init
 .text.HAL_PCD_Start
                0x08001b00       0x4c CMakeFiles/stm32_fw.elf.dir/src/Drivers/STM32F1xx_HAL_Driver/Src/stm32f1xx_hal_pcd.c.obj
                0x08001b00                HAL_PCD_Start
 .text.HAL_PCD_IRQHandler
                0x08001b4c      0x2aa CMakeFiles/stm32_fw.elf.dir/src/Drivers/STM32F1xx_HAL_Driver/Src/stm32f1xx_hal_pcd.c.obj
                0x08001b4c                HAL_PCD_IRQHandler
 .text.HAL_PCD_SetAddress
                0x08001df6       0x4a CMakeFiles/stm32_fw.elf.dir/src/Drivers/STM32F1xx_HAL_Driver/Src/stm32f1xx_hal_pcd.c.obj
                0x08001df6                HAL_PCD_SetAddress
 .text.HAL_PCD_EP_Open
                0x08001e40       0xcc CMakeFiles/stm32_fw.elf.dir/src/Drivers/STM32F1xx_HAL_Driver/Src/stm32f1xx_hal_pcd.c.obj
                0x08001e40                HAL_PCD_EP_Open
 .text.HAL_PCD_EP_Close
                0x08001f0c       0x90 CMakeFiles/stm32_fw.elf.dir/src/Drivers/STM32F1xx_HAL_Driver/Src/stm32f1xx_hal_pcd.c.obj
                0x08001f0c                HAL_PCD_EP_Close
 .text.HAL_PCD_EP_Receive
                0x08001f9c       0x7a CMakeFiles/stm32_fw.elf.dir/src/Drivers/STM32F1xx_HAL_Driver/Src/stm32f1xx_hal_pcd.c.obj
                0x08001f9c                HAL_PCD_EP_Receive
 .text.HAL_PCD_EP_GetRxCount
                0x08002016       0x2e CMakeFiles/stm32_fw.elf.dir/src/Drivers/STM32F1xx_HAL_Driver/Src/stm32f1xx_hal_pcd.c.obj
                0x08002016                HAL_PCD_EP_GetRxCount
 .text.HAL_PCD_EP_Transmit
                0x08002044       0x86 CMakeFiles/stm32_fw.elf.dir/src/Drivers/STM32F1xx_HAL_Driver/Src/stm32f1xx_hal_pcd.c.obj
                0x08002044                HAL_PCD_EP_Transmit
 .text.HAL_PCD_EP_SetStall
                0x080020ca       0xc0 CMakeFiles/stm32_fw.elf.dir/src/Drivers/STM32F1xx_HAL_Driver/Src/stm32f1xx_hal_pcd.c.obj
                0x080020ca                HAL_PCD_EP_SetStall
 .text.HAL_PCD_EP_ClrStall
                0x0800218a       0xa8 CMakeFiles/stm32_fw.elf.dir/src/Drivers/STM32F1xx_HAL_Driver/Src/stm32f1xx_hal_pcd.c.obj
                0x0800218a                HAL_PCD_EP_ClrStall
 .text.PCD_EP_ISR_Handler
                0x08002232      0x600 CMakeFiles/stm32_fw.elf.dir/src/Drivers/STM32F1xx_HAL_Driver/Src/stm32f1xx_hal_pcd.c.obj
 .text.HAL_PCD_EP_DB_Receive
                0x08002832      0x21a CMakeFiles/stm32_fw.elf.dir/src/Drivers/STM32F1xx_HAL_Driver/Src/stm32f1xx_hal_pcd.c.obj
 .text.HAL_PCD_EP_DB_Transmit
                0x08002a4c      0x7a4 CMakeFiles/stm32_fw.elf.dir/src/Drivers/STM32F1xx_HAL_Driver/Src/stm32f1xx_hal_pcd.c.obj
 .text.HAL_PCDEx_PMAConfig
                0x080031f0       0x84 CMakeFiles/stm32_fw.elf.dir/src/Drivers/STM32F1xx_HAL_Driver/Src/stm32f1xx_hal_pcd_ex.c.obj
                0x080031f0                HAL_PCDEx_PMAConfig
 .text.HAL_PWR_EnableBkUpAccess
                0x08003274       0x18 CMakeFiles/stm32_fw.elf.dir/src/Drivers/STM32F1xx_HAL_Driver/Src/stm32f1xx_hal_pwr.c.obj
                0x08003274                HAL_PWR_EnableBkUpAccess
 .text.HAL_RCC_GetSysClockFreq
                0x0800328c       0xc0 CMakeFiles/stm32_fw.elf.dir/src/Drivers/STM32F1xx_HAL_Driver/Src/stm32f1xx_hal_rcc.c.obj
                0x0800328c                HAL_RCC_GetSysClockFreq
 .text.HAL_RCC_GetHCLKFreq
                0x0800334c       0x14 CMakeFiles/stm32_fw.elf.dir/src/Drivers/STM32F1xx_HAL_Driver/Src/stm32f1xx_hal_rcc.c.obj
                0x0800334c                HAL_RCC_GetHCLKFreq
 .text.HAL_RCC_GetPCLK1Freq
                0x08003360       0x28 CMakeFiles/stm32_fw.elf.dir/src/Drivers/STM32F1xx_HAL_Driver/Src/stm32f1xx_hal_rcc.c.obj
                0x08003360                HAL_RCC_GetPCLK1Freq
 .text.HAL_RCC_GetPCLK2Freq
                0x08003388       0x28 CMakeFiles/stm32_fw.elf.dir/src/Drivers/STM32F1xx_HAL_Driver/Src/stm32f1xx_hal_rcc.c.obj
                0x08003388                HAL_RCC_GetPCLK2Freq
 .text.HAL_RCCEx_GetPeriphCLKFreq
                0x080033b0      0x1cc CMakeFiles/stm32_fw.elf.dir/src/Drivers/STM32F1xx_HAL_Driver/Src/stm32f1xx_hal_rcc_ex.c.obj
                0x080033b0                HAL_RCCEx_GetPeriphCLKFreq
 .text.HAL_RTC_Init
                0x0800357c      0x12c CMakeFiles/stm32_fw.elf.dir/src/Drivers/STM32F1xx_HAL_Driver/Src/stm32f1xx_hal_rtc.c.obj
                0x0800357c                HAL_RTC_Init
 .text.HAL_RTC_WaitForSynchro
                0x080036a8       0x5a CMakeFiles/stm32_fw.elf.dir/src/Drivers/STM32F1xx_HAL_Driver/Src/stm32f1xx_hal_rtc.c.obj
                0x080036a8                HAL_RTC_WaitForSynchro
 .text.RTC_EnterInitMode
                0x08003702       0x50 CMakeFiles/stm32_fw.elf.dir/src/Drivers/STM32F1xx_HAL_Driver/Src/stm32f1xx_hal_rtc.c.obj
 .text.RTC_ExitInitMode
                0x08003752       0x50 CMakeFiles/stm32_fw.elf.dir/src/Drivers/STM32F1xx_HAL_Driver/Src/stm32f1xx_hal_rtc.c.obj
 .text.HAL_SPI_Init
                0x080037a2      0x108 CMakeFiles/stm32_fw.elf.dir/src/Drivers/STM32F1xx_HAL_Driver/Src/stm32f1xx_hal_spi.c.obj
                0x080037a2                HAL_SPI_Init
 *fill*         0x080038aa        0x2 
 .text.HAL_SPI_IRQHandler
                0x080038ac      0x1cc CMakeFiles/stm32_fw.elf.dir/src/Drivers/STM32F1xx_HAL_Driver/Src/stm32f1xx_hal_spi.c.obj
                0x080038ac                HAL_SPI_IRQHandler
 .text.HAL_SPI_ErrorCallback
                0x08003a78       0x12 CMakeFiles/stm32_fw.elf.dir/src/Drivers/STM32F1xx_HAL_Driver/Src/stm32f1xx_hal_spi.c.obj
                0x08003a78                HAL_SPI_ErrorCallback
 .text.SPI_DMAAbortOnError
                0x08003a8a       0x28 CMakeFiles/stm32_fw.elf.dir/src/Drivers/STM32F1xx_HAL_Driver/Src/stm32f1xx_hal_spi.c.obj
 .text.HAL_UART_Init
                0x08003ab2       0x9a CMakeFiles/stm32_fw.elf.dir/src/Drivers/STM32F1xx_HAL_Driver/Src/stm32f1xx_hal_uart.c.obj
                0x08003ab2                HAL_UART_Init
 .text.HAL_UART_Transmit
                0x08003b4c      0x124 CMakeFiles/stm32_fw.elf.dir/src/Drivers/STM32F1xx_HAL_Driver/Src/stm32f1xx_hal_uart.c.obj
                0x08003b4c                HAL_UART_Transmit
 .text.HAL_UART_Receive_IT
                0x08003c70       0x60 CMakeFiles/stm32_fw.elf.dir/src/Drivers/STM32F1xx_HAL_Driver/Src/stm32f1xx_hal_uart.c.obj
                0x08003c70                HAL_UART_Receive_IT
 .text.HAL_UART_IRQHandler
                0x08003cd0      0x354 CMakeFiles/stm32_fw.elf.dir/src/Drivers/STM32F1xx_HAL_Driver/Src/stm32f1xx_hal_uart.c.obj
                0x08003cd0                HAL_UART_IRQHandler
 .text.HAL_UART_TxCpltCallback
                0x08004024       0x12 CMakeFiles/stm32_fw.elf.dir/src/Drivers/STM32F1xx_HAL_Driver/Src/stm32f1xx_hal_uart.c.obj
                0x08004024                HAL_UART_TxCpltCallback
 .text.HAL_UART_ErrorCallback
                0x08004036       0x12 CMakeFiles/stm32_fw.elf.dir/src/Drivers/STM32F1xx_HAL_Driver/Src/stm32f1xx_hal_uart.c.obj
                0x08004036                HAL_UART_ErrorCallback
 .text.HAL_UARTEx_RxEventCallback
                0x08004048       0x16 CMakeFiles/stm32_fw.elf.dir/src/Drivers/STM32F1xx_HAL_Driver/Src/stm32f1xx_hal_uart.c.obj
                0x08004048                HAL_UARTEx_RxEventCallback
 .text.UART_WaitOnFlagUntilTimeout
                0x0800405e       0x94 CMakeFiles/stm32_fw.elf.dir/src/Drivers/STM32F1xx_HAL_Driver/Src/stm32f1xx_hal_uart.c.obj
 .text.UART_Start_Receive_IT
                0x080040f2       0x72 CMakeFiles/stm32_fw.elf.dir/src/Drivers/STM32F1xx_HAL_Driver/Src/stm32f1xx_hal_uart.c.obj
                0x080040f2                UART_Start_Receive_IT
 .text.UART_EndRxTransfer
                0x08004164       0x58 CMakeFiles/stm32_fw.elf.dir/src/Drivers/STM32F1xx_HAL_Driver/Src/stm32f1xx_hal_uart.c.obj
 .text.UART_DMAAbortOnError
                0x080041bc       0x28 CMakeFiles/stm32_fw.elf.dir/src/Drivers/STM32F1xx_HAL_Driver/Src/stm32f1xx_hal_uart.c.obj
 .text.UART_Transmit_IT
                0x080041e4       0x9e CMakeFiles/stm32_fw.elf.dir/src/Drivers/STM32F1xx_HAL_Driver/Src/stm32f1xx_hal_uart.c.obj
 .text.UART_EndTransmit_IT
                0x08004282       0x30 CMakeFiles/stm32_fw.elf.dir/src/Drivers/STM32F1xx_HAL_Driver/Src/stm32f1xx_hal_uart.c.obj
 .text.UART_Receive_IT
                0x080042b2      0x152 CMakeFiles/stm32_fw.elf.dir/src/Drivers/STM32F1xx_HAL_Driver/Src/stm32f1xx_hal_uart.c.obj
 .text.UART_SetConfig
                0x08004404      0x11c CMakeFiles/stm32_fw.elf.dir/src/Drivers/STM32F1xx_HAL_Driver/Src/stm32f1xx_hal_uart.c.obj
 .text.USB_CoreInit
                0x08004520       0x20 CMakeFiles/stm32_fw.elf.dir/src/Drivers/STM32F1xx_HAL_Driver/Src/stm32f1xx_ll_usb.c.obj
                0x08004520                USB_CoreInit
 .text.USB_EnableGlobalInt
                0x08004540       0x2c CMakeFiles/stm32_fw.elf.dir/src/Drivers/STM32F1xx_HAL_Driver/Src/stm32f1xx_ll_usb.c.obj
                0x08004540                USB_EnableGlobalInt
 .text.USB_DisableGlobalInt
                0x0800456c       0x34 CMakeFiles/stm32_fw.elf.dir/src/Drivers/STM32F1xx_HAL_Driver/Src/stm32f1xx_ll_usb.c.obj
                0x0800456c                USB_DisableGlobalInt
 .text.USB_SetCurrentMode
                0x080045a0       0x18 CMakeFiles/stm32_fw.elf.dir/src/Drivers/STM32F1xx_HAL_Driver/Src/stm32f1xx_ll_usb.c.obj
                0x080045a0                USB_SetCurrentMode
 .text.USB_DevInit
                0x080045b8       0x40 CMakeFiles/stm32_fw.elf.dir/src/Drivers/STM32F1xx_HAL_Driver/Src/stm32f1xx_ll_usb.c.obj
                0x080045b8                USB_DevInit
 .text.USB_ActivateEndpoint
                0x080045f8      0x6d4 CMakeFiles/stm32_fw.elf.dir/src/Drivers/STM32F1xx_HAL_Driver/Src/stm32f1xx_ll_usb.c.obj
                0x080045f8                USB_ActivateEndpoint
 .text.USB_DeactivateEndpoint
                0x08004ccc      0x3d8 CMakeFiles/stm32_fw.elf.dir/src/Drivers/STM32F1xx_HAL_Driver/Src/stm32f1xx_ll_usb.c.obj
                0x08004ccc                USB_DeactivateEndpoint
 .text.USB_EPStartXfer
                0x080050a4     0x15ee CMakeFiles/stm32_fw.elf.dir/src/Drivers/STM32F1xx_HAL_Driver/Src/stm32f1xx_ll_usb.c.obj
                0x080050a4                USB_EPStartXfer
 .text.USB_EPSetStall
                0x08006692       0xa0 CMakeFiles/stm32_fw.elf.dir/src/Drivers/STM32F1xx_HAL_Driver/Src/stm32f1xx_ll_usb.c.obj
                0x08006692                USB_EPSetStall
 .text.USB_EPClearStall
                0x08006732      0x15a CMakeFiles/stm32_fw.elf.dir/src/Drivers/STM32F1xx_HAL_Driver/Src/stm32f1xx_ll_usb.c.obj
                0x08006732                USB_EPClearStall
 .text.USB_SetDevAddress
                0x0800688c       0x26 CMakeFiles/stm32_fw.elf.dir/src/Drivers/STM32F1xx_HAL_Driver/Src/stm32f1xx_ll_usb.c.obj
                0x0800688c                USB_SetDevAddress
 .text.USB_DevConnect
                0x080068b2       0x14 CMakeFiles/stm32_fw.elf.dir/src/Drivers/STM32F1xx_HAL_Driver/Src/stm32f1xx_ll_usb.c.obj
                0x080068b2                USB_DevConnect
 .text.USB_DevDisconnect
                0x080068c6       0x14 CMakeFiles/stm32_fw.elf.dir/src/Drivers/STM32F1xx_HAL_Driver/Src/stm32f1xx_ll_usb.c.obj
                0x080068c6                USB_DevDisconnect
 .text.USB_ReadInterrupts
                0x080068da       0x1e CMakeFiles/stm32_fw.elf.dir/src/Drivers/STM32F1xx_HAL_Driver/Src/stm32f1xx_ll_usb.c.obj
                0x080068da                USB_ReadInterrupts
 .text.USB_EP0_OutStart
                0x080068f8       0x16 CMakeFiles/stm32_fw.elf.dir/src/Drivers/STM32F1xx_HAL_Driver/Src/stm32f1xx_ll_usb.c.obj
                0x080068f8                USB_EP0_OutStart
 .text.USB_WritePMA
                0x0800690e       0x8a CMakeFiles/stm32_fw.elf.dir/src/Drivers/STM32F1xx_HAL_Driver/Src/stm32f1xx_ll_usb.c.obj
                0x0800690e                USB_WritePMA
 .text.USB_ReadPMA
                0x08006998       0x9e CMakeFiles/stm32_fw.elf.dir/src/Drivers/STM32F1xx_HAL_Driver/Src/stm32f1xx_ll_usb.c.obj
                0x08006998                USB_ReadPMA
 *fill*         0x08006a36        0x2 
 .text.LL_SetSystemCoreClock
                0x08006a38       0x1c CMakeFiles/stm32_fw.elf.dir/src/Drivers/STM32F1xx_HAL_Driver/Src/stm32f1xx_ll_utils.c.obj
                0x08006a38                LL_SetSystemCoreClock
 .text.USBD_CDC_Init
                0x08006a54       0xf4 CMakeFiles/stm32_fw.elf.dir/src/Middlewares/ST/STM32_USB_Device_Library/Class/CDC/Src/usbd_cdc.c.obj
 .text.USBD_CDC_DeInit
                0x08006b48       0x6e CMakeFiles/stm32_fw.elf.dir/src/Middlewares/ST/STM32_USB_Device_Library/Class/CDC/Src/usbd_cdc.c.obj
 .text.USBD_CDC_Setup
                0x08006bb6      0x146 CMakeFiles/stm32_fw.elf.dir/src/Middlewares/ST/STM32_USB_Device_Library/Class/CDC/Src/usbd_cdc.c.obj
 .text.USBD_CDC_DataIn
                0x08006cfc       0xa6 CMakeFiles/stm32_fw.elf.dir/src/Middlewares/ST/STM32_USB_Device_Library/Class/CDC/Src/usbd_cdc.c.obj
 .text.USBD_CDC_DataOut
                0x08006da2       0x56 CMakeFiles/stm32_fw.elf.dir/src/Middlewares/ST/STM32_USB_Device_Library/Class/CDC/Src/usbd_cdc.c.obj
 .text.USBD_CDC_EP0_RxReady
                0x08006df8       0x50 CMakeFiles/stm32_fw.elf.dir/src/Middlewares/ST/STM32_USB_Device_Library/Class/CDC/Src/usbd_cdc.c.obj
 .text.USBD_CDC_GetFSCfgDesc
                0x08006e48       0x20 CMakeFiles/stm32_fw.elf.dir/src/Middlewares/ST/STM32_USB_Device_Library/Class/CDC/Src/usbd_cdc.c.obj
 .text.USBD_CDC_GetHSCfgDesc
                0x08006e68       0x20 CMakeFiles/stm32_fw.elf.dir/src/Middlewares/ST/STM32_USB_Device_Library/Class/CDC/Src/usbd_cdc.c.obj
 .text.USBD_CDC_GetOtherSpeedCfgDesc
                0x08006e88       0x20 CMakeFiles/stm32_fw.elf.dir/src/Middlewares/ST/STM32_USB_Device_Library/Class/CDC/Src/usbd_cdc.c.obj
 .text.USBD_CDC_GetDeviceQualifierDescriptor
                0x08006ea8       0x20 CMakeFiles/stm32_fw.elf.dir/src/Middlewares/ST/STM32_USB_Device_Library/Class/CDC/Src/usbd_cdc.c.obj
                0x08006ea8                USBD_CDC_GetDeviceQualifierDescriptor
 .text.USBD_CDC_RegisterInterface
                0x08006ec8       0x2c CMakeFiles/stm32_fw.elf.dir/src/Middlewares/ST/STM32_USB_Device_Library/Class/CDC/Src/usbd_cdc.c.obj
                0x08006ec8                USBD_CDC_RegisterInterface
 .text.USBD_CDC_SetTxBuffer
                0x08006ef4       0x32 CMakeFiles/stm32_fw.elf.dir/src/Middlewares/ST/STM32_USB_Device_Library/Class/CDC/Src/usbd_cdc.c.obj
                0x08006ef4                USBD_CDC_SetTxBuffer
 .text.USBD_CDC_SetRxBuffer
                0x08006f26       0x26 CMakeFiles/stm32_fw.elf.dir/src/Middlewares/ST/STM32_USB_Device_Library/Class/CDC/Src/usbd_cdc.c.obj
                0x08006f26                USBD_CDC_SetRxBuffer
 .text.USBD_CDC_TransmitPacket
                0x08006f4c       0x5e CMakeFiles/stm32_fw.elf.dir/src/Middlewares/ST/STM32_USB_Device_Library/Class/CDC/Src/usbd_cdc.c.obj
                0x08006f4c                USBD_CDC_TransmitPacket
 .text.USBD_CDC_ReceivePacket
                0x08006faa       0x54 CMakeFiles/stm32_fw.elf.dir/src/Middlewares/ST/STM32_USB_Device_Library/Class/CDC/Src/usbd_cdc.c.obj
                0x08006faa                USBD_CDC_ReceivePacket
 .text.USBD_Init
                0x08006ffe       0x56 CMakeFiles/stm32_fw.elf.dir/src/Middlewares/ST/STM32_USB_Device_Library/Core/Src/usbd_core.c.obj
                0x08006ffe                USBD_Init
 .text.USBD_RegisterClass
                0x08007054       0x32 CMakeFiles/stm32_fw.elf.dir/src/Middlewares/ST/STM32_USB_Device_Library/Core/Src/usbd_core.c.obj
                0x08007054                USBD_RegisterClass
 .text.USBD_Start
                0x08007086       0x18 CMakeFiles/stm32_fw.elf.dir/src/Middlewares/ST/STM32_USB_Device_Library/Core/Src/usbd_core.c.obj
                0x08007086                USBD_Start
 .text.USBD_RunTestMode
                0x0800709e       0x14 CMakeFiles/stm32_fw.elf.dir/src/Middlewares/ST/STM32_USB_Device_Library/Core/Src/usbd_core.c.obj
                0x0800709e                USBD_RunTestMode
 .text.USBD_SetClassConfig
                0x080070b2       0x3e CMakeFiles/stm32_fw.elf.dir/src/Middlewares/ST/STM32_USB_Device_Library/Core/Src/usbd_core.c.obj
                0x080070b2                USBD_SetClassConfig
 .text.USBD_ClrClassConfig
                0x080070f0       0x26 CMakeFiles/stm32_fw.elf.dir/src/Middlewares/ST/STM32_USB_Device_Library/Core/Src/usbd_core.c.obj
                0x080070f0                USBD_ClrClassConfig
 .text.USBD_LL_SetupStage
                0x08007116       0x9a CMakeFiles/stm32_fw.elf.dir/src/Middlewares/ST/STM32_USB_Device_Library/Core/Src/usbd_core.c.obj
                0x08007116                USBD_LL_SetupStage
 .text.USBD_LL_DataOutStage
                0x080071b0       0xe2 CMakeFiles/stm32_fw.elf.dir/src/Middlewares/ST/STM32_USB_Device_Library/Core/Src/usbd_core.c.obj
                0x080071b0                USBD_LL_DataOutStage
 .text.USBD_LL_DataInStage
                0x08007292      0x14a CMakeFiles/stm32_fw.elf.dir/src/Middlewares/ST/STM32_USB_Device_Library/Core/Src/usbd_core.c.obj
                0x08007292                USBD_LL_DataInStage
 .text.USBD_LL_Reset
                0x080073dc       0x82 CMakeFiles/stm32_fw.elf.dir/src/Middlewares/ST/STM32_USB_Device_Library/Core/Src/usbd_core.c.obj
                0x080073dc                USBD_LL_Reset
 .text.USBD_LL_SetSpeed
                0x0800745e       0x1e CMakeFiles/stm32_fw.elf.dir/src/Middlewares/ST/STM32_USB_Device_Library/Core/Src/usbd_core.c.obj
                0x0800745e                USBD_LL_SetSpeed
 .text.USBD_LL_Suspend
                0x0800747c       0x28 CMakeFiles/stm32_fw.elf.dir/src/Middlewares/ST/STM32_USB_Device_Library/Core/Src/usbd_core.c.obj
                0x0800747c                USBD_LL_Suspend
 .text.USBD_LL_Resume
                0x080074a4       0x2a CMakeFiles/stm32_fw.elf.dir/src/Middlewares/ST/STM32_USB_Device_Library/Core/Src/usbd_core.c.obj
                0x080074a4                USBD_LL_Resume
 .text.USBD_LL_SOF
                0x080074ce       0x34 CMakeFiles/stm32_fw.elf.dir/src/Middlewares/ST/STM32_USB_Device_Library/Core/Src/usbd_core.c.obj
                0x080074ce                USBD_LL_SOF
 *fill*         0x08007502        0x2 
 .text.USBD_StdDevReq
                0x08007504       0xd4 CMakeFiles/stm32_fw.elf.dir/src/Middlewares/ST/STM32_USB_Device_Library/Core/Src/usbd_ctlreq.c.obj
                0x08007504                USBD_StdDevReq
 .text.USBD_StdItfReq
                0x080075d8       0x90 CMakeFiles/stm32_fw.elf.dir/src/Middlewares/ST/STM32_USB_Device_Library/Core/Src/usbd_ctlreq.c.obj
                0x080075d8                USBD_StdItfReq
 .text.USBD_StdEPReq
                0x08007668      0x2c6 CMakeFiles/stm32_fw.elf.dir/src/Middlewares/ST/STM32_USB_Device_Library/Core/Src/usbd_ctlreq.c.obj
                0x08007668                USBD_StdEPReq
 *fill*         0x0800792e        0x2 
 .text.USBD_GetDescriptor
                0x08007930      0x2d0 CMakeFiles/stm32_fw.elf.dir/src/Middlewares/ST/STM32_USB_Device_Library/Core/Src/usbd_ctlreq.c.obj
 .text.USBD_SetAddress
                0x08007c00       0x86 CMakeFiles/stm32_fw.elf.dir/src/Middlewares/ST/STM32_USB_Device_Library/Core/Src/usbd_ctlreq.c.obj
 *fill*         0x08007c86        0x2 
 .text.USBD_SetConfig
                0x08007c88      0x11c CMakeFiles/stm32_fw.elf.dir/src/Middlewares/ST/STM32_USB_Device_Library/Core/Src/usbd_ctlreq.c.obj
 .text.USBD_GetConfig
                0x08007da4       0x6a CMakeFiles/stm32_fw.elf.dir/src/Middlewares/ST/STM32_USB_Device_Library/Core/Src/usbd_ctlreq.c.obj
 .text.USBD_GetStatus
                0x08007e0e       0x66 CMakeFiles/stm32_fw.elf.dir/src/Middlewares/ST/STM32_USB_Device_Library/Core/Src/usbd_ctlreq.c.obj
 .text.USBD_SetFeature
                0x08007e74       0x28 CMakeFiles/stm32_fw.elf.dir/src/Middlewares/ST/STM32_USB_Device_Library/Core/Src/usbd_ctlreq.c.obj
 .text.USBD_ClrFeature
                0x08007e9c       0x42 CMakeFiles/stm32_fw.elf.dir/src/Middlewares/ST/STM32_USB_Device_Library/Core/Src/usbd_ctlreq.c.obj
 .text.USBD_ParseSetupRequest
                0x08007ede       0x78 CMakeFiles/stm32_fw.elf.dir/src/Middlewares/ST/STM32_USB_Device_Library/Core/Src/usbd_ctlreq.c.obj
                0x08007ede                USBD_ParseSetupRequest
 .text.USBD_CtlError
                0x08007f56       0x22 CMakeFiles/stm32_fw.elf.dir/src/Middlewares/ST/STM32_USB_Device_Library/Core/Src/usbd_ctlreq.c.obj
                0x08007f56                USBD_CtlError
 .text.USBD_GetString
                0x08007f78       0x84 CMakeFiles/stm32_fw.elf.dir/src/Middlewares/ST/STM32_USB_Device_Library/Core/Src/usbd_ctlreq.c.obj
                0x08007f78                USBD_GetString
 .text.USBD_GetLen
                0x08007ffc       0x2e CMakeFiles/stm32_fw.elf.dir/src/Middlewares/ST/STM32_USB_Device_Library/Core/Src/usbd_ctlreq.c.obj
 .text.USBD_CtlSendData
                0x0800802a       0x38 CMakeFiles/stm32_fw.elf.dir/src/Middlewares/ST/STM32_USB_Device_Library/Core/Src/usbd_ioreq.c.obj
                0x0800802a                USBD_CtlSendData
 .text.USBD_CtlContinueSendData
                0x08008062       0x24 CMakeFiles/stm32_fw.elf.dir/src/Middlewares/ST/STM32_USB_Device_Library/Core/Src/usbd_ioreq.c.obj
                0x08008062                USBD_CtlContinueSendData
 .text.USBD_CtlPrepareRx
                0x08008086       0x3c CMakeFiles/stm32_fw.elf.dir/src/Middlewares/ST/STM32_USB_Device_Library/Core/Src/usbd_ioreq.c.obj
                0x08008086                USBD_CtlPrepareRx
 .text.USBD_CtlContinueRx
                0x080080c2       0x24 CMakeFiles/stm32_fw.elf.dir/src/Middlewares/ST/STM32_USB_Device_Library/Core/Src/usbd_ioreq.c.obj
                0x080080c2                USBD_CtlContinueRx
 .text.USBD_CtlSendStatus
                0x080080e6       0x26 CMakeFiles/stm32_fw.elf.dir/src/Middlewares/ST/STM32_USB_Device_Library/Core/Src/usbd_ioreq.c.obj
                0x080080e6                USBD_CtlSendStatus
 .text.USBD_CtlReceiveStatus
                0x0800810c       0x26 CMakeFiles/stm32_fw.elf.dir/src/Middlewares/ST/STM32_USB_Device_Library/Core/Src/usbd_ioreq.c.obj
                0x0800810c                USBD_CtlReceiveStatus
 *fill*         0x08008132        0x2 
 .text.MX_USB_DEVICE_Init
                0x08008134       0x60 CMakeFiles/stm32_fw.elf.dir/src/USB_DEVICE/App/usb_device.c.obj
                0x08008134                MX_USB_DEVICE_Init
 .text.CDC_Init_FS
                0x08008194       0x28 CMakeFiles/stm32_fw.elf.dir/src/USB_DEVICE/App/usbd_cdc_if.c.obj
 .text.CDC_DeInit_FS
                0x080081bc        0xe CMakeFiles/stm32_fw.elf.dir/src/USB_DEVICE/App/usbd_cdc_if.c.obj
 *fill*         0x080081ca        0x2 
 .text.CDC_Control_FS
                0x080081cc       0xbc CMakeFiles/stm32_fw.elf.dir/src/USB_DEVICE/App/usbd_cdc_if.c.obj
 .text.CDC_Receive_FS
                0x08008288       0x28 CMakeFiles/stm32_fw.elf.dir/src/USB_DEVICE/App/usbd_cdc_if.c.obj
 .text.CDC_Transmit_FS
                0x080082b0       0x4c CMakeFiles/stm32_fw.elf.dir/src/USB_DEVICE/App/usbd_cdc_if.c.obj
                0x080082b0                CDC_Transmit_FS
 .text.USBD_FS_DeviceDescriptor
                0x080082fc       0x24 CMakeFiles/stm32_fw.elf.dir/src/USB_DEVICE/App/usbd_desc.c.obj
                0x080082fc                USBD_FS_DeviceDescriptor
 .text.USBD_FS_LangIDStrDescriptor
                0x08008320       0x24 CMakeFiles/stm32_fw.elf.dir/src/USB_DEVICE/App/usbd_desc.c.obj
                0x08008320                USBD_FS_LangIDStrDescriptor
 .text.USBD_FS_ProductStrDescriptor
                0x08008344       0x3c CMakeFiles/stm32_fw.elf.dir/src/USB_DEVICE/App/usbd_desc.c.obj
                0x08008344                USBD_FS_ProductStrDescriptor
 .text.USBD_FS_ManufacturerStrDescriptor
                0x08008380       0x28 CMakeFiles/stm32_fw.elf.dir/src/USB_DEVICE/App/usbd_desc.c.obj
                0x08008380                USBD_FS_ManufacturerStrDescriptor
 .text.USBD_FS_SerialStrDescriptor
                0x080083a8       0x24 CMakeFiles/stm32_fw.elf.dir/src/USB_DEVICE/App/usbd_desc.c.obj
                0x080083a8                USBD_FS_SerialStrDescriptor
 .text.USBD_FS_ConfigStrDescriptor
                0x080083cc       0x3c CMakeFiles/stm32_fw.elf.dir/src/USB_DEVICE/App/usbd_desc.c.obj
                0x080083cc                USBD_FS_ConfigStrDescriptor
 .text.USBD_FS_InterfaceStrDescriptor
                0x08008408       0x3c CMakeFiles/stm32_fw.elf.dir/src/USB_DEVICE/App/usbd_desc.c.obj
                0x08008408                USBD_FS_InterfaceStrDescriptor
 .text.Get_SerialNum
                0x08008444       0x58 CMakeFiles/stm32_fw.elf.dir/src/USB_DEVICE/App/usbd_desc.c.obj
 .text.IntToUnicode
                0x0800849c       0x7c CMakeFiles/stm32_fw.elf.dir/src/USB_DEVICE/App/usbd_desc.c.obj
 .text.HAL_PCD_MspInit
                0x08008518       0x5c CMakeFiles/stm32_fw.elf.dir/src/USB_DEVICE/Target/usbd_conf.c.obj
                0x08008518                HAL_PCD_MspInit
 .text.HAL_PCD_SetupStageCallback
                0x08008574       0x24 CMakeFiles/stm32_fw.elf.dir/src/USB_DEVICE/Target/usbd_conf.c.obj
                0x08008574                HAL_PCD_SetupStageCallback
 .text.HAL_PCD_DataOutStageCallback
                0x08008598       0x36 CMakeFiles/stm32_fw.elf.dir/src/USB_DEVICE/Target/usbd_conf.c.obj
                0x08008598                HAL_PCD_DataOutStageCallback
 .text.HAL_PCD_DataInStageCallback
                0x080085ce       0x34 CMakeFiles/stm32_fw.elf.dir/src/USB_DEVICE/Target/usbd_conf.c.obj
                0x080085ce                HAL_PCD_DataInStageCallback
 .text.HAL_PCD_SOFCallback
                0x08008602       0x1c CMakeFiles/stm32_fw.elf.dir/src/USB_DEVICE/Target/usbd_conf.c.obj
                0x08008602                HAL_PCD_SOFCallback
 .text.HAL_PCD_ResetCallback
                0x0800861e       0x3c CMakeFiles/stm32_fw.elf.dir/src/USB_DEVICE/Target/usbd_conf.c.obj
                0x0800861e                HAL_PCD_ResetCallback
 *fill*         0x0800865a        0x2 
 .text.HAL_PCD_SuspendCallback
                0x0800865c       0x34 CMakeFiles/stm32_fw.elf.dir/src/USB_DEVICE/Target/usbd_conf.c.obj
                0x0800865c                HAL_PCD_SuspendCallback
 .text.HAL_PCD_ResumeCallback
                0x08008690       0x1c CMakeFiles/stm32_fw.elf.dir/src/USB_DEVICE/Target/usbd_conf.c.obj
                0x08008690                HAL_PCD_ResumeCallback
 .text.USBD_LL_Init
                0x080086ac       0xb4 CMakeFiles/stm32_fw.elf.dir/src/USB_DEVICE/Target/usbd_conf.c.obj
                0x080086ac                USBD_LL_Init
 .text.USBD_LL_Start
                0x08008760       0x36 CMakeFiles/stm32_fw.elf.dir/src/USB_DEVICE/Target/usbd_conf.c.obj
                0x08008760                USBD_LL_Start
 .text.USBD_LL_OpenEP
                0x08008796       0x4c CMakeFiles/stm32_fw.elf.dir/src/USB_DEVICE/Target/usbd_conf.c.obj
                0x08008796                USBD_LL_OpenEP
 .text.USBD_LL_CloseEP
                0x080087e2       0x3e CMakeFiles/stm32_fw.elf.dir/src/USB_DEVICE/Target/usbd_conf.c.obj
                0x080087e2                USBD_LL_CloseEP
 .text.USBD_LL_StallEP
                0x08008820       0x3e CMakeFiles/stm32_fw.elf.dir/src/USB_DEVICE/Target/usbd_conf.c.obj
                0x08008820                USBD_LL_StallEP
 .text.USBD_LL_ClearStallEP
                0x0800885e       0x3e CMakeFiles/stm32_fw.elf.dir/src/USB_DEVICE/Target/usbd_conf.c.obj
                0x0800885e                USBD_LL_ClearStallEP
 .text.USBD_LL_IsStallEP
                0x0800889c       0x58 CMakeFiles/stm32_fw.elf.dir/src/USB_DEVICE/Target/usbd_conf.c.obj
                0x0800889c                USBD_LL_IsStallEP
 .text.USBD_LL_SetUSBAddress
                0x080088f4       0x3e CMakeFiles/stm32_fw.elf.dir/src/USB_DEVICE/Target/usbd_conf.c.obj
                0x080088f4                USBD_LL_SetUSBAddress
 .text.USBD_LL_Transmit
                0x08008932       0x46 CMakeFiles/stm32_fw.elf.dir/src/USB_DEVICE/Target/usbd_conf.c.obj
                0x08008932                USBD_LL_Transmit
 .text.USBD_LL_PrepareReceive
                0x08008978       0x46 CMakeFiles/stm32_fw.elf.dir/src/USB_DEVICE/Target/usbd_conf.c.obj
                0x08008978                USBD_LL_PrepareReceive
 .text.USBD_LL_GetRxDataSize
                0x080089be       0x26 CMakeFiles/stm32_fw.elf.dir/src/USB_DEVICE/Target/usbd_conf.c.obj
                0x080089be                USBD_LL_GetRxDataSize
 .text.USBD_static_malloc
                0x080089e4       0x18 CMakeFiles/stm32_fw.elf.dir/src/USB_DEVICE/Target/usbd_conf.c.obj
                0x080089e4                USBD_static_malloc
 .text.USBD_static_free
                0x080089fc       0x12 CMakeFiles/stm32_fw.elf.dir/src/USB_DEVICE/Target/usbd_conf.c.obj
                0x080089fc                USBD_static_free
 .text.HAL_PCDEx_SetConnectionState
                0x08008a0e       0x16 CMakeFiles/stm32_fw.elf.dir/src/USB_DEVICE/Target/usbd_conf.c.obj
                0x08008a0e                HAL_PCDEx_SetConnectionState
 .text.USBD_Get_USB_Status
                0x08008a24       0x58 CMakeFiles/stm32_fw.elf.dir/src/USB_DEVICE/Target/usbd_conf.c.obj
 .text.Reset_Handler
                0x08008a7c       0x48 CMakeFiles/stm32_fw.elf.dir/src/Core/Startup/startup_stm32f103rctx.s.obj
                0x08008a7c                Reset_Handler
 .text.Default_Handler
                0x08008ac4        0x2 CMakeFiles/stm32_fw.elf.dir/src/Core/Startup/startup_stm32f103rctx.s.obj
                0x08008ac4                RTC_Alarm_IRQHandler
                0x08008ac4                EXTI2_IRQHandler
                0x08008ac4                TIM8_TRG_COM_IRQHandler
                0x08008ac4                TIM8_CC_IRQHandler
                0x08008ac4                TIM1_CC_IRQHandler
                0x08008ac4                TIM6_IRQHandler
                0x08008ac4                PVD_IRQHandler
                0x08008ac4                SDIO_IRQHandler
                0x08008ac4                EXTI3_IRQHandler
                0x08008ac4                EXTI0_IRQHandler
                0x08008ac4                I2C2_EV_IRQHandler
                0x08008ac4                ADC1_2_IRQHandler
                0x08008ac4                TAMPER_IRQHandler
                0x08008ac4                TIM8_UP_IRQHandler
                0x08008ac4                DMA2_Channel2_IRQHandler
                0x08008ac4                DMA1_Channel4_IRQHandler
                0x08008ac4                USART3_IRQHandler
                0x08008ac4                RTC_IRQHandler
                0x08008ac4                DMA1_Channel7_IRQHandler
                0x08008ac4                CAN1_RX1_IRQHandler
                0x08008ac4                UART5_IRQHandler
                0x08008ac4                ADC3_IRQHandler
                0x08008ac4                TIM4_IRQHandler
                0x08008ac4                DMA2_Channel1_IRQHandler
                0x08008ac4                I2C1_EV_IRQHandler
                0x08008ac4                DMA1_Channel6_IRQHandler
                0x08008ac4                UART4_IRQHandler
                0x08008ac4                TIM3_IRQHandler
                0x08008ac4                RCC_IRQHandler
                0x08008ac4                TIM1_TRG_COM_IRQHandler
                0x08008ac4                DMA1_Channel1_IRQHandler
                0x08008ac4                Default_Handler
                0x08008ac4                EXTI15_10_IRQHandler
                0x08008ac4                TIM7_IRQHandler
                0x08008ac4                TIM5_IRQHandler
                0x08008ac4                EXTI9_5_IRQHandler
                0x08008ac4                SPI2_IRQHandler
                0x08008ac4                DMA1_Channel5_IRQHandler
                0x08008ac4                EXTI4_IRQHandler
                0x08008ac4                DMA1_Channel3_IRQHandler
                0x08008ac4                FSMC_IRQHandler
                0x08008ac4                TIM1_UP_IRQHandler
                0x08008ac4                WWDG_IRQHandler
                0x08008ac4                TIM2_IRQHandler
                0x08008ac4                TIM1_BRK_IRQHandler
                0x08008ac4                EXTI1_IRQHandler
                0x08008ac4                DMA2_Channel4_5_IRQHandler
                0x08008ac4                USART2_IRQHandler
                0x08008ac4                I2C2_ER_IRQHandler
                0x08008ac4                DMA1_Channel2_IRQHandler
                0x08008ac4                TIM8_BRK_IRQHandler
                0x08008ac4                CAN1_SCE_IRQHandler
                0x08008ac4                FLASH_IRQHandler
                0x08008ac4                SPI3_IRQHandler
                0x08008ac4                I2C1_ER_IRQHandler
                0x08008ac4                USBWakeUp_IRQHandler
                0x08008ac4                DMA2_Channel3_IRQHandler
 *fill*         0x08008ac6        0x2 
 .text.__errno  0x08008ac8        0xc c:/tools/gcc-arm-none-eabi-9-2020-q2-update-win32/bin/../lib/gcc/arm-none-eabi/9.3.1/../../../../arm-none-eabi/lib/thumb/v7-m/nofp\libg_nano.a(lib_a-errno.o)
                0x08008ac8                __errno
 .text.printf   0x08008ad4       0x30 c:/tools/gcc-arm-none-eabi-9-2020-q2-update-win32/bin/../lib/gcc/arm-none-eabi/9.3.1/../../../../arm-none-eabi/lib/thumb/v7-m/nofp\libg_nano.a(lib_a-printf.o)
                0x08008ad4                iprintf
                0x08008ad4                printf
 .text.strncpy  0x08008b04       0x26 c:/tools/gcc-arm-none-eabi-9-2020-q2-update-win32/bin/../lib/gcc/arm-none-eabi/9.3.1/../../../../arm-none-eabi/lib/thumb/v7-m/nofp\libg_nano.a(lib_a-strncpy.o)
                0x08008b04                strncpy
 *fill*         0x08008b2a        0x2 
 .text.std      0x08008b2c       0x48 c:/tools/gcc-arm-none-eabi-9-2020-q2-update-win32/bin/../lib/gcc/arm-none-eabi/9.3.1/../../../../arm-none-eabi/lib/thumb/v7-m/nofp\libg_nano.a(lib_a-findfp.o)
 .text._cleanup_r
                0x08008b74        0xc c:/tools/gcc-arm-none-eabi-9-2020-q2-update-win32/bin/../lib/gcc/arm-none-eabi/9.3.1/../../../../arm-none-eabi/lib/thumb/v7-m/nofp\libg_nano.a(lib_a-findfp.o)
                0x08008b74                _cleanup_r
 .text.__sfmoreglue
                0x08008b80       0x2c c:/tools/gcc-arm-none-eabi-9-2020-q2-update-win32/bin/../lib/gcc/arm-none-eabi/9.3.1/../../../../arm-none-eabi/lib/thumb/v7-m/nofp\libg_nano.a(lib_a-findfp.o)
                0x08008b80                __sfmoreglue
 .text.__sfp_lock_acquire
                0x08008bac        0xc c:/tools/gcc-arm-none-eabi-9-2020-q2-update-win32/bin/../lib/gcc/arm-none-eabi/9.3.1/../../../../arm-none-eabi/lib/thumb/v7-m/nofp\libg_nano.a(lib_a-findfp.o)
                0x08008bac                __sfp_lock_acquire
 .text.__sfp_lock_release
                0x08008bb8        0xc c:/tools/gcc-arm-none-eabi-9-2020-q2-update-win32/bin/../lib/gcc/arm-none-eabi/9.3.1/../../../../arm-none-eabi/lib/thumb/v7-m/nofp\libg_nano.a(lib_a-findfp.o)
                0x08008bb8                __sfp_lock_release
 .text.__sinit_lock_acquire
                0x08008bc4        0xc c:/tools/gcc-arm-none-eabi-9-2020-q2-update-win32/bin/../lib/gcc/arm-none-eabi/9.3.1/../../../../arm-none-eabi/lib/thumb/v7-m/nofp\libg_nano.a(lib_a-findfp.o)
                0x08008bc4                __sinit_lock_acquire
 .text.__sinit_lock_release
                0x08008bd0        0xc c:/tools/gcc-arm-none-eabi-9-2020-q2-update-win32/bin/../lib/gcc/arm-none-eabi/9.3.1/../../../../arm-none-eabi/lib/thumb/v7-m/nofp\libg_nano.a(lib_a-findfp.o)
                0x08008bd0                __sinit_lock_release
 .text.__sinit  0x08008bdc       0x70 c:/tools/gcc-arm-none-eabi-9-2020-q2-update-win32/bin/../lib/gcc/arm-none-eabi/9.3.1/../../../../arm-none-eabi/lib/thumb/v7-m/nofp\libg_nano.a(lib_a-findfp.o)
                0x08008bdc                __sinit
 .text.__sfp    0x08008c4c       0x8c c:/tools/gcc-arm-none-eabi-9-2020-q2-update-win32/bin/../lib/gcc/arm-none-eabi/9.3.1/../../../../arm-none-eabi/lib/thumb/v7-m/nofp\libg_nano.a(lib_a-findfp.o)
                0x08008c4c                __sfp
 .text._fwalk_reent
                0x08008cd8       0x3e c:/tools/gcc-arm-none-eabi-9-2020-q2-update-win32/bin/../lib/gcc/arm-none-eabi/9.3.1/../../../../arm-none-eabi/lib/thumb/v7-m/nofp\libg_nano.a(lib_a-fwalk.o)
                0x08008cd8                _fwalk_reent
 .text.__retarget_lock_init_recursive
                0x08008d16        0x2 c:/tools/gcc-arm-none-eabi-9-2020-q2-update-win32/bin/../lib/gcc/arm-none-eabi/9.3.1/../../../../arm-none-eabi/lib/thumb/v7-m/nofp\libg_nano.a(lib_a-lock.o)
                0x08008d16                __retarget_lock_init_recursive
 .text.__retarget_lock_acquire_recursive
                0x08008d18        0x2 c:/tools/gcc-arm-none-eabi-9-2020-q2-update-win32/bin/../lib/gcc/arm-none-eabi/9.3.1/../../../../arm-none-eabi/lib/thumb/v7-m/nofp\libg_nano.a(lib_a-lock.o)
                0x08008d18                __retarget_lock_acquire_recursive
 .text.__retarget_lock_release_recursive
                0x08008d1a        0x2 c:/tools/gcc-arm-none-eabi-9-2020-q2-update-win32/bin/../lib/gcc/arm-none-eabi/9.3.1/../../../../arm-none-eabi/lib/thumb/v7-m/nofp\libg_nano.a(lib_a-lock.o)
                0x08008d1a                __retarget_lock_release_recursive
 .text._malloc_r
                0x08008d1c       0xb4 c:/tools/gcc-arm-none-eabi-9-2020-q2-update-win32/bin/../lib/gcc/arm-none-eabi/9.3.1/../../../../arm-none-eabi/lib/thumb/v7-m/nofp\libg_nano.a(lib_a-nano-mallocr.o)
                0x08008d1c                _malloc_r
 .text.__sfputc_r
                0x08008dd0       0x2a c:/tools/gcc-arm-none-eabi-9-2020-q2-update-win32/bin/../lib/gcc/arm-none-eabi/9.3.1/../../../../arm-none-eabi/lib/thumb/v7-m/nofp\libg_nano.a(lib_a-nano-vfprintf.o)
 .text.__sfputs_r
                0x08008dfa       0x24 c:/tools/gcc-arm-none-eabi-9-2020-q2-update-win32/bin/../lib/gcc/arm-none-eabi/9.3.1/../../../../arm-none-eabi/lib/thumb/v7-m/nofp\libg_nano.a(lib_a-nano-vfprintf.o)
                0x08008dfa                __sfputs_r
 *fill*         0x08008e1e        0x2 
 .text._vfprintf_r
                0x08008e20      0x260 c:/tools/gcc-arm-none-eabi-9-2020-q2-update-win32/bin/../lib/gcc/arm-none-eabi/9.3.1/../../../../arm-none-eabi/lib/thumb/v7-m/nofp\libg_nano.a(lib_a-nano-vfprintf.o)
                0x08008e20                _vfprintf_r
                0x08008e20                _vfiprintf_r
 .text._printf_common
                0x08009080       0xde c:/tools/gcc-arm-none-eabi-9-2020-q2-update-win32/bin/../lib/gcc/arm-none-eabi/9.3.1/../../../../arm-none-eabi/lib/thumb/v7-m/nofp\libg_nano.a(lib_a-nano-vfprintf_i.o)
                0x08009080                _printf_common
 *fill*         0x0800915e        0x2 
 .text._printf_i
                0x08009160      0x24c c:/tools/gcc-arm-none-eabi-9-2020-q2-update-win32/bin/../lib/gcc/arm-none-eabi/9.3.1/../../../../arm-none-eabi/lib/thumb/v7-m/nofp\libg_nano.a(lib_a-nano-vfprintf_i.o)
                0x08009160                _printf_i
 .text._sbrk_r  0x080093ac       0x20 c:/tools/gcc-arm-none-eabi-9-2020-q2-update-win32/bin/../lib/gcc/arm-none-eabi/9.3.1/../../../../arm-none-eabi/lib/thumb/v7-m/nofp\libg_nano.a(lib_a-sbrkr.o)
                0x080093ac                _sbrk_r
 .text.__sread  0x080093cc       0x22 c:/tools/gcc-arm-none-eabi-9-2020-q2-update-win32/bin/../lib/gcc/arm-none-eabi/9.3.1/../../../../arm-none-eabi/lib/thumb/v7-m/nofp\libg_nano.a(lib_a-stdio.o)
                0x080093cc                __sread
 .text.__swrite
                0x080093ee       0x38 c:/tools/gcc-arm-none-eabi-9-2020-q2-update-win32/bin/../lib/gcc/arm-none-eabi/9.3.1/../../../../arm-none-eabi/lib/thumb/v7-m/nofp\libg_nano.a(lib_a-stdio.o)
                0x080093ee                __swrite
 .text.__sseek  0x08009426       0x24 c:/tools/gcc-arm-none-eabi-9-2020-q2-update-win32/bin/../lib/gcc/arm-none-eabi/9.3.1/../../../../arm-none-eabi/lib/thumb/v7-m/nofp\libg_nano.a(lib_a-stdio.o)
                0x08009426                __sseek
 .text.__sclose
                0x0800944a        0x8 c:/tools/gcc-arm-none-eabi-9-2020-q2-update-win32/bin/../lib/gcc/arm-none-eabi/9.3.1/../../../../arm-none-eabi/lib/thumb/v7-m/nofp\libg_nano.a(lib_a-stdio.o)
                0x0800944a                __sclose
 *fill*         0x08009452        0x2 
 .text.__swbuf_r
                0x08009454       0xa4 c:/tools/gcc-arm-none-eabi-9-2020-q2-update-win32/bin/../lib/gcc/arm-none-eabi/9.3.1/../../../../arm-none-eabi/lib/thumb/v7-m/nofp\libg_nano.a(lib_a-wbuf.o)
                0x08009454                __swbuf_r
 .text._write_r
                0x080094f8       0x24 c:/tools/gcc-arm-none-eabi-9-2020-q2-update-win32/bin/../lib/gcc/arm-none-eabi/9.3.1/../../../../arm-none-eabi/lib/thumb/v7-m/nofp\libg_nano.a(lib_a-writer.o)
                0x080094f8                _write_r
 .text.__swsetup_r
                0x0800951c       0xdc c:/tools/gcc-arm-none-eabi-9-2020-q2-update-win32/bin/../lib/gcc/arm-none-eabi/9.3.1/../../../../arm-none-eabi/lib/thumb/v7-m/nofp\libg_nano.a(lib_a-wsetup.o)
                0x0800951c                __swsetup_r
 .text._close_r
                0x080095f8       0x20 c:/tools/gcc-arm-none-eabi-9-2020-q2-update-win32/bin/../lib/gcc/arm-none-eabi/9.3.1/../../../../arm-none-eabi/lib/thumb/v7-m/nofp\libg_nano.a(lib_a-closer.o)
                0x080095f8                _close_r
 .text.__sflush_r
                0x08009618      0x10c c:/tools/gcc-arm-none-eabi-9-2020-q2-update-win32/bin/../lib/gcc/arm-none-eabi/9.3.1/../../../../arm-none-eabi/lib/thumb/v7-m/nofp\libg_nano.a(lib_a-fflush.o)
                0x08009618                __sflush_r
 .text._fflush_r
                0x08009724       0x78 c:/tools/gcc-arm-none-eabi-9-2020-q2-update-win32/bin/../lib/gcc/arm-none-eabi/9.3.1/../../../../arm-none-eabi/lib/thumb/v7-m/nofp\libg_nano.a(lib_a-fflush.o)
                0x08009724                _fflush_r
 .text._lseek_r
                0x0800979c       0x24 c:/tools/gcc-arm-none-eabi-9-2020-q2-update-win32/bin/../lib/gcc/arm-none-eabi/9.3.1/../../../../arm-none-eabi/lib/thumb/v7-m/nofp\libg_nano.a(lib_a-lseekr.o)
                0x0800979c                _lseek_r
 .text.__swhatbuf_r
                0x080097c0       0x48 c:/tools/gcc-arm-none-eabi-9-2020-q2-update-win32/bin/../lib/gcc/arm-none-eabi/9.3.1/../../../../arm-none-eabi/lib/thumb/v7-m/nofp\libg_nano.a(lib_a-makebuf.o)
                0x080097c0                __swhatbuf_r
 .text.__smakebuf_r
                0x08009808       0x80 c:/tools/gcc-arm-none-eabi-9-2020-q2-update-win32/bin/../lib/gcc/arm-none-eabi/9.3.1/../../../../arm-none-eabi/lib/thumb/v7-m/nofp\libg_nano.a(lib_a-makebuf.o)
                0x08009808                __smakebuf_r
 .text.memchr   0x08009888       0x1c c:/tools/gcc-arm-none-eabi-9-2020-q2-update-win32/bin/../lib/gcc/arm-none-eabi/9.3.1/../../../../arm-none-eabi/lib/thumb/v7-m/nofp\libg_nano.a(lib_a-memchr-stub.o)
                0x08009888                memchr
 .text.__malloc_lock
                0x080098a4        0xc c:/tools/gcc-arm-none-eabi-9-2020-q2-update-win32/bin/../lib/gcc/arm-none-eabi/9.3.1/../../../../arm-none-eabi/lib/thumb/v7-m/nofp\libg_nano.a(lib_a-mlock.o)
                0x080098a4                __malloc_lock
 .text.__malloc_unlock
                0x080098b0        0xc c:/tools/gcc-arm-none-eabi-9-2020-q2-update-win32/bin/../lib/gcc/arm-none-eabi/9.3.1/../../../../arm-none-eabi/lib/thumb/v7-m/nofp\libg_nano.a(lib_a-mlock.o)
                0x080098b0                __malloc_unlock
 .text._free_r  0x080098bc       0x98 c:/tools/gcc-arm-none-eabi-9-2020-q2-update-win32/bin/../lib/gcc/arm-none-eabi/9.3.1/../../../../arm-none-eabi/lib/thumb/v7-m/nofp\libg_nano.a(lib_a-nano-freer.o)
                0x080098bc                _free_r
 .text._read_r  0x08009954       0x24 c:/tools/gcc-arm-none-eabi-9-2020-q2-update-win32/bin/../lib/gcc/arm-none-eabi/9.3.1/../../../../arm-none-eabi/lib/thumb/v7-m/nofp\libg_nano.a(lib_a-readr.o)
                0x08009954                _read_r
 .text._fstat_r
                0x08009978       0x24 c:/tools/gcc-arm-none-eabi-9-2020-q2-update-win32/bin/../lib/gcc/arm-none-eabi/9.3.1/../../../../arm-none-eabi/lib/thumb/v7-m/nofp\libg_nano.a(lib_a-fstatr.o)
                0x08009978                _fstat_r
 .text._isatty_r
                0x0800999c       0x20 c:/tools/gcc-arm-none-eabi-9-2020-q2-update-win32/bin/../lib/gcc/arm-none-eabi/9.3.1/../../../../arm-none-eabi/lib/thumb/v7-m/nofp\libg_nano.a(lib_a-isattyr.o)
                0x0800999c                _isatty_r
 *(.glue_7)
 .glue_7        0x080099bc        0x0 linker stubs
 *(.glue_7t)
 .glue_7t       0x080099bc        0x0 linker stubs
 *(.eh_frame)
 .eh_frame      0x080099bc        0x0 c:/tools/gcc-arm-none-eabi-9-2020-q2-update-win32/bin/../lib/gcc/arm-none-eabi/9.3.1/thumb/v7-m/nofp/crtbegin.o
 *(.init)
 .init          0x080099bc        0x4 c:/tools/gcc-arm-none-eabi-9-2020-q2-update-win32/bin/../lib/gcc/arm-none-eabi/9.3.1/thumb/v7-m/nofp/crti.o
                0x080099bc                _init
 .init          0x080099c0        0x8 c:/tools/gcc-arm-none-eabi-9-2020-q2-update-win32/bin/../lib/gcc/arm-none-eabi/9.3.1/thumb/v7-m/nofp/crtn.o
 *(.fini)
 .fini          0x080099c8        0x4 c:/tools/gcc-arm-none-eabi-9-2020-q2-update-win32/bin/../lib/gcc/arm-none-eabi/9.3.1/thumb/v7-m/nofp/crti.o
                0x080099c8                _fini
 .fini          0x080099cc        0x8 c:/tools/gcc-arm-none-eabi-9-2020-q2-update-win32/bin/../lib/gcc/arm-none-eabi/9.3.1/thumb/v7-m/nofp/crtn.o
                0x080099d4                . = ALIGN (0x4)
                0x080099d4                _etext = .

.vfp11_veneer   0x080099d4        0x0
 .vfp11_veneer  0x080099d4        0x0 linker stubs

.v4_bx          0x080099d4        0x0
 .v4_bx         0x080099d4        0x0 linker stubs

.iplt           0x080099d4        0x0
 .iplt          0x080099d4        0x0 c:/tools/gcc-arm-none-eabi-9-2020-q2-update-win32/bin/../lib/gcc/arm-none-eabi/9.3.1/thumb/v7-m/nofp/crtbegin.o

.rodata         0x080099d4      0x15c
                0x080099d4                . = ALIGN (0x4)
 *(.rodata)
 .rodata        0x080099d4       0x53 CMakeFiles/stm32_fw.elf.dir/src/Core/Src/main.c.obj
 *fill*         0x08009a27        0x1 
 .rodata        0x08009a28       0x10 CMakeFiles/stm32_fw.elf.dir/src/Drivers/STM32F1xx_HAL_Driver/Src/stm32f1xx_hal_rcc.c.obj
 .rodata        0x08009a38       0x10 CMakeFiles/stm32_fw.elf.dir/src/Drivers/STM32F1xx_HAL_Driver/Src/stm32f1xx_hal_rcc_ex.c.obj
 .rodata        0x08009a48       0x46 CMakeFiles/stm32_fw.elf.dir/src/USB_DEVICE/App/usbd_desc.c.obj
 *(.rodata*)
 *fill*         0x08009a8e        0x2 
 .rodata._global_impure_ptr
                0x08009a90        0x4 c:/tools/gcc-arm-none-eabi-9-2020-q2-update-win32/bin/../lib/gcc/arm-none-eabi/9.3.1/../../../../arm-none-eabi/lib/thumb/v7-m/nofp\libc_nano.a(lib_a-impure.o)
                0x08009a90                _global_impure_ptr
 .rodata.APBPrescTable
                0x08009a94        0x8 CMakeFiles/stm32_fw.elf.dir/src/Core/Src/system_stm32f1xx.c.obj
                0x08009a94                APBPrescTable
 .rodata.__sf_fake_stderr
                0x08009a9c       0x20 c:/tools/gcc-arm-none-eabi-9-2020-q2-update-win32/bin/../lib/gcc/arm-none-eabi/9.3.1/../../../../arm-none-eabi/lib/thumb/v7-m/nofp\libg_nano.a(lib_a-findfp.o)
                0x08009a9c                __sf_fake_stderr
 .rodata.__sf_fake_stdin
                0x08009abc       0x20 c:/tools/gcc-arm-none-eabi-9-2020-q2-update-win32/bin/../lib/gcc/arm-none-eabi/9.3.1/../../../../arm-none-eabi/lib/thumb/v7-m/nofp\libg_nano.a(lib_a-findfp.o)
                0x08009abc                __sf_fake_stdin
 .rodata.__sf_fake_stdout
                0x08009adc       0x20 c:/tools/gcc-arm-none-eabi-9-2020-q2-update-win32/bin/../lib/gcc/arm-none-eabi/9.3.1/../../../../arm-none-eabi/lib/thumb/v7-m/nofp\libg_nano.a(lib_a-findfp.o)
                0x08009adc                __sf_fake_stdout
 .rodata._vfprintf_r.str1.1
                0x08009afc       0x11 c:/tools/gcc-arm-none-eabi-9-2020-q2-update-win32/bin/../lib/gcc/arm-none-eabi/9.3.1/../../../../arm-none-eabi/lib/thumb/v7-m/nofp\libg_nano.a(lib_a-nano-vfprintf.o)
 .rodata._printf_i.str1.1
                0x08009b0d       0x22 c:/tools/gcc-arm-none-eabi-9-2020-q2-update-win32/bin/../lib/gcc/arm-none-eabi/9.3.1/../../../../arm-none-eabi/lib/thumb/v7-m/nofp\libg_nano.a(lib_a-nano-vfprintf_i.o)
                0x08009b30                . = ALIGN (0x4)
 *fill*         0x08009b2f        0x1 

.rel.dyn        0x08009b30        0x0
 .rel.iplt      0x08009b30        0x0 c:/tools/gcc-arm-none-eabi-9-2020-q2-update-win32/bin/../lib/gcc/arm-none-eabi/9.3.1/thumb/v7-m/nofp/crtbegin.o

.ARM.extab      0x08009b30        0x0
                0x08009b30                . = ALIGN (0x4)
 *(.ARM.extab* .gnu.linkonce.armextab.*)
                0x08009b30                . = ALIGN (0x4)

.ARM            0x08009b30        0x0
                0x08009b30                . = ALIGN (0x4)
                0x08009b30                __exidx_start = .
 *(.ARM.exidx*)
                0x08009b30                __exidx_end = .
                0x08009b30                . = ALIGN (0x4)

.preinit_array  0x08009b30        0x0
                0x08009b30                . = ALIGN (0x4)
                0x08009b30                PROVIDE (__preinit_array_start = .)
 *(.preinit_array*)
                0x08009b30                PROVIDE (__preinit_array_end = .)
                0x08009b30                . = ALIGN (0x4)

.init_array     0x08009b30        0x4
                0x08009b30                . = ALIGN (0x4)
                0x08009b30                PROVIDE (__init_array_start = .)
 *(SORT_BY_NAME(.init_array.*))
 *(.init_array*)
 .init_array    0x08009b30        0x4 c:/tools/gcc-arm-none-eabi-9-2020-q2-update-win32/bin/../lib/gcc/arm-none-eabi/9.3.1/thumb/v7-m/nofp/crtbegin.o
                0x08009b34                PROVIDE (__init_array_end = .)
                0x08009b34                . = ALIGN (0x4)

.fini_array     0x08009b34        0x4
                0x08009b34                . = ALIGN (0x4)
                [!provide]                PROVIDE (__fini_array_start = .)
 *(SORT_BY_NAME(.fini_array.*))
 *(.fini_array*)
 .fini_array    0x08009b34        0x4 c:/tools/gcc-arm-none-eabi-9-2020-q2-update-win32/bin/../lib/gcc/arm-none-eabi/9.3.1/thumb/v7-m/nofp/crtbegin.o
                [!provide]                PROVIDE (__fini_array_end = .)
                0x08009b38                . = ALIGN (0x4)
                0x08009b38                _sidata = LOADADDR (.data)

.data           0x20000000      0x210 load address 0x08009b38
                0x20000000                . = ALIGN (0x4)
                0x20000000                _sdata = .
 *(.data)
 *(.data*)
 .data._impure_ptr
                0x20000000        0x4 c:/tools/gcc-arm-none-eabi-9-2020-q2-update-win32/bin/../lib/gcc/arm-none-eabi/9.3.1/../../../../arm-none-eabi/lib/thumb/v7-m/nofp\libc_nano.a(lib_a-impure.o)
                0x20000000                _impure_ptr
 .data.impure_data
                0x20000004       0x60 c:/tools/gcc-arm-none-eabi-9-2020-q2-update-win32/bin/../lib/gcc/arm-none-eabi/9.3.1/../../../../arm-none-eabi/lib/thumb/v7-m/nofp\libc_nano.a(lib_a-impure.o)
 .data.SystemCoreClock
                0x20000064        0x4 CMakeFiles/stm32_fw.elf.dir/src/Core/Src/system_stm32f1xx.c.obj
                0x20000064                SystemCoreClock
 .data.timer_tbl
                0x20000068       0x30 CMakeFiles/stm32_fw.elf.dir/src/Core/Src/tickTimer.c.obj
 .data.uwTickPrio
                0x20000098        0x4 CMakeFiles/stm32_fw.elf.dir/src/Drivers/STM32F1xx_HAL_Driver/Src/stm32f1xx_hal.c.obj
                0x20000098                uwTickPrio
 .data.uwTickFreq
                0x2000009c        0x1 CMakeFiles/stm32_fw.elf.dir/src/Drivers/STM32F1xx_HAL_Driver/Src/stm32f1xx_hal.c.obj
                0x2000009c                uwTickFreq
 *fill*         0x2000009d        0x3 
 .data.USBD_CDC_DeviceQualifierDesc
                0x200000a0        0xa CMakeFiles/stm32_fw.elf.dir/src/Middlewares/ST/STM32_USB_Device_Library/Class/CDC/Src/usbd_cdc.c.obj
 *fill*         0x200000aa        0x2 
 .data.USBD_CDC
                0x200000ac       0x38 CMakeFiles/stm32_fw.elf.dir/src/Middlewares/ST/STM32_USB_Device_Library/Class/CDC/Src/usbd_cdc.c.obj
                0x200000ac                USBD_CDC
 .data.USBD_CDC_CfgHSDesc
                0x200000e4       0x43 CMakeFiles/stm32_fw.elf.dir/src/Middlewares/ST/STM32_USB_Device_Library/Class/CDC/Src/usbd_cdc.c.obj
                0x200000e4                USBD_CDC_CfgHSDesc
 *fill*         0x20000127        0x1 
 .data.USBD_CDC_CfgFSDesc
                0x20000128       0x43 CMakeFiles/stm32_fw.elf.dir/src/Middlewares/ST/STM32_USB_Device_Library/Class/CDC/Src/usbd_cdc.c.obj
                0x20000128                USBD_CDC_CfgFSDesc
 *fill*         0x2000016b        0x1 
 .data.USBD_CDC_OtherSpeedCfgDesc
                0x2000016c       0x43 CMakeFiles/stm32_fw.elf.dir/src/Middlewares/ST/STM32_USB_Device_Library/Class/CDC/Src/usbd_cdc.c.obj
                0x2000016c                USBD_CDC_OtherSpeedCfgDesc
 *fill*         0x200001af        0x1 
 .data.USBD_Interface_fops_FS
                0x200001b0       0x10 CMakeFiles/stm32_fw.elf.dir/src/USB_DEVICE/App/usbd_cdc_if.c.obj
                0x200001b0                USBD_Interface_fops_FS
 .data.FS_Desc  0x200001c0       0x1c CMakeFiles/stm32_fw.elf.dir/src/USB_DEVICE/App/usbd_desc.c.obj
                0x200001c0                FS_Desc
 .data.USBD_FS_DeviceDesc
                0x200001dc       0x12 CMakeFiles/stm32_fw.elf.dir/src/USB_DEVICE/App/usbd_desc.c.obj
                0x200001dc                USBD_FS_DeviceDesc
 *fill*         0x200001ee        0x2 
 .data.USBD_LangIDDesc
                0x200001f0        0x4 CMakeFiles/stm32_fw.elf.dir/src/USB_DEVICE/App/usbd_desc.c.obj
                0x200001f0                USBD_LangIDDesc
 .data.USBD_StringSerial
                0x200001f4       0x1a CMakeFiles/stm32_fw.elf.dir/src/USB_DEVICE/App/usbd_desc.c.obj
                0x200001f4                USBD_StringSerial
 *(.RamFunc)
 *(.RamFunc*)
                0x20000210                . = ALIGN (0x4)
 *fill*         0x2000020e        0x2 
                0x20000210                _edata = .

.igot.plt       0x20000210        0x0 load address 0x08009d48
 .igot.plt      0x20000210        0x0 c:/tools/gcc-arm-none-eabi-9-2020-q2-update-win32/bin/../lib/gcc/arm-none-eabi/9.3.1/thumb/v7-m/nofp/crtbegin.o
                0x20000210                . = ALIGN (0x4)

.bss            0x20000210     0x1414 load address 0x08009d48
                0x20000210                _sbss = .
                0x20000210                __bss_start__ = _sbss
 *(.bss)
 .bss           0x20000210       0x1c c:/tools/gcc-arm-none-eabi-9-2020-q2-update-win32/bin/../lib/gcc/arm-none-eabi/9.3.1/thumb/v7-m/nofp/crtbegin.o
 *(.bss*)
 .bss.__sbrk_heap_end
                0x2000022c        0x4 CMakeFiles/stm32_fw.elf.dir/src/Core/Src/sysmem.c.obj
 .bss.timer     0x20000230       0x80 CMakeFiles/stm32_fw.elf.dir/src/Core/Src/tickTimer.c.obj
 .bss.cfgidx.9378
                0x200002b0        0x1 CMakeFiles/stm32_fw.elf.dir/src/Middlewares/ST/STM32_USB_Device_Library/Core/Src/usbd_ctlreq.c.obj
 *fill*         0x200002b1        0x3 
 .bss.mem.9448  0x200002b4      0x220 CMakeFiles/stm32_fw.elf.dir/src/USB_DEVICE/Target/usbd_conf.c.obj
 .bss.__malloc_free_list
                0x200004d4        0x4 c:/tools/gcc-arm-none-eabi-9-2020-q2-update-win32/bin/../lib/gcc/arm-none-eabi/9.3.1/../../../../arm-none-eabi/lib/thumb/v7-m/nofp\libg_nano.a(lib_a-nano-mallocr.o)
                0x200004d4                __malloc_free_list
 .bss.__malloc_sbrk_start
                0x200004d8        0x4 c:/tools/gcc-arm-none-eabi-9-2020-q2-update-win32/bin/../lib/gcc/arm-none-eabi/9.3.1/../../../../arm-none-eabi/lib/thumb/v7-m/nofp\libg_nano.a(lib_a-nano-mallocr.o)
                0x200004d8                __malloc_sbrk_start
 *(COMMON)
 COMMON         0x200004dc      0x102 CMakeFiles/stm32_fw.elf.dir/src/Core/Src/main.c.obj
                0x200004dc                rx_buf
                0x200005dc                rec_data
                0x200005dd                runTimer
 *fill*         0x200005de        0x2 
 COMMON         0x200005e0       0x14 CMakeFiles/stm32_fw.elf.dir/src/Core/Src/rtc.c.obj
                0x200005e0                hrtc
 COMMON         0x200005f4       0x58 CMakeFiles/stm32_fw.elf.dir/src/Core/Src/spi.c.obj
                0x200005f4                hspi1
 COMMON         0x2000064c       0x44 CMakeFiles/stm32_fw.elf.dir/src/Core/Src/usart.c.obj
                0x2000064c                huart1
 COMMON         0x20000690        0x4 CMakeFiles/stm32_fw.elf.dir/src/Drivers/STM32F1xx_HAL_Driver/Src/stm32f1xx_hal.c.obj
                0x20000690                uwTick
 COMMON         0x20000694      0x2c4 CMakeFiles/stm32_fw.elf.dir/src/USB_DEVICE/App/usb_device.c.obj
                0x20000694                hUsbDeviceFS
 COMMON         0x20000958      0x7d0 CMakeFiles/stm32_fw.elf.dir/src/USB_DEVICE/App/usbd_cdc_if.c.obj
                0x20000958                UserRxBufferFS
                0x20000d40                UserTxBufferFS
 COMMON         0x20001128      0x200 CMakeFiles/stm32_fw.elf.dir/src/USB_DEVICE/App/usbd_desc.c.obj
                0x20001128                USBD_StrDesc
 COMMON         0x20001328      0x2ec CMakeFiles/stm32_fw.elf.dir/src/USB_DEVICE/Target/usbd_conf.c.obj
                0x20001328                hpcd_USB_FS
 COMMON         0x20001614        0x9 c:/tools/gcc-arm-none-eabi-9-2020-q2-update-win32/bin/../lib/gcc/arm-none-eabi/9.3.1/../../../../arm-none-eabi/lib/thumb/v7-m/nofp\libg_nano.a(lib_a-lock.o)
                0x20001614                __lock___atexit_recursive_mutex
                0x20001615                __lock___arc4random_mutex
                0x20001616                __lock___env_recursive_mutex
                0x20001617                __lock___sinit_recursive_mutex
                0x20001618                __lock___malloc_recursive_mutex
                0x20001619                __lock___at_quick_exit_mutex
                0x2000161a                __lock___dd_hash_mutex
                0x2000161b                __lock___tz_mutex
                0x2000161c                __lock___sfp_recursive_mutex
 *fill*         0x2000161d        0x3 
 COMMON         0x20001620        0x4 c:/tools/gcc-arm-none-eabi-9-2020-q2-update-win32/bin/../lib/gcc/arm-none-eabi/9.3.1/../../../../arm-none-eabi/lib/thumb/v7-m/nofp\libg_nano.a(lib_a-reent.o)
                0x20001620                errno
                0x20001624                . = ALIGN (0x4)
                0x20001624                _ebss = .
                0x20001624                __bss_end__ = _ebss

._user_heap_stack
                0x20001624      0x604 load address 0x08009d48
                0x20001628                . = ALIGN (0x8)
 *fill*         0x20001624        0x4 
                [!provide]                PROVIDE (end = .)
                0x20001628                PROVIDE (_end = .)
                0x20001828                . = (. + _Min_Heap_Size)
 *fill*         0x20001628      0x200 
                0x20001c28                . = (. + _Min_Stack_Size)
 *fill*         0x20001828      0x400 
                0x20001c28                . = ALIGN (0x8)

/DISCARD/
 libc.a(*)
 libm.a(*)
 libgcc.a(*)

.ARM.attributes
                0x00000000       0x29
 *(.ARM.attributes)
 .ARM.attributes
                0x00000000       0x1d c:/tools/gcc-arm-none-eabi-9-2020-q2-update-win32/bin/../lib/gcc/arm-none-eabi/9.3.1/thumb/v7-m/nofp/crti.o
 .ARM.attributes
                0x0000001d       0x2d c:/tools/gcc-arm-none-eabi-9-2020-q2-update-win32/bin/../lib/gcc/arm-none-eabi/9.3.1/thumb/v7-m/nofp/crtbegin.o
 .ARM.attributes
                0x0000004a       0x2d c:/tools/gcc-arm-none-eabi-9-2020-q2-update-win32/bin/../lib/gcc/arm-none-eabi/9.3.1/../../../../arm-none-eabi/lib/thumb/v7-m/nofp\libc_nano.a(lib_a-impure.o)
 .ARM.attributes
                0x00000077       0x2d c:/tools/gcc-arm-none-eabi-9-2020-q2-update-win32/bin/../lib/gcc/arm-none-eabi/9.3.1/../../../../arm-none-eabi/lib/thumb/v7-m/nofp\libc_nano.a(lib_a-init.o)
 .ARM.attributes
                0x000000a4       0x2d c:/tools/gcc-arm-none-eabi-9-2020-q2-update-win32/bin/../lib/gcc/arm-none-eabi/9.3.1/../../../../arm-none-eabi/lib/thumb/v7-m/nofp\libc_nano.a(lib_a-memset.o)
 .ARM.attributes
                0x000000d1       0x2d CMakeFiles/stm32_fw.elf.dir/src/Core/Src/gpio.c.obj
 .ARM.attributes
                0x000000fe       0x2d CMakeFiles/stm32_fw.elf.dir/src/Core/Src/main.c.obj
 .ARM.attributes
                0x0000012b       0x2d CMakeFiles/stm32_fw.elf.dir/src/Core/Src/rtc.c.obj
 .ARM.attributes
                0x00000158       0x2d CMakeFiles/stm32_fw.elf.dir/src/Core/Src/spi.c.obj
 .ARM.attributes
                0x00000185       0x2d CMakeFiles/stm32_fw.elf.dir/src/Core/Src/stm32f1xx_hal_msp.c.obj
 .ARM.attributes
                0x000001b2       0x2d CMakeFiles/stm32_fw.elf.dir/src/Core/Src/stm32f1xx_it.c.obj
 .ARM.attributes
                0x000001df       0x2d CMakeFiles/stm32_fw.elf.dir/src/Core/Src/syscalls.c.obj
 .ARM.attributes
                0x0000020c       0x2d CMakeFiles/stm32_fw.elf.dir/src/Core/Src/sysmem.c.obj
 .ARM.attributes
                0x00000239       0x2d CMakeFiles/stm32_fw.elf.dir/src/Core/Src/system_stm32f1xx.c.obj
 .ARM.attributes
                0x00000266       0x2d CMakeFiles/stm32_fw.elf.dir/src/Core/Src/tickTimer.c.obj
 .ARM.attributes
                0x00000293       0x2d CMakeFiles/stm32_fw.elf.dir/src/Core/Src/usart.c.obj
 .ARM.attributes
                0x000002c0       0x2d CMakeFiles/stm32_fw.elf.dir/src/Drivers/STM32F1xx_HAL_Driver/Src/stm32f1xx_hal.c.obj
 .ARM.attributes
                0x000002ed       0x2d CMakeFiles/stm32_fw.elf.dir/src/Drivers/STM32F1xx_HAL_Driver/Src/stm32f1xx_hal_cortex.c.obj
 .ARM.attributes
                0x0000031a       0x2d CMakeFiles/stm32_fw.elf.dir/src/Drivers/STM32F1xx_HAL_Driver/Src/stm32f1xx_hal_dma.c.obj
 .ARM.attributes
                0x00000347       0x2d CMakeFiles/stm32_fw.elf.dir/src/Drivers/STM32F1xx_HAL_Driver/Src/stm32f1xx_hal_gpio.c.obj
 .ARM.attributes
                0x00000374       0x2d CMakeFiles/stm32_fw.elf.dir/src/Drivers/STM32F1xx_HAL_Driver/Src/stm32f1xx_hal_pcd.c.obj
 .ARM.attributes
                0x000003a1       0x2d CMakeFiles/stm32_fw.elf.dir/src/Drivers/STM32F1xx_HAL_Driver/Src/stm32f1xx_hal_pcd_ex.c.obj
 .ARM.attributes
                0x000003ce       0x2d CMakeFiles/stm32_fw.elf.dir/src/Drivers/STM32F1xx_HAL_Driver/Src/stm32f1xx_hal_pwr.c.obj
 .ARM.attributes
                0x000003fb       0x2d CMakeFiles/stm32_fw.elf.dir/src/Drivers/STM32F1xx_HAL_Driver/Src/stm32f1xx_hal_rcc.c.obj
 .ARM.attributes
                0x00000428       0x2d CMakeFiles/stm32_fw.elf.dir/src/Drivers/STM32F1xx_HAL_Driver/Src/stm32f1xx_hal_rcc_ex.c.obj
 .ARM.attributes
                0x00000455       0x2d CMakeFiles/stm32_fw.elf.dir/src/Drivers/STM32F1xx_HAL_Driver/Src/stm32f1xx_hal_rtc.c.obj
 .ARM.attributes
                0x00000482       0x2d CMakeFiles/stm32_fw.elf.dir/src/Drivers/STM32F1xx_HAL_Driver/Src/stm32f1xx_hal_spi.c.obj
 .ARM.attributes
                0x000004af       0x2d CMakeFiles/stm32_fw.elf.dir/src/Drivers/STM32F1xx_HAL_Driver/Src/stm32f1xx_hal_uart.c.obj
 .ARM.attributes
                0x000004dc       0x2d CMakeFiles/stm32_fw.elf.dir/src/Drivers/STM32F1xx_HAL_Driver/Src/stm32f1xx_ll_usb.c.obj
 .ARM.attributes
                0x00000509       0x2d CMakeFiles/stm32_fw.elf.dir/src/Drivers/STM32F1xx_HAL_Driver/Src/stm32f1xx_ll_utils.c.obj
 .ARM.attributes
                0x00000536       0x2d CMakeFiles/stm32_fw.elf.dir/src/Middlewares/ST/STM32_USB_Device_Library/Class/CDC/Src/usbd_cdc.c.obj
 .ARM.attributes
                0x00000563       0x2d CMakeFiles/stm32_fw.elf.dir/src/Middlewares/ST/STM32_USB_Device_Library/Core/Src/usbd_core.c.obj
 .ARM.attributes
                0x00000590       0x2d CMakeFiles/stm32_fw.elf.dir/src/Middlewares/ST/STM32_USB_Device_Library/Core/Src/usbd_ctlreq.c.obj
 .ARM.attributes
                0x000005bd       0x2d CMakeFiles/stm32_fw.elf.dir/src/Middlewares/ST/STM32_USB_Device_Library/Core/Src/usbd_ioreq.c.obj
 .ARM.attributes
                0x000005ea       0x2d CMakeFiles/stm32_fw.elf.dir/src/USB_DEVICE/App/usb_device.c.obj
 .ARM.attributes
                0x00000617       0x2d CMakeFiles/stm32_fw.elf.dir/src/USB_DEVICE/App/usbd_cdc_if.c.obj
 .ARM.attributes
                0x00000644       0x2d CMakeFiles/stm32_fw.elf.dir/src/USB_DEVICE/App/usbd_desc.c.obj
 .ARM.attributes
                0x00000671       0x2d CMakeFiles/stm32_fw.elf.dir/src/USB_DEVICE/Target/usbd_conf.c.obj
 .ARM.attributes
                0x0000069e       0x21 CMakeFiles/stm32_fw.elf.dir/src/Core/Startup/startup_stm32f103rctx.s.obj
 .ARM.attributes
                0x000006bf       0x2d c:/tools/gcc-arm-none-eabi-9-2020-q2-update-win32/bin/../lib/gcc/arm-none-eabi/9.3.1/../../../../arm-none-eabi/lib/thumb/v7-m/nofp\libg_nano.a(lib_a-errno.o)
 .ARM.attributes
                0x000006ec       0x2d c:/tools/gcc-arm-none-eabi-9-2020-q2-update-win32/bin/../lib/gcc/arm-none-eabi/9.3.1/../../../../arm-none-eabi/lib/thumb/v7-m/nofp\libg_nano.a(lib_a-printf.o)
 .ARM.attributes
                0x00000719       0x17 c:/tools/gcc-arm-none-eabi-9-2020-q2-update-win32/bin/../lib/gcc/arm-none-eabi/9.3.1/../../../../arm-none-eabi/lib/thumb/v7-m/nofp\libg_nano.a(lib_a-strlen.o)
 .ARM.attributes
                0x00000730       0x2d c:/tools/gcc-arm-none-eabi-9-2020-q2-update-win32/bin/../lib/gcc/arm-none-eabi/9.3.1/../../../../arm-none-eabi/lib/thumb/v7-m/nofp\libg_nano.a(lib_a-strncpy.o)
 .ARM.attributes
                0x0000075d       0x2d c:/tools/gcc-arm-none-eabi-9-2020-q2-update-win32/bin/../lib/gcc/arm-none-eabi/9.3.1/../../../../arm-none-eabi/lib/thumb/v7-m/nofp\libg_nano.a(lib_a-findfp.o)
 .ARM.attributes
                0x0000078a       0x2d c:/tools/gcc-arm-none-eabi-9-2020-q2-update-win32/bin/../lib/gcc/arm-none-eabi/9.3.1/../../../../arm-none-eabi/lib/thumb/v7-m/nofp\libg_nano.a(lib_a-fwalk.o)
 .ARM.attributes
                0x000007b7       0x2d c:/tools/gcc-arm-none-eabi-9-2020-q2-update-win32/bin/../lib/gcc/arm-none-eabi/9.3.1/../../../../arm-none-eabi/lib/thumb/v7-m/nofp\libg_nano.a(lib_a-lock.o)
 .ARM.attributes
                0x000007e4       0x2d c:/tools/gcc-arm-none-eabi-9-2020-q2-update-win32/bin/../lib/gcc/arm-none-eabi/9.3.1/../../../../arm-none-eabi/lib/thumb/v7-m/nofp\libg_nano.a(lib_a-nano-mallocr.o)
 .ARM.attributes
                0x00000811       0x2d c:/tools/gcc-arm-none-eabi-9-2020-q2-update-win32/bin/../lib/gcc/arm-none-eabi/9.3.1/../../../../arm-none-eabi/lib/thumb/v7-m/nofp\libg_nano.a(lib_a-nano-vfprintf.o)
 .ARM.attributes
                0x0000083e       0x2d c:/tools/gcc-arm-none-eabi-9-2020-q2-update-win32/bin/../lib/gcc/arm-none-eabi/9.3.1/../../../../arm-none-eabi/lib/thumb/v7-m/nofp\libg_nano.a(lib_a-nano-vfprintf_i.o)
 .ARM.attributes
                0x0000086b       0x2d c:/tools/gcc-arm-none-eabi-9-2020-q2-update-win32/bin/../lib/gcc/arm-none-eabi/9.3.1/../../../../arm-none-eabi/lib/thumb/v7-m/nofp\libg_nano.a(lib_a-sbrkr.o)
 .ARM.attributes
                0x00000898       0x2d c:/tools/gcc-arm-none-eabi-9-2020-q2-update-win32/bin/../lib/gcc/arm-none-eabi/9.3.1/../../../../arm-none-eabi/lib/thumb/v7-m/nofp\libg_nano.a(lib_a-stdio.o)
 .ARM.attributes
                0x000008c5       0x2d c:/tools/gcc-arm-none-eabi-9-2020-q2-update-win32/bin/../lib/gcc/arm-none-eabi/9.3.1/../../../../arm-none-eabi/lib/thumb/v7-m/nofp\libg_nano.a(lib_a-wbuf.o)
 .ARM.attributes
                0x000008f2       0x2d c:/tools/gcc-arm-none-eabi-9-2020-q2-update-win32/bin/../lib/gcc/arm-none-eabi/9.3.1/../../../../arm-none-eabi/lib/thumb/v7-m/nofp\libg_nano.a(lib_a-writer.o)
 .ARM.attributes
                0x0000091f       0x2d c:/tools/gcc-arm-none-eabi-9-2020-q2-update-win32/bin/../lib/gcc/arm-none-eabi/9.3.1/../../../../arm-none-eabi/lib/thumb/v7-m/nofp\libg_nano.a(lib_a-wsetup.o)
 .ARM.attributes
                0x0000094c       0x2d c:/tools/gcc-arm-none-eabi-9-2020-q2-update-win32/bin/../lib/gcc/arm-none-eabi/9.3.1/../../../../arm-none-eabi/lib/thumb/v7-m/nofp\libg_nano.a(lib_a-closer.o)
 .ARM.attributes
                0x00000979       0x2d c:/tools/gcc-arm-none-eabi-9-2020-q2-update-win32/bin/../lib/gcc/arm-none-eabi/9.3.1/../../../../arm-none-eabi/lib/thumb/v7-m/nofp\libg_nano.a(lib_a-fflush.o)
 .ARM.attributes
                0x000009a6       0x2d c:/tools/gcc-arm-none-eabi-9-2020-q2-update-win32/bin/../lib/gcc/arm-none-eabi/9.3.1/../../../../arm-none-eabi/lib/thumb/v7-m/nofp\libg_nano.a(lib_a-lseekr.o)
 .ARM.attributes
                0x000009d3       0x2d c:/tools/gcc-arm-none-eabi-9-2020-q2-update-win32/bin/../lib/gcc/arm-none-eabi/9.3.1/../../../../arm-none-eabi/lib/thumb/v7-m/nofp\libg_nano.a(lib_a-makebuf.o)
 .ARM.attributes
                0x00000a00       0x2d c:/tools/gcc-arm-none-eabi-9-2020-q2-update-win32/bin/../lib/gcc/arm-none-eabi/9.3.1/../../../../arm-none-eabi/lib/thumb/v7-m/nofp\libg_nano.a(lib_a-memchr-stub.o)
 .ARM.attributes
                0x00000a2d       0x2d c:/tools/gcc-arm-none-eabi-9-2020-q2-update-win32/bin/../lib/gcc/arm-none-eabi/9.3.1/../../../../arm-none-eabi/lib/thumb/v7-m/nofp\libg_nano.a(lib_a-mlock.o)
 .ARM.attributes
                0x00000a5a       0x2d c:/tools/gcc-arm-none-eabi-9-2020-q2-update-win32/bin/../lib/gcc/arm-none-eabi/9.3.1/../../../../arm-none-eabi/lib/thumb/v7-m/nofp\libg_nano.a(lib_a-nano-freer.o)
 .ARM.attributes
                0x00000a87       0x2d c:/tools/gcc-arm-none-eabi-9-2020-q2-update-win32/bin/../lib/gcc/arm-none-eabi/9.3.1/../../../../arm-none-eabi/lib/thumb/v7-m/nofp\libg_nano.a(lib_a-readr.o)
 .ARM.attributes
                0x00000ab4       0x2d c:/tools/gcc-arm-none-eabi-9-2020-q2-update-win32/bin/../lib/gcc/arm-none-eabi/9.3.1/../../../../arm-none-eabi/lib/thumb/v7-m/nofp\libg_nano.a(lib_a-reent.o)
 .ARM.attributes
                0x00000ae1       0x2d c:/tools/gcc-arm-none-eabi-9-2020-q2-update-win32/bin/../lib/gcc/arm-none-eabi/9.3.1/../../../../arm-none-eabi/lib/thumb/v7-m/nofp\libg_nano.a(lib_a-fstatr.o)
 .ARM.attributes
                0x00000b0e       0x2d c:/tools/gcc-arm-none-eabi-9-2020-q2-update-win32/bin/../lib/gcc/arm-none-eabi/9.3.1/../../../../arm-none-eabi/lib/thumb/v7-m/nofp\libg_nano.a(lib_a-isattyr.o)
 .ARM.attributes
                0x00000b3b       0x1d c:/tools/gcc-arm-none-eabi-9-2020-q2-update-win32/bin/../lib/gcc/arm-none-eabi/9.3.1/thumb/v7-m/nofp/crtn.o
OUTPUT(stm32_fw.elf elf32-littlearm)
LOAD linker stubs
LOAD c:/tools/gcc-arm-none-eabi-9-2020-q2-update-win32/bin/../lib/gcc/arm-none-eabi/9.3.1/../../../../arm-none-eabi/lib/thumb/v7-m/nofp\libc.a
LOAD c:/tools/gcc-arm-none-eabi-9-2020-q2-update-win32/bin/../lib/gcc/arm-none-eabi/9.3.1/../../../../arm-none-eabi/lib/thumb/v7-m/nofp\libm.a
LOAD c:/tools/gcc-arm-none-eabi-9-2020-q2-update-win32/bin/../lib/gcc/arm-none-eabi/9.3.1/thumb/v7-m/nofp\libgcc.a

.debug_frame    0x00000000     0x57b0
 .debug_frame   0x00000000       0x2c c:/tools/gcc-arm-none-eabi-9-2020-q2-update-win32/bin/../lib/gcc/arm-none-eabi/9.3.1/../../../../arm-none-eabi/lib/thumb/v7-m/nofp\libc_nano.a(lib_a-init.o)
 .debug_frame   0x0000002c       0x20 c:/tools/gcc-arm-none-eabi-9-2020-q2-update-win32/bin/../lib/gcc/arm-none-eabi/9.3.1/../../../../arm-none-eabi/lib/thumb/v7-m/nofp\libc_nano.a(lib_a-memset.o)
 .debug_frame   0x0000004c       0x34 CMakeFiles/stm32_fw.elf.dir/src/Core/Src/gpio.c.obj
 .debug_frame   0x00000080      0x38c CMakeFiles/stm32_fw.elf.dir/src/Core/Src/main.c.obj
 .debug_frame   0x0000040c       0x78 CMakeFiles/stm32_fw.elf.dir/src/Core/Src/rtc.c.obj
 .debug_frame   0x00000484       0x74 CMakeFiles/stm32_fw.elf.dir/src/Core/Src/spi.c.obj
 .debug_frame   0x000004f8       0x38 CMakeFiles/stm32_fw.elf.dir/src/Core/Src/stm32f1xx_hal_msp.c.obj
 .debug_frame   0x00000530      0x174 CMakeFiles/stm32_fw.elf.dir/src/Core/Src/stm32f1xx_it.c.obj
 .debug_frame   0x000006a4      0x2ac CMakeFiles/stm32_fw.elf.dir/src/Core/Src/syscalls.c.obj
 .debug_frame   0x00000950       0x34 CMakeFiles/stm32_fw.elf.dir/src/Core/Src/sysmem.c.obj
 .debug_frame   0x00000984       0x58 CMakeFiles/stm32_fw.elf.dir/src/Core/Src/system_stm32f1xx.c.obj
 .debug_frame   0x000009dc      0x250 CMakeFiles/stm32_fw.elf.dir/src/Core/Src/tickTimer.c.obj
 .debug_frame   0x00000c2c       0x74 CMakeFiles/stm32_fw.elf.dir/src/Core/Src/usart.c.obj
 .debug_frame   0x00000ca0      0x334 CMakeFiles/stm32_fw.elf.dir/src/Drivers/STM32F1xx_HAL_Driver/Src/stm32f1xx_hal.c.obj
 .debug_frame   0x00000fd4      0x428 CMakeFiles/stm32_fw.elf.dir/src/Drivers/STM32F1xx_HAL_Driver/Src/stm32f1xx_hal_cortex.c.obj
 .debug_frame   0x000013fc      0x20c CMakeFiles/stm32_fw.elf.dir/src/Drivers/STM32F1xx_HAL_Driver/Src/stm32f1xx_hal_dma.c.obj
 .debug_frame   0x00001608      0x14c CMakeFiles/stm32_fw.elf.dir/src/Drivers/STM32F1xx_HAL_Driver/Src/stm32f1xx_hal_gpio.c.obj
 .debug_frame   0x00001754      0x578 CMakeFiles/stm32_fw.elf.dir/src/Drivers/STM32F1xx_HAL_Driver/Src/stm32f1xx_hal_pcd.c.obj
 .debug_frame   0x00001ccc       0xb0 CMakeFiles/stm32_fw.elf.dir/src/Drivers/STM32F1xx_HAL_Driver/Src/stm32f1xx_hal_pcd_ex.c.obj
 .debug_frame   0x00001d7c      0x270 CMakeFiles/stm32_fw.elf.dir/src/Drivers/STM32F1xx_HAL_Driver/Src/stm32f1xx_hal_pwr.c.obj
 .debug_frame   0x00001fec      0x21c CMakeFiles/stm32_fw.elf.dir/src/Drivers/STM32F1xx_HAL_Driver/Src/stm32f1xx_hal_rcc.c.obj
 .debug_frame   0x00002208       0x84 CMakeFiles/stm32_fw.elf.dir/src/Drivers/STM32F1xx_HAL_Driver/Src/stm32f1xx_hal_rcc_ex.c.obj